Archive member included because of file (symbol)

c:/winavr-20100110/bin/../lib/gcc/avr/4.3.3/../../../../avr/lib/avr51\libprintf_flt.a(vfprintf_flt.o)
                              (vfprintf)
c:/winavr-20100110/bin/../lib/gcc/avr/4.3.3/../../../../avr/lib/avr51\libm.a(addsf3.o)
                              ../../../src/drivers/platform/micaZ/source/mda100_driver.o (__subsf3)
c:/winavr-20100110/bin/../lib/gcc/avr/4.3.3/../../../../avr/lib/avr51\libm.a(addsf3x.o)
                              c:/winavr-20100110/bin/../lib/gcc/avr/4.3.3/../../../../avr/lib/avr51\libm.a(addsf3.o) (__addsf3x)
c:/winavr-20100110/bin/../lib/gcc/avr/4.3.3/../../../../avr/lib/avr51\libm.a(divsf3.o)
                              ../../../src/drivers/platform/micaZ/source/adc_driver.o (__divsf3)
c:/winavr-20100110/bin/../lib/gcc/avr/4.3.3/../../../../avr/lib/avr51\libm.a(divsf3x.o)
                              c:/winavr-20100110/bin/../lib/gcc/avr/4.3.3/../../../../avr/lib/avr51\libm.a(divsf3.o) (__divsf3x)
c:/winavr-20100110/bin/../lib/gcc/avr/4.3.3/../../../../avr/lib/avr51\libm.a(fixunssfsi.o)
                              ../../../src/drivers/platform/micaZ/source/TUM_LKN_Sensorboard_driver.o (__fixunssfsi)
c:/winavr-20100110/bin/../lib/gcc/avr/4.3.3/../../../../avr/lib/avr51\libm.a(floatsisf.o)
                              ../../../src/drivers/platform/micaZ/source/adc_driver.o (__floatunsisf)
c:/winavr-20100110/bin/../lib/gcc/avr/4.3.3/../../../../avr/lib/avr51\libm.a(fp_inf.o)
                              c:/winavr-20100110/bin/../lib/gcc/avr/4.3.3/../../../../avr/lib/avr51\libm.a(addsf3x.o) (__fp_inf)
c:/winavr-20100110/bin/../lib/gcc/avr/4.3.3/../../../../avr/lib/avr51\libm.a(fp_nan.o)
                              c:/winavr-20100110/bin/../lib/gcc/avr/4.3.3/../../../../avr/lib/avr51\libm.a(addsf3x.o) (__fp_nan)
c:/winavr-20100110/bin/../lib/gcc/avr/4.3.3/../../../../avr/lib/avr51\libm.a(fp_pscA.o)
                              c:/winavr-20100110/bin/../lib/gcc/avr/4.3.3/../../../../avr/lib/avr51\libm.a(addsf3x.o) (__fp_pscA)
c:/winavr-20100110/bin/../lib/gcc/avr/4.3.3/../../../../avr/lib/avr51\libm.a(fp_pscB.o)
                              c:/winavr-20100110/bin/../lib/gcc/avr/4.3.3/../../../../avr/lib/avr51\libm.a(addsf3x.o) (__fp_pscB)
c:/winavr-20100110/bin/../lib/gcc/avr/4.3.3/../../../../avr/lib/avr51\libm.a(fp_round.o)
                              c:/winavr-20100110/bin/../lib/gcc/avr/4.3.3/../../../../avr/lib/avr51\libm.a(addsf3.o) (__fp_round)
c:/winavr-20100110/bin/../lib/gcc/avr/4.3.3/../../../../avr/lib/avr51\libm.a(fp_split3.o)
                              c:/winavr-20100110/bin/../lib/gcc/avr/4.3.3/../../../../avr/lib/avr51\libm.a(addsf3x.o) (__fp_split3)
c:/winavr-20100110/bin/../lib/gcc/avr/4.3.3/../../../../avr/lib/avr51\libm.a(fp_zero.o)
                              c:/winavr-20100110/bin/../lib/gcc/avr/4.3.3/../../../../avr/lib/avr51\libm.a(addsf3x.o) (__fp_zero)
c:/winavr-20100110/bin/../lib/gcc/avr/4.3.3/../../../../avr/lib/avr51\libm.a(gesf2.o)
                              ../../../src/drivers/platform/micaZ/source/TUM_LKN_Sensorboard_driver.o (__gesf2)
c:/winavr-20100110/bin/../lib/gcc/avr/4.3.3/../../../../avr/lib/avr51\libm.a(log.o)
                              ../../../src/drivers/platform/micaZ/source/mda100_driver.o (log)
c:/winavr-20100110/bin/../lib/gcc/avr/4.3.3/../../../../avr/lib/avr51\libm.a(mulsf3.o)
                              ../../../src/drivers/platform/micaZ/source/mda100_driver.o (__mulsf3)
c:/winavr-20100110/bin/../lib/gcc/avr/4.3.3/../../../../avr/lib/avr51\libm.a(mulsf3x.o)
                              c:/winavr-20100110/bin/../lib/gcc/avr/4.3.3/../../../../avr/lib/avr51\libm.a(log.o) (__mulsf3x)
c:/winavr-20100110/bin/../lib/gcc/avr/4.3.3/../../../../avr/lib/avr51\libm.a(pow.o)
                              ../../../src/drivers/platform/micaZ/source/mda100_driver.o (pow)
c:/winavr-20100110/bin/../lib/gcc/avr/4.3.3/../../../../avr/lib/avr51\libm.a(exp.o)
                              c:/winavr-20100110/bin/../lib/gcc/avr/4.3.3/../../../../avr/lib/avr51\libm.a(pow.o) (exp)
c:/winavr-20100110/bin/../lib/gcc/avr/4.3.3/../../../../avr/lib/avr51\libm.a(fp_cmp.o)
                              c:/winavr-20100110/bin/../lib/gcc/avr/4.3.3/../../../../avr/lib/avr51\libm.a(gesf2.o) (__fp_cmp)
c:/winavr-20100110/bin/../lib/gcc/avr/4.3.3/../../../../avr/lib/avr51\libm.a(fp_mpack.o)
                              c:/winavr-20100110/bin/../lib/gcc/avr/4.3.3/../../../../avr/lib/avr51\libm.a(log.o) (__fp_mpack)
c:/winavr-20100110/bin/../lib/gcc/avr/4.3.3/../../../../avr/lib/avr51\libm.a(fp_powser.o)
                              c:/winavr-20100110/bin/../lib/gcc/avr/4.3.3/../../../../avr/lib/avr51\libm.a(log.o) (__fp_powser)
c:/winavr-20100110/bin/../lib/gcc/avr/4.3.3/../../../../avr/lib/avr51\libm.a(inverse.o)
                              c:/winavr-20100110/bin/../lib/gcc/avr/4.3.3/../../../../avr/lib/avr51\libm.a(exp.o) (inverse)
[...]
Memory Configuration

Name             Origin             Length             Attributes
text             0x00000000         0x00020000         xr
data             0x00800060         0x0000ffa0         rw !x
eeprom           0x00810000         0x00010000         rw !x
fuse             0x00820000         0x00000400         rw !x
lock             0x00830000         0x00000400         rw !x
signature        0x00840000         0x00000400         rw !x
*default*        0x00000000         0xffffffff

Linker script and memory map

Address of section .data set to 0x800100
LOAD c:/winavr-20100110/bin/../lib/gcc/avr/4.3.3/../../../../avr/lib/avr51/crtm128.o
LOAD main.o
LOAD ../../../src/radio/cc2420/source/hal_rf_set_channel.o
LOAD ../../../src/radio/cc2420/source/hal_rf_wait_for_crystal_oscillator.o
LOAD ../../../src/radio/cc2420/source/basic_rf.o
LOAD ../../../src/platform/micaZ/source/ulib.o
LOAD ../../../src/platform/micaZ/source/hal_wait.o
LOAD ../../../src/platform/micaZ/source/nrk_eeprom.o
LOAD ../../../src/kernel/source/nrk.o
LOAD ../../../src/kernel/source/nrk_stats.o
LOAD ../../../src/kernel/source/nrk_error.o
LOAD ../../../src/kernel/source/nrk_stack_check.o
LOAD ../../../src/kernel/source/nrk_events.o
LOAD ../../../src/kernel/source/nrk_task.o
LOAD ../../../src/kernel/source/nrk_time.o
LOAD ../../../src/kernel/source/nrk_idle_task.o
LOAD ../../../src/kernel/source/nrk_scheduler.o
LOAD ../../../src/kernel/source/nrk_driver.o
LOAD ../../../src/kernel/source/nrk_reserve.o
LOAD ../../../src/kernel/source/nrk_sw_wdt.o
LOAD ../../../src/kernel/hal/atmega128/nrk_timer.o
LOAD ../../../src/kernel/hal/atmega128/nrk_status.o
LOAD ../../../src/kernel/hal/atmega128/nrk_ext_int.o
LOAD ../../../src/kernel/hal/atmega128/nrk_watchdog.o
LOAD ../../../src/kernel/hal/atmega128/nrk_cpu.o
LOAD ../../../src/drivers/platform/micaZ/source/ad5242.o
LOAD ../../../src/drivers/platform/micaZ/source/adc_driver.o
LOAD ../../../src/drivers/platform/micaZ/source/i2c_driver.o
LOAD ../../../src/drivers/platform/micaZ/source/mda100_driver.o
LOAD ../../../src/drivers/platform/micaZ/source/mts310cb_driver.o
LOAD ../../../src/drivers/platform/micaZ/source/DS2401.o
LOAD ../../../src/drivers/platform/micaZ/source/DOGM128-6_Graphicdisplay_driver.o
LOAD ../../../src/drivers/platform/micaZ/source/eDIP240-7_TouchPanel_driver.o
LOAD ../../../src/drivers/platform/micaZ/source/TUM_LKN_Sensorboard_driver.o
LOAD ../../../src/kernel/hal/atmega128/atmel_hw_specific.o
LOAD c:/winavr-20100110/bin/../lib/gcc/avr/4.3.3/../../../../avr/lib/avr51\libprintf_flt.a
LOAD c:/winavr-20100110/bin/../lib/gcc/avr/4.3.3/../../../../avr/lib/avr51\libm.a
LOAD c:/winavr-20100110/bin/../lib/gcc/avr/4.3.3/avr51\libgcc.a
LOAD c:/winavr-20100110/bin/../lib/gcc/avr/4.3.3/../../../../avr/lib/avr51\libc.a
LOAD c:/winavr-20100110/bin/../lib/gcc/avr/4.3.3/avr51\libgcc.a

.hash
 *(.hash)

.dynsym
 *(.dynsym)

.dynstr
 *(.dynstr)

.gnu.version
 *(.gnu.version)

.gnu.version_d
 *(.gnu.version_d)

.gnu.version_r
 *(.gnu.version_r)

.rel.init
 *(.rel.init)

.rela.init
 *(.rela.init)

.rel.text
 *(.rel.text)
 *(.rel.text.*)
 *(.rel.gnu.linkonce.t*)

.rela.text
 *(.rela.text)
 *(.rela.text.*)
 *(.rela.gnu.linkonce.t*)

.rel.fini
 *(.rel.fini)

.rela.fini
 *(.rela.fini)

.rel.rodata
 *(.rel.rodata)
 *(.rel.rodata.*)
 *(.rel.gnu.linkonce.r*)

.rela.rodata
 *(.rela.rodata)
 *(.rela.rodata.*)
 *(.rela.gnu.linkonce.r*)

.rel.data
 *(.rel.data)
 *(.rel.data.*)
 *(.rel.gnu.linkonce.d*)

.rela.data
 *(.rela.data)
 *(.rela.data.*)
 *(.rela.gnu.linkonce.d*)

.rel.ctors
 *(.rel.ctors)

.rela.ctors
 *(.rela.ctors)

.rel.dtors
 *(.rel.dtors)

.rela.dtors
 *(.rela.dtors)

.rel.got
 *(.rel.got)

.rela.got
 *(.rela.got)

.rel.bss
 *(.rel.bss)

.rela.bss
 *(.rela.bss)

.rel.plt
 *(.rel.plt)

.rela.plt
 *(.rela.plt)

.text           0x00000000     0x9fa0
 *(.vectors)
 .vectors       0x00000000       0x8c c:/winavr-20100110/bin/../lib/gcc/avr/4.3.3/../../../../avr/lib/avr51/crtm128.o
                0x00000000                __vectors
 *(.vectors)
 *(.progmem.gcc*)
 .progmem.gcc_sw_table
                0x0000008c       0x2c ../../../src/kernel/source/nrk_error.o
 .progmem.gcc_fplib
                0x000000b8       0x5a c:/winavr-20100110/bin/../lib/gcc/avr/4.3.3/../../../../avr/lib/avr51\libm.a(log.o)
 .progmem.gcc_fplib
                0x00000112       0x28 c:/winavr-20100110/bin/../lib/gcc/avr/4.3.3/../../../../avr/lib/avr51\libm.a(exp.o)
 *(.progmem*)
 .progmem.data  0x0000013a       0xed main.o
 .progmem.data  0x00000227       0xec ../../../src/kernel/source/nrk_stats.o
 .progmem.data  0x00000313      0x238 ../../../src/kernel/source/nrk_error.o
 .progmem.data  0x0000054b        0xf ../../../src/kernel/source/nrk_stack_check.o
 .progmem.data  0x0000055a      0x500 ../../../src/drivers/platform/micaZ/source/DOGM128-6_Graphicdisplay_driver.o
                0x0000055a                font5x7
 .progmem.data  0x00000a5a        0x8 c:/winavr-20100110/bin/../lib/gcc/avr/4.3.3/../../../../avr/lib/avr51\libprintf_flt.a(vfprintf_flt.o)
 .progmem.data  0x00000a62       0xfa c:/winavr-20100110/bin/../lib/gcc/avr/4.3.3/../../../../avr/lib/avr51\libc.a(ftoa_engine.o)
                0x00000b5c                . = ALIGN (0x2)
                0x00000b5c                __trampolines_start = .
 *(.trampolines)
 .trampolines   0x00000b5c        0x0 linker stubs
 *(.trampolines*)
                0x00000b5c                __trampolines_end = .
 *(.jumptables)
 *(.jumptables*)
 *(.lowtext)
 *(.lowtext*)
                0x00000b5c                __ctors_start = .
 *(.ctors)
                0x00000b5c                __ctors_end = .
                0x00000b5c                __dtors_start = .
 *(.dtors)
                0x00000b5c                __dtors_end = .
 SORT(*)(.ctors)
 SORT(*)(.dtors)
 *(.init0)
 .init0         0x00000b5c        0x0 c:/winavr-20100110/bin/../lib/gcc/avr/4.3.3/../../../../avr/lib/avr51/crtm128.o
                0x00000b5c                __init
 *(.init0)
 *(.init1)
 *(.init1)
 *(.init2)
 .init2         0x00000b5c        0xc c:/winavr-20100110/bin/../lib/gcc/avr/4.3.3/../../../../avr/lib/avr51/crtm128.o
 *(.init2)
 *(.init3)
 *(.init3)
 *(.init4)
 .init4         0x00000b68       0x1a c:/winavr-20100110/bin/../lib/gcc/avr/4.3.3/../../../../avr/lib/avr51/crtm128.o
                0x00000b68                __do_copy_data
 .init4         0x00000b82       0x10 c:/winavr-20100110/bin/../lib/gcc/avr/4.3.3/avr51\libgcc.a(_clear_bss.o)
                0x00000b82                __do_clear_bss
 *(.init4)
 *(.init5)
 *(.init5)
 *(.init6)
 *(.init6)
 *(.init7)
 *(.init7)
 *(.init8)
 *(.init8)
 *(.init9)
 .init9         0x00000b92        0x8 c:/winavr-20100110/bin/../lib/gcc/avr/4.3.3/../../../../avr/lib/avr51/crtm128.o
 *(.init9)
 *(.text)
 .text          0x00000b9a        0x4 c:/winavr-20100110/bin/../lib/gcc/avr/4.3.3/../../../../avr/lib/avr51/crtm128.o
                0x00000b9a                __vector_22
                0x00000b9a                __vector_28
                0x00000b9a                __vector_32
                0x00000b9a                __vector_34
                0x00000b9a                __vector_24
                0x00000b9a                __vector_12
                0x00000b9a                __bad_interrupt
                0x00000b9a                __vector_6
                0x00000b9a                __vector_31
                0x00000b9a                __vector_3
                0x00000b9a                __vector_23
                0x00000b9a                __vector_30
                0x00000b9a                __vector_25
                0x00000b9a                __vector_11
                0x00000b9a                __vector_13
                0x00000b9a                __vector_17
                0x00000b9a                __vector_19
                0x00000b9a                __vector_7
                0x00000b9a                __vector_27
                0x00000b9a                __vector_5
                0x00000b9a                __vector_33
                0x00000b9a                __vector_4
                0x00000b9a                __vector_2
                0x00000b9a                __vector_21
                0x00000b9a                __vector_29
                0x00000b9a                __vector_8
                0x00000b9a                __vector_26
                0x00000b9a                __vector_14
                0x00000b9a                __vector_10
                0x00000b9a                __vector_18
                0x00000b9a                __vector_20
 .text          0x00000b9e      0x5fe main.o
                0x00000e92                Task4
                0x00000b9e                kill_stack
                0x00000ff2                Task1
                0x00000c76                nrk_create_taskset
                0x000010f6                main
                0x00000f42                Task3
                0x00001084                Task2
 .text          0x0000119c       0x34 ../../../src/radio/cc2420/source/hal_rf_set_channel.o
                0x0000119c                halRfSetChannel
 .text          0x000011d0       0x16 ../../../src/radio/cc2420/source/hal_rf_wait_for_crystal_oscillator.o
                0x000011d0                halRfWaitForCrystalOscillator
 .text          0x000011e6     0x11a0 ../../../src/radio/cc2420/source/basic_rf.o
                0x000021ee                rf_set_channel
                0x000013d0                rf_rx_on
                0x0000136e                rf_auto_ack_enable
                0x000012f0                rf_tx_power
                0x000021bc                rf_set_rx
                0x00001342                rf_addr_decode_disable
                0x000018c6                rf_data_mode
                0x00001440                rf_rx_check_fifop
                0x000019ee                rf_tx_packet
                0x0000195a                rf_set_preamble_length
                0x00001452                rf_rx_check_sfd
                0x00001284                rf_security_enable
                0x00002374                cc259x_rx
                0x0000182c                rf_rx_packet
                0x000019e0                rf_carrier_off
                0x0000142e                rf_busy
                0x00001992                rf_set_cca_mode
                0x00001938                rf_tx_set_serial
                0x000013f4                rf_polling_rx_on
                0x00001464                rf_polling_rx_packet
                0x000019d2                rf_carrier_on
                0x00002362                cc259x_tx
                0x000021a2                rf_power_up
                0x000012e6                rf_get_sem
                0x000011e6                rf_power_down
                0x00001418                rf_rx_off
                0x0000183e                rf_flush_rx_fifo
                0x000021f4                rf_init
                0x00001316                rf_addr_decode_enable
                0x00001ff2                rf_security_set_key
                0x00001ce0                rf_tx_tdma_packet
                0x0000120a                rf_security_set_ctr_counter
                0x00001858                rf_set_cca_thresh
                0x00001f94                rf_addr_decode_set_my_mac
                0x000012c4                rf_security_disable
                0x000013a0                rf_auto_ack_disable
                0x0000190a                rf_rx_set_serial
                0x0000187e                rf_test_mode
                0x00001204                rf_security_last_pkt_status
 .text          0x00002386      0x526 ../../../src/platform/micaZ/source/ulib.o
                0x000023b6                nrk_gpio_set
                0x000026fc                nrk_get_button
                0x00002886                nrk_kprintf
                0x0000238a                nrk_uart_data_ready
                0x000025e0                nrk_gpio_direction
                0x000023ac                getc0
                0x0000279c                nrk_led_set
                0x0000282c                getc1
                0x00002550                nrk_gpio_toggle
                0x00002446                nrk_gpio_clr
                0x000027c6                putc0
                0x00002844                nrk_setup_uart
                0x0000253c                nrk_gpio_pullups
                0x00002802                setup_uart1
                0x00002754                nrk_setup_ports
                0x000027d0                putc1
                0x0000272a                nrk_led_clr
                0x000024d8                nrk_gpio_get
                0x000027ea                setup_uart0
                0x00002700                nrk_led_toggle
                0x00002386                nrk_uart_rx_signal_get
 .text          0x000028ac        0xe ../../../src/platform/micaZ/source/hal_wait.o
                0x000028ac                halWait
 .text          0x000028ba      0x13a ../../../src/platform/micaZ/source/nrk_eeprom.o
                0x00002958                read_eeprom_load_img_pages
                0x000029ee                nrk_eeprom_read_byte
                0x000028ba                write_eeprom_current_image_checksum
                0x000028f8                write_eeprom_load_img_pages
                0x0000298c                read_eeprom_mac_address
                0x00002908                nrk_eeprom_write_byte
                0x000028ca                write_eeprom_aes_key
                0x00002972                read_eeprom_channel
                0x0000292a                read_eeprom_aes_key
                0x00002910                read_eeprom_current_image_checksum
 .text          0x000029f4      0x4b8 ../../../src/kernel/source/nrk.o
                0x00002a00                nrk_version
                0x00002d62                nrk_init
                0x00002a0c                nrk_TCB_init
                0x000029fc                nrk_halt
                0x00002a06                _nrk_timer_tick
                0x000029f8                nrk_int_enable
                0x00002ca4                nrk_start
                0x000029f4                nrk_int_disable
 .text          0x00002eac      0xd0a ../../../src/kernel/source/nrk_stats.o
                0x00002fca                _nrk_stats_task_start
                0x00002eac                nrk_stats_reset
                0x00003b6e                _nrk_stats_sleep
                0x00002f44                _nrk_stats_add_violation
                0x00002f10                nrk_stats_get_deep_sleep
                0x0000308e                _nrk_stats_task_preempted
                0x00003202                _nrk_stats_task_suspend
                0x0000357e                nrk_stats_display_pid
                0x000033f4                nrk_stats_get
                0x00003b52                nrk_stats_display_all
 .text          0x00003bb6      0x482 ../../../src/kernel/source/nrk_error.o
                0x0000401c                nrk_error_add
                0x00003be6                pause
                0x00003fee                nrk_kernel_error_add
                0x00003c10                blink_dot
                0x00003c4c                blink_morse_code_error
                0x00003c2a                blink_dash
                0x00003bce                nrk_error_get
                0x00003ef2                _nrk_log_error
                0x00003bc2                nrk_errno_get
                0x00003bb6                _nrk_errno_set
                0x00003dae                nrk_error_print
 .text          0x00004038      0x25e ../../../src/kernel/source/nrk_stack_check.o
                0x0000409c                dump_stack_info
                0x00004038                nrk_stack_check_pid
                0x00004250                nrk_stack_check
 .text          0x00004296      0x5f0 ../../../src/kernel/source/nrk_events.o
                0x00004648                nrk_signal_delete
                0x0000456e                nrk_event_signal
                0x000044c6                nrk_sem_post
                0x0000440a                nrk_sem_create
                0x0000480c                nrk_event_wait
                0x0000441e                system_ceiling
                0x00004494                nrk_sem_query
                0x00004296                nrk_signal_create
                0x0000439c                nrk_signal_register
                0x00004760                nrk_sem_pend
                0x00004450                nrk_sem_delete
                0x00004308                nrk_signal_get_registered_mask
                0x00004410                nrk_get_resource_index
                0x0000431a                nrk_signal_unregister
 .text          0x00004886      0x75e ../../../src/kernel/source/nrk_task.o
                0x00004972                _nrk_wait_for_scheduler
                0x00004966                nrk_get_pid
                0x00004cb6                nrk_wait_until_next_period
                0x00004be6                nrk_wait_ticks
                0x00004a32                nrk_wait_until
                0x00004b26                nrk_set_next_wakeup
                0x00004d36                nrk_add_to_readyQ
                0x00004ada                nrk_wait_until_nw
                0x00004892                nrk_print_readyQ
                0x00004f34                nrk_activate_task
                0x00004b92                nrk_wait_until_ticks
                0x00004986                nrk_wait
                0x00004d14                nrk_terminate_task
                0x00004886                nrk_get_high_ready_task_ID
                0x00004c52                nrk_wait_until_next_n_periods
                0x000048a8                nrk_rem_from_readyQ
 .text          0x00004fe4      0x5f2 ../../../src/kernel/source/nrk_time.o
                0x00005232                nrk_time_set
                0x00005518                nrk_time_get
                0x00005254                _nrk_time_to_ticks
                0x000053f8                _nrk_time_to_ticks_long
                0x000051ee                nrk_time_compact_nanos
                0x000050fc                nrk_time_add
                0x00004fe4                nrk_time_sub
                0x00005384                _nrk_ticks_to_time
 .text          0x000055d6       0x4c ../../../src/kernel/source/nrk_idle_task.o
                0x000055d6                nrk_idle_task
 .text          0x00005622      0x522 ../../../src/kernel/source/nrk_scheduler.o
                0x00005622                _nrk_scheduler
 .text          0x00005b44        0x0 ../../../src/kernel/source/nrk_driver.o
 .text          0x00005b44        0x0 ../../../src/kernel/source/nrk_reserve.o
 .text          0x00005b44      0x2e2 ../../../src/kernel/source/nrk_sw_wdt.o
                0x00005bd0                nrk_sw_wdt_start
                0x00005c6a                nrk_sw_wdt_update
                0x00005d2e                _nrk_sw_wdt_check
                0x00005b52                nrk_sw_wdt_init
                0x00005b44                _nrk_sw_wdt_init
                0x00005ba8                nrk_sw_wdt_stop
 .text          0x00005e26      0x2fc ../../../src/kernel/hal/atmega128/nrk_timer.o
                0x00005e8a                nrk_high_speed_timer_wait
                0x00005fd4                nrk_timer_int_reset
                0x00005f3e                _nrk_os_timer_reset
                0x00005f5c                _nrk_os_timer_get
                0x00005fc6                nrk_timer_int_stop
                0x00005e26                nrk_spin_wait_us
                0x00005e7e                _nrk_high_speed_timer_reset
                0x00005e34                _nrk_setup_timer
                0x000060ce                __vector_default
                0x00005f56                _nrk_set_next_wakeup
                0x00005fe2                nrk_timer_int_read
                0x00005e74                _nrk_high_speed_timer_stop
                0x00005e78                _nrk_high_speed_timer_start
                0x0000606a                __vector_9
                0x00005ff6                nrk_timer_int_start
                0x00005f60                __vector_15
                0x00006008                nrk_timer_int_configure
                0x00005f1e                _nrk_os_timer_set
                0x00005efc                _nrk_high_speed_timer_get
                0x00005f22                _nrk_os_timer_stop
                0x00005f60                __vector_16
                0x00005f32                _nrk_os_timer_start
                0x00005f50                _nrk_get_next_wakeup
 .text          0x00006122       0x48 ../../../src/kernel/hal/atmega128/nrk_status.o
                0x00006122                _nrk_startup_error
 .text          0x0000616a       0x60 ../../../src/kernel/hal/atmega128/nrk_ext_int.o
                0x0000616a                nrk_ext_int_enable
                0x00006176                __vector_1
                0x00006172                nrk_ext_int_configure
                0x0000616e                nrk_ext_int_disable
 .text          0x000061ca       0x48 ../../../src/kernel/hal/atmega128/nrk_watchdog.o
                0x000061f8                nrk_watchdog_disable
                0x000061dc                nrk_watchdog_enable
                0x000061ca                nrk_watchdog_check
                0x000061d8                nrk_watchdog_reset
 .text          0x00006212      0x100 ../../../src/kernel/hal/atmega128/nrk_cpu.o
                0x000062ae                nrk_stack_pointer_init
                0x000062d6                nrk_task_set_stk
                0x00006234                nrk_idle
                0x00006212                nrk_battery_save
                0x00006214                nrk_task_set_entry_function
                0x000062cc                nrk_target_start
                0x000062a0                nrk_stack_pointer_restore
                0x0000624a                nrk_task_stk_init
                0x0000621c                nrk_sleep
 .text          0x00006312       0x34 ../../../src/drivers/platform/micaZ/source/ad5242.o
                0x00006340                ad5242_init
                0x00006312                ad5242_set
 .text          0x00006346       0x6c ../../../src/drivers/platform/micaZ/source/adc_driver.o
                0x00006376                adc_GetChannel
                0x0000638e                adc_GetBatteryVoltage
                0x00006372                adc_Powersave
                0x00006346                adc_init
 .text          0x000063b2      0x100 ../../../src/drivers/platform/micaZ/source/i2c_driver.o
                0x0000645a                i2c_receive
                0x000063d2                i2c_actionStart
                0x000063de                i2c_start
                0x00006488                i2c_controlByte_RX
                0x00006406                i2c_stop
                0x0000649e                i2c_controlByte_TX
                0x000063b2                i2c_init
                0x000063c8                i2c_waitForInterruptFlag
                0x00006424                i2c_send
 .text          0x000064b2      0x16e ../../../src/drivers/platform/micaZ/source/mda100_driver.o
                0x000064fe                mda100_TemperatureSensor_GetKelvin
                0x000065f4                mda100_LightSensor_GetCounts
                0x000064b2                mda100_init
                0x000064e4                mda100_TemperatureSensor_GetCounts
                0x000065bc                mda100_TemperatureSensor_GetDegreeCelsius
                0x000065ce                mda100_LightSensor_Power
                0x000064be                mda100_TemperatureSensor_Power
                0x0000660e                mda100_Powersave
 .text          0x00006620      0x1fe ../../../src/drivers/platform/micaZ/source/mts310cb_driver.o
                0x00006680                mts310cb_Microphone_GetCounts
                0x000066f2                mts310cb_Magnetometer_x_SetOffset
                0x000066b6                mts310cb_Microphone_SetGain
                0x0000674c                mts310cb_TemperatureSensor_Power
                0x000067b6                mts310cb_TemperatureSensor_GetCounts
                0x00006644                mts310cb_Magnetometer_x_GetCounts
                0x0000672e                mts310cb_Sounder_Power
                0x000066d4                mts310cb_Magnetometer_y_SetOffset
                0x0000680c                mts310cb_Powersave
                0x00006694                mts310cb_Microphone_SetMode
                0x00006774                mts310cb_LightSensor_Power
                0x00006620                mts310cb_init
                0x0000666c                mts310cb_Accelerometer_x_GetCounts
                0x0000679c                mts310cb_LightSensor_GetCounts
                0x00006630                mts310cb_Magnetometer_y_GetCounts
                0x000067d0                mts310cb_Magnetometer_Power
                0x000067ee                mts310cb_Accelerometer_Power
                0x00006710                mts310cb_Microphone_Power
                0x00006658                mts310cb_Accelerometer_y_GetCounts
 .text          0x0000681e      0x1be ../../../src/drivers/platform/micaZ/source/DS2401.o
                0x0000692e                DS2401_init
                0x00006926                Maxim_1Wire_CommandReadRom
                0x000068b8                Maxim_1Wire_WriteByte
                0x0000681e                Maxim_1Wire_ResetPulse
                0x00006940                DS2401_getSerialNumber
                0x0000685e                Maxim_1Wire_WriteBit
                0x0000688a                Maxim_1Wire_ReadBit
                0x000068f4                Maxim_1Wire_ReadByte
 .text          0x000069dc      0x20a ../../../src/drivers/platform/micaZ/source/DOGM128-6_Graphicdisplay_driver.o
                0x00006ab6                DOGM128_6_display_init
                0x00006b5c                DOGM128_6_display_backlight
                0x00006b68                DOGM128_6_LCD_print
                0x000069dc                DOGM128_6_usart1_sendByte
                0x00006a54                DOGM128_6_clear_display
 .text          0x00006be6      0x828 ../../../src/drivers/platform/micaZ/source/eDIP240-7_TouchPanel_driver.o
                0x000073e6                eDIP240_7_Display_send_string_with_NULL
                0x00006eaa                eDIP240_7_Display_get_protocoll_info
                0x00006daa                eDIP240_7_Display_repeat_last_packet
                0x000070b6                eDIP240_7_Display_request_buffer_info
                0x000071e2                eDIP240_7_Display_get_buffer
                0x00006be6                USART0_getchar
                0x00006ce2                eDIP240_7_Display_select
                0x00006c0a                USART0_putchar
                0x00006c1a                eDIP240_7_Display_deselect
                0x000073f8                eDIP240_7_Display_send_string
                0x0000730a                eDIP240_7_Display_send_packet
                0x00006fe6                eDIP240_7_Display_set_protocol
 .text          0x0000740e      0x772 ../../../src/drivers/platform/micaZ/source/TUM_LKN_Sensorboard_driver.o
                0x000078f2                TUM_LKN_Sensorboard_yellowOff
                0x0000790e                TUM_LKN_Sensorboard_redBlink
                0x000078b0                TUM_LKN_Sensorboard_greenOn
                0x00007944                TUM_LKN_Sensorboard_redOn
                0x00007714                TWI_write
                0x00007586                TUM_LKN_Sensorboard_getCurrentStep
                0x0000798e                TUM_LKN_Sensorboard_laserOn
                0x00007a0e                writeDAC
                0x00007468                S2V
                0x000075f2                TUM_LKN_Sensorboard_setControl1
                0x0000743c                getLedMode
                0x0000740e                setLedMode
                0x000074c2                setBits
                0x00007af6                TUM_LKN_Sensorboard_stepCCW
                0x00007b72                TUM_LKN_Sensorboard_init
                0x000078be                TUM_LKN_Sensorboard_yellowBlink
                0x0000787e                TUM_LKN_Sensorboard_greenToggle
                0x00007778                TWI_read
                0x0000758c                TUM_LKN_Sensorboard_setControl0
                0x0000786c                TUM_LKN_Sensorboard_greenBlink
                0x00007b1e                TUM_LKN_Sensorboard_StepperIdle
                0x000074ca                prescalerSec2Hex
                0x00007498                V2S
                0x00007920                TUM_LKN_Sensorboard_redToggle
                0x00007a3e                readIOs
                0x0000799c                readADC
                0x00007936                TUM_LKN_Sensorboard_redOff
                0x00007a7e                TUM_LKN_Sensorboard_halfStepCW
                0x0000752e                pwmFrac2Hex
                0x00007b42                TUM_LKN_Sensorboard_writeIO
                0x00007952                TUM_LKN_Sensorboard_laserBlink
                0x000079ee                TUM_LKN_Sensorboard_readChannel3
                0x00007a06                TUM_LKN_Sensorboard_readPhotoVoltage
                0x000078a2                TUM_LKN_Sensorboard_greenOff
                0x000079fe                TUM_LKN_Sensorboard_readChannel1
                0x00007980                TUM_LKN_Sensorboard_laserOff
                0x00007a34                TUM_LKN_Sensorboard_writeValue
                0x00007b2a                TUM_LKN_Sensorboard_setBeeper
                0x00007aa6                TUM_LKN_Sensorboard_halfStepCCW
                0x00007900                TUM_LKN_Sensorboard_yellowOn
                0x00007b6c                TUM_LKN_Sensorboard_writeIOs
                0x00007658                TUM_LKN_Sensorboard_setBrightness0
                0x00007964                TUM_LKN_Sensorboard_laserToggle
                0x00007ace                TUM_LKN_Sensorboard_stepCW
                0x000079e8                TUM_LKN_Sensorboard_readChannel
                0x00007a5a                writeIOs
                0x000076b6                TUM_LKN_Sensorboard_setBrightness1
                0x000079f6                TUM_LKN_Sensorboard_readChannel2
                0x00007822                setLeds
                0x000077f6                i2cAction
                0x000078d0                TUM_LKN_Sensorboard_yellowToggle
 .text          0x00007b80       0x56 ../../../src/kernel/hal/atmega128/atmel_hw_specific.o
                0x00007b80                nrk_start_high_ready_task
 .text          0x00007bd6        0x0 c:/winavr-20100110/bin/../lib/gcc/avr/4.3.3/../../../../avr/lib/avr51\libprintf_flt.a(vfprintf_flt.o)
 .text          0x00007bd6        0x0 c:/winavr-20100110/bin/../lib/gcc/avr/4.3.3/../../../../avr/lib/avr51\libm.a(addsf3.o)
 .text          0x00007bd6        0x0 c:/winavr-20100110/bin/../lib/gcc/avr/4.3.3/../../../../avr/lib/avr51\libm.a(addsf3x.o)
 .text          0x00007bd6        0x0 c:/winavr-20100110/bin/../lib/gcc/avr/4.3.3/../../../../avr/lib/avr51\libm.a(divsf3.o)
 .text          0x00007bd6        0x0 c:/winavr-20100110/bin/../lib/gcc/avr/4.3.3/../../../../avr/lib/avr51\libm.a(divsf3x.o)
 .text          0x00007bd6        0x0 c:/winavr-20100110/bin/../lib/gcc/avr/4.3.3/../../../../avr/lib/avr51\libm.a(fixunssfsi.o)
 .text          0x00007bd6        0x0 c:/winavr-20100110/bin/../lib/gcc/avr/4.3.3/../../../../avr/lib/avr51\libm.a(floatsisf.o)
 .text          0x00007bd6        0x0 c:/winavr-20100110/bin/../lib/gcc/avr/4.3.3/../../../../avr/lib/avr51\libm.a(fp_inf.o)
 .text          0x00007bd6        0x0 c:/winavr-20100110/bin/../lib/gcc/avr/4.3.3/../../../../avr/lib/avr51\libm.a(fp_nan.o)
 .text          0x00007bd6        0x0 c:/winavr-20100110/bin/../lib/gcc/avr/4.3.3/../../../../avr/lib/avr51\libm.a(fp_pscA.o)
 .text          0x00007bd6        0x0 c:/winavr-20100110/bin/../lib/gcc/avr/4.3.3/../../../../avr/lib/avr51\libm.a(fp_pscB.o)
 .text          0x00007bd6        0x0 c:/winavr-20100110/bin/../lib/gcc/avr/4.3.3/../../../../avr/lib/avr51\libm.a(fp_round.o)
 .text          0x00007bd6        0x0 c:/winavr-20100110/bin/../lib/gcc/avr/4.3.3/../../../../avr/lib/avr51\libm.a(fp_split3.o)
 .text          0x00007bd6        0x0 c:/winavr-20100110/bin/../lib/gcc/avr/4.3.3/../../../../avr/lib/avr51\libm.a(fp_zero.o)
 .text          0x00007bd6        0x0 c:/winavr-20100110/bin/../lib/gcc/avr/4.3.3/../../../../avr/lib/avr51\libm.a(gesf2.o)
 .text          0x00007bd6        0x0 c:/winavr-20100110/bin/../lib/gcc/avr/4.3.3/../../../../avr/lib/avr51\libm.a(log.o)
 .text          0x00007bd6        0x0 c:/winavr-20100110/bin/../lib/gcc/avr/4.3.3/../../../../avr/lib/avr51\libm.a(mulsf3.o)
 .text          0x00007bd6        0x0 c:/winavr-20100110/bin/../lib/gcc/avr/4.3.3/../../../../avr/lib/avr51\libm.a(mulsf3x.o)
 .text          0x00007bd6        0x0 c:/winavr-20100110/bin/../lib/gcc/avr/4.3.3/../../../../avr/lib/avr51\libm.a(pow.o)
 .text          0x00007bd6        0x0 c:/winavr-20100110/bin/../lib/gcc/avr/4.3.3/../../../../avr/lib/avr51\libm.a(exp.o)
 .text          0x00007bd6        0x0 c:/winavr-20100110/bin/../lib/gcc/avr/4.3.3/../../../../avr/lib/avr51\libm.a(fp_cmp.o)
 .text          0x00007bd6        0x0 c:/winavr-20100110/bin/../lib/gcc/avr/4.3.3/../../../../avr/lib/avr51\libm.a(fp_mpack.o)
 .text          0x00007bd6        0x0 c:/winavr-20100110/bin/../lib/gcc/avr/4.3.3/../../../../avr/lib/avr51\libm.a(fp_powser.o)
 .text          0x00007bd6        0x0 c:/winavr-20100110/bin/../lib/gcc/avr/4.3.3/../../../../avr/lib/avr51\libm.a(inverse.o)
 .text          0x00007bd6        0x0 c:/winavr-20100110/bin/../lib/gcc/avr/4.3.3/../../../../avr/lib/avr51\libm.a(ldexp.o)
 .text          0x00007bd6        0x0 c:/winavr-20100110/bin/../lib/gcc/avr/4.3.3/../../../../avr/lib/avr51\libm.a(modf.o)
 .text          0x00007bd6        0x0 c:/winavr-20100110/bin/../lib/gcc/avr/4.3.3/avr51\libgcc.a(_mulsi3.o)
 .text          0x00007bd6        0x0 c:/winavr-20100110/bin/../lib/gcc/avr/4.3.3/avr51\libgcc.a(_udivmodhi4.o)
 .text          0x00007bd6        0x0 c:/winavr-20100110/bin/../lib/gcc/avr/4.3.3/avr51\libgcc.a(_udivmodsi4.o)
 .text          0x00007bd6        0x0 c:/winavr-20100110/bin/../lib/gcc/avr/4.3.3/avr51\libgcc.a(_exit.o)
 .text          0x00007bd6        0x0 c:/winavr-20100110/bin/../lib/gcc/avr/4.3.3/avr51\libgcc.a(_clear_bss.o)
 .text          0x00007bd6      0xcea c:/winavr-20100110/bin/../lib/gcc/avr/4.3.3/avr51\libgcc.a(_udivdi3.o)
                0x00007bd6                __udivdi3
 .text          0x000088c0        0x0 c:/winavr-20100110/bin/../lib/gcc/avr/4.3.3/avr51\libgcc.a(_prologue.o)
 .text          0x000088c0        0x0 c:/winavr-20100110/bin/../lib/gcc/avr/4.3.3/avr51\libgcc.a(_epilogue.o)
 .text          0x000088c0        0x0 c:/winavr-20100110/bin/../lib/gcc/avr/4.3.3/avr51\libgcc.a(_clz.o)
 .text          0x000088c0        0x0 c:/winavr-20100110/bin/../lib/gcc/avr/4.3.3/../../../../avr/lib/avr51\libc.a(ftoa_engine.o)
 .text          0x000088c0        0x0 c:/winavr-20100110/bin/../lib/gcc/avr/4.3.3/../../../../avr/lib/avr51\libc.a(strnlen_P.o)
 .text          0x000088c0        0x0 c:/winavr-20100110/bin/../lib/gcc/avr/4.3.3/../../../../avr/lib/avr51\libc.a(strnlen.o)
 .text          0x000088c0        0x0 c:/winavr-20100110/bin/../lib/gcc/avr/4.3.3/../../../../avr/lib/avr51\libc.a(fdevopen.o)
 .text          0x000088c0        0x0 c:/winavr-20100110/bin/../lib/gcc/avr/4.3.3/../../../../avr/lib/avr51\libc.a(fgetc.o)
 .text          0x000088c0        0x0 c:/winavr-20100110/bin/../lib/gcc/avr/4.3.3/../../../../avr/lib/avr51\libc.a(fputc.o)
 .text          0x000088c0        0x0 c:/winavr-20100110/bin/../lib/gcc/avr/4.3.3/../../../../avr/lib/avr51\libc.a(iob.o)
 .text          0x000088c0        0x0 c:/winavr-20100110/bin/../lib/gcc/avr/4.3.3/../../../../avr/lib/avr51\libc.a(printf.o)
 .text          0x000088c0        0x0 c:/winavr-20100110/bin/../lib/gcc/avr/4.3.3/../../../../avr/lib/avr51\libc.a(puts.o)
 .text          0x000088c0        0x0 c:/winavr-20100110/bin/../lib/gcc/avr/4.3.3/../../../../avr/lib/avr51\libc.a(sprintf.o)
 .text          0x000088c0        0x0 c:/winavr-20100110/bin/../lib/gcc/avr/4.3.3/../../../../avr/lib/avr51\libc.a(ultoa_invert.o)
 .text          0x000088c0        0x0 c:/winavr-20100110/bin/../lib/gcc/avr/4.3.3/../../../../avr/lib/avr51\libc.a(eerd_byte_atmega128.o)
 .text          0x000088c0        0x0 c:/winavr-20100110/bin/../lib/gcc/avr/4.3.3/../../../../avr/lib/avr51\libc.a(eewr_byte_atmega128.o)
 .text          0x000088c0        0x0 c:/winavr-20100110/bin/../lib/gcc/avr/4.3.3/../../../../avr/lib/avr51\libc.a(calloc.o)
 .text          0x000088c0        0x0 c:/winavr-20100110/bin/../lib/gcc/avr/4.3.3/../../../../avr/lib/avr51\libc.a(malloc.o)
 .text          0x000088c0        0x0 c:/winavr-20100110/bin/../lib/gcc/avr/4.3.3/../../../../avr/lib/avr51\libc.a(memset.o)
                0x000088c0                . = ALIGN (0x2)
 *(.text.*)
 .text.avr-libc
                0x000088c0      0x760 c:/winavr-20100110/bin/../lib/gcc/avr/4.3.3/../../../../avr/lib/avr51\libprintf_flt.a(vfprintf_flt.o)
                0x000088c0                vfprintf
 .text.avr-libc.fplib
                0x00009020        0xa c:/winavr-20100110/bin/../lib/gcc/avr/4.3.3/../../../../avr/lib/avr51\libm.a(addsf3.o)
                0x00009020                __subsf3
                0x00009022                __addsf3
 .text.avr-libc.fplib
                0x0000902a       0xc0 c:/winavr-20100110/bin/../lib/gcc/avr/4.3.3/../../../../avr/lib/avr51\libm.a(addsf3x.o)
                0x00009044                __addsf3x
 .text.avr-libc.fplib
                0x000090ea        0x4 c:/winavr-20100110/bin/../lib/gcc/avr/4.3.3/../../../../avr/lib/avr51\libm.a(divsf3.o)
                0x000090ea                __divsf3
 .text.avr-libc.fplib
                0x000090ee       0xcc c:/winavr-20100110/bin/../lib/gcc/avr/4.3.3/../../../../avr/lib/avr51\libm.a(divsf3x.o)
                0x00009104                __divsf3x
                0x00009108                __divsf3_pse
 .text.avr-libc.fplib
                0x000091ba       0x58 c:/winavr-20100110/bin/../lib/gcc/avr/4.3.3/../../../../avr/lib/avr51\libm.a(fixunssfsi.o)
                0x000091ba                __fixunssfsi
 .text.avr-libc.fplib
                0x00009212       0x7a c:/winavr-20100110/bin/../lib/gcc/avr/4.3.3/../../../../avr/lib/avr51\libm.a(floatsisf.o)
                0x00009216                __floatsisf
                0x00009212                __floatunsisf
 .text.avr-libc.fplib
                0x0000928c        0xc c:/winavr-20100110/bin/../lib/gcc/avr/4.3.3/../../../../avr/lib/avr51\libm.a(fp_inf.o)
                0x0000928c                __fp_inf
 .text.avr-libc.fplib
                0x00009298        0x6 c:/winavr-20100110/bin/../lib/gcc/avr/4.3.3/../../../../avr/lib/avr51\libm.a(fp_nan.o)
                0x00009298                __fp_nan
 .text.avr-libc.fplib
                0x0000929e        0xe c:/winavr-20100110/bin/../lib/gcc/avr/4.3.3/../../../../avr/lib/avr51\libm.a(fp_pscA.o)
                0x0000929e                __fp_pscA
 .text.avr-libc.fplib
                0x000092ac        0xe c:/winavr-20100110/bin/../lib/gcc/avr/4.3.3/../../../../avr/lib/avr51\libm.a(fp_pscB.o)
                0x000092ac                __fp_pscB
 .text.avr-libc.fplib
                0x000092ba       0x22 c:/winavr-20100110/bin/../lib/gcc/avr/4.3.3/../../../../avr/lib/avr51\libm.a(fp_round.o)
                0x000092ba                __fp_round
 .text.avr-libc.fplib
                0x000092dc       0x44 c:/winavr-20100110/bin/../lib/gcc/avr/4.3.3/../../../../avr/lib/avr51\libm.a(fp_split3.o)
                0x000092dc                __fp_split3
                0x000092ec                __fp_splitA
 .text.avr-libc.fplib
                0x00009320        0xe c:/winavr-20100110/bin/../lib/gcc/avr/4.3.3/../../../../avr/lib/avr51\libm.a(fp_zero.o)
                0x00009320                __fp_zero
                0x00009322                __fp_szero
 .text.avr-libc.fplib
                0x0000932e        0x8 c:/winavr-20100110/bin/../lib/gcc/avr/4.3.3/../../../../avr/lib/avr51\libm.a(gesf2.o)
                0x0000932e                __gtsf2
                0x0000932e                __gesf2
 .text.avr-libc.fplib
                0x00009336       0x8a c:/winavr-20100110/bin/../lib/gcc/avr/4.3.3/../../../../avr/lib/avr51\libm.a(log.o)
                0x00009340                log
 .text.avr-libc.fplib
                0x000093c0        0x4 c:/winavr-20100110/bin/../lib/gcc/avr/4.3.3/../../../../avr/lib/avr51\libm.a(mulsf3.o)
                0x000093c0                __mulsf3
 .text.avr-libc.fplib
                0x000093c4       0xc2 c:/winavr-20100110/bin/../lib/gcc/avr/4.3.3/../../../../avr/lib/avr51\libm.a(mulsf3x.o)
                0x000093dc                __mulsf3_pse
                0x000093d8                __mulsf3x
 .text.avr-libc.fplib
                0x00009486       0x98 c:/winavr-20100110/bin/../lib/gcc/avr/4.3.3/../../../../avr/lib/avr51\libm.a(pow.o)
                0x00009486                pow
 .text.avr-libc.fplib
                0x0000951e       0x62 c:/winavr-20100110/bin/../lib/gcc/avr/4.3.3/../../../../avr/lib/avr51\libm.a(exp.o)
                0x00009528                exp
 .text.avr-libc.fplib
                0x00009580       0x48 c:/winavr-20100110/bin/../lib/gcc/avr/4.3.3/../../../../avr/lib/avr51\libm.a(fp_cmp.o)
                0x00009580                __fp_cmp
 .text.avr-libc.fplib
                0x000095c8       0x1c c:/winavr-20100110/bin/../lib/gcc/avr/4.3.3/../../../../avr/lib/avr51\libm.a(fp_mpack.o)
                0x000095cc                __fp_mpack_finite
                0x000095c8                __fp_mpack
 .text.avr-libc.fplib
                0x000095e4       0x4a c:/winavr-20100110/bin/../lib/gcc/avr/4.3.3/../../../../avr/lib/avr51\libm.a(fp_powser.o)
                0x000095e4                __fp_powser
 .text.avr-libc.fplib
                0x0000962e        0xe c:/winavr-20100110/bin/../lib/gcc/avr/4.3.3/../../../../avr/lib/avr51\libm.a(inverse.o)
                0x0000962e                inverse
 .text.avr-libc.fplib
                0x0000963c       0x6c c:/winavr-20100110/bin/../lib/gcc/avr/4.3.3/../../../../avr/lib/avr51\libm.a(ldexp.o)
                0x00009640                ldexp
 .text.avr-libc.fplib
                0x000096a8       0x66 c:/winavr-20100110/bin/../lib/gcc/avr/4.3.3/../../../../avr/lib/avr51\libm.a(modf.o)
                0x000096a8                modff
                0x000096a8                modf
 .text.libgcc   0x0000970e       0x3e c:/winavr-20100110/bin/../lib/gcc/avr/4.3.3/avr51\libgcc.a(_mulsi3.o)
                0x0000970e                __mulsi3
 .text.libgcc   0x0000974c       0x28 c:/winavr-20100110/bin/../lib/gcc/avr/4.3.3/avr51\libgcc.a(_udivmodhi4.o)
                0x0000974c                __udivmodhi4
 .text.libgcc   0x00009774       0x44 c:/winavr-20100110/bin/../lib/gcc/avr/4.3.3/avr51\libgcc.a(_udivmodsi4.o)
                0x00009774                __udivmodsi4
 .text.libgcc   0x000097b8        0x0 c:/winavr-20100110/bin/../lib/gcc/avr/4.3.3/avr51\libgcc.a(_exit.o)
 .text.libgcc   0x000097b8        0x0 c:/winavr-20100110/bin/../lib/gcc/avr/4.3.3/avr51\libgcc.a(_clear_bss.o)
 .text.libgcc   0x000097b8       0x38 c:/winavr-20100110/bin/../lib/gcc/avr/4.3.3/avr51\libgcc.a(_prologue.o)
                0x000097b8                __prologue_saves__
 .text.libgcc   0x000097f0       0x36 c:/winavr-20100110/bin/../lib/gcc/avr/4.3.3/avr51\libgcc.a(_epilogue.o)
                0x000097f0                __epilogue_restores__
 .text.avr-libc
                0x00009826      0x1b0 c:/winavr-20100110/bin/../lib/gcc/avr/4.3.3/../../../../avr/lib/avr51\libc.a(ftoa_engine.o)
                0x00009826                __ftoa_engine
 .text.avr-libc
                0x000099d6       0x16 c:/winavr-20100110/bin/../lib/gcc/avr/4.3.3/../../../../avr/lib/avr51\libc.a(strnlen_P.o)
                0x000099d6                strnlen_P
 .text.avr-libc
                0x000099ec       0x16 c:/winavr-20100110/bin/../lib/gcc/avr/4.3.3/../../../../avr/lib/avr51\libc.a(strnlen.o)
                0x000099ec                strnlen
 .text.avr-libc
                0x00009a02       0x98 c:/winavr-20100110/bin/../lib/gcc/avr/4.3.3/../../../../avr/lib/avr51\libc.a(fdevopen.o)
                0x00009a02                fdevopen
 .text.avr-libc
                0x00009a9a       0x84 c:/winavr-20100110/bin/../lib/gcc/avr/4.3.3/../../../../avr/lib/avr51\libc.a(fgetc.o)
                0x00009a9a                fgetc
 .text.avr-libc
                0x00009b1e       0x58 c:/winavr-20100110/bin/../lib/gcc/avr/4.3.3/../../../../avr/lib/avr51\libc.a(fputc.o)
                0x00009b1e                fputc
 .text.avr-libc
                0x00009b76       0x24 c:/winavr-20100110/bin/../lib/gcc/avr/4.3.3/../../../../avr/lib/avr51\libc.a(printf.o)
                0x00009b76                printf
 .text.avr-libc
                0x00009b9a       0x6a c:/winavr-20100110/bin/../lib/gcc/avr/4.3.3/../../../../avr/lib/avr51\libc.a(puts.o)
                0x00009b9a                puts
 .text.avr-libc
                0x00009c04       0x62 c:/winavr-20100110/bin/../lib/gcc/avr/4.3.3/../../../../avr/lib/avr51\libc.a(sprintf.o)
                0x00009c04                sprintf
 .text.avr-libc
                0x00009c66       0xbc c:/winavr-20100110/bin/../lib/gcc/avr/4.3.3/../../../../avr/lib/avr51\libc.a(ultoa_invert.o)
                0x00009c66                __ultoa_invert
 .text.avr-libc
                0x00009d22       0x10 c:/winavr-20100110/bin/../lib/gcc/avr/4.3.3/../../../../avr/lib/avr51\libc.a(eerd_byte_atmega128.o)
                0x00009d22                __eerd_byte_m128
 .text.avr-libc
                0x00009d32       0x1a c:/winavr-20100110/bin/../lib/gcc/avr/4.3.3/../../../../avr/lib/avr51\libc.a(eewr_byte_atmega128.o)
                0x00009d34                __eewr_r18_m128
                0x00009d32                __eewr_byte_m128
 .text.avr-libc
                0x00009d4c       0x38 c:/winavr-20100110/bin/../lib/gcc/avr/4.3.3/../../../../avr/lib/avr51\libc.a(calloc.o)
                0x00009d4c                calloc
 .text.avr-libc
                0x00009d84      0x20a c:/winavr-20100110/bin/../lib/gcc/avr/4.3.3/../../../../avr/lib/avr51\libc.a(malloc.o)
                0x00009d84                malloc
                0x00009ede                free
 .text.avr-libc
                0x00009f8e        0xe c:/winavr-20100110/bin/../lib/gcc/avr/4.3.3/../../../../avr/lib/avr51\libc.a(memset.o)
                0x00009f8e                memset
                0x00009f9c                . = ALIGN (0x2)
 *(.fini9)
 .fini9         0x00009f9c        0x0 c:/winavr-20100110/bin/../lib/gcc/avr/4.3.3/avr51\libgcc.a(_exit.o)
                0x00009f9c                exit
                0x00009f9c                _exit
 *(.fini9)
 *(.fini8)
 *(.fini8)
 *(.fini7)
 *(.fini7)
 *(.fini6)
 *(.fini6)
 *(.fini5)
 *(.fini5)
 *(.fini4)
 *(.fini4)
 *(.fini3)
 *(.fini3)
 *(.fini2)
 *(.fini2)
 *(.fini1)
 *(.fini1)
 *(.fini0)
 .fini0         0x00009f9c        0x4 c:/winavr-20100110/bin/../lib/gcc/avr/4.3.3/avr51\libgcc.a(_exit.o)
 *(.fini0)
                0x00009fa0                _etext = .

.data           0x00800100      0x2ae load address 0x00009fa0
                0x00800100                PROVIDE (__data_start, .)
 *(.data)
 .data          0x00800100        0x0 c:/winavr-20100110/bin/../lib/gcc/avr/4.3.3/../../../../avr/lib/avr51/crtm128.o
 .data          0x00800100       0xbc main.o
 .data          0x008001bc        0x0 ../../../src/radio/cc2420/source/hal_rf_set_channel.o
 .data          0x008001bc        0x0 ../../../src/radio/cc2420/source/hal_rf_wait_for_crystal_oscillator.o
 .data          0x008001bc        0x0 ../../../src/radio/cc2420/source/basic_rf.o
 .data          0x008001bc       0x23 ../../../src/platform/micaZ/source/ulib.o
                0x008001bc                NRK_LED_0
                0x008001ce                NRK_FIFOP
                0x008001c8                NRK_SFD
                0x008001d8                NRK_DEBUG_3
                0x008001bd                NRK_LED_1
                0x008001c5                NRK_FIFO
                0x008001d0                NRK_ADC_INPUT_1
                0x008001cd                NRK_UART0_TXD
                0x008001be                NRK_LED_2
                0x008001cf                NRK_ADC_INPUT_0
                0x008001d6                NRK_DEBUG_1
                0x008001de                NRK_GPIO34
                0x008001bf                NRK_VREG_EN
                0x008001ca                NRK_CCA
                0x008001d3                NRK_ADC_INPUT_6
                0x008001c9                NRK_UART1_RTS
                0x008001d5                NRK_DEBUG_0
                0x008001d2                NRK_ADC_INPUT_3
                0x008001dc                NRK_GPIO26
                0x008001c4                NRK_MISO
                0x008001dd                NRK_GPIO28
                0x008001c3                NRK_MOSI
                0x008001c7                NRK_UART1_TXD
                0x008001cc                NRK_UART0_RXD
                0x008001d4                NRK_ADC_INPUT_7
                0x008001c1                NRK_CSN
                0x008001cb                NRK_UART1_CTS
                0x008001d7                NRK_DEBUG_2
                0x008001d9                NRK_LED_3
                0x008001c0                NRK_RESET_N
                0x008001db                NRK_SPI_SS
                0x008001c6                NRK_UART1_RXD
                0x008001d1                NRK_ADC_INPUT_2
                0x008001c2                NRK_SCK
                0x008001da                NRK_BLED
 .data          0x008001df        0x0 ../../../src/platform/micaZ/source/hal_wait.o
 .data          0x008001df        0x0 ../../../src/platform/micaZ/source/nrk_eeprom.o
 .data          0x008001df        0x0 ../../../src/kernel/source/nrk.o
 .data          0x008001df       0x2c ../../../src/kernel/source/nrk_stats.o
 .data          0x0080020b        0x3 ../../../src/kernel/source/nrk_error.o
 .data          0x0080020e       0x4e ../../../src/kernel/source/nrk_stack_check.o
 .data          0x0080025c        0x0 ../../../src/kernel/source/nrk_events.o
 .data          0x0080025c        0x0 ../../../src/kernel/source/nrk_task.o
 .data          0x0080025c        0x0 ../../../src/kernel/source/nrk_time.o
 .data          0x0080025c        0x0 ../../../src/kernel/source/nrk_idle_task.o
 .data          0x0080025c       0x3c ../../../src/kernel/source/nrk_scheduler.o
 .data          0x00800298        0x0 ../../../src/kernel/source/nrk_driver.o
 .data          0x00800298        0x0 ../../../src/kernel/source/nrk_reserve.o
 .data          0x00800298        0x0 ../../../src/kernel/source/nrk_sw_wdt.o
 .data          0x00800298        0x0 ../../../src/kernel/hal/atmega128/nrk_timer.o
 .data          0x00800298        0x0 ../../../src/kernel/hal/atmega128/nrk_status.o
 .data          0x00800298        0x0 ../../../src/kernel/hal/atmega128/nrk_ext_int.o
 .data          0x00800298        0x0 ../../../src/kernel/hal/atmega128/nrk_watchdog.o
 .data          0x00800298        0x0 ../../../src/kernel/hal/atmega128/nrk_cpu.o
 .data          0x00800298        0x0 ../../../src/drivers/platform/micaZ/source/ad5242.o
 .data          0x00800298        0x0 ../../../src/drivers/platform/micaZ/source/adc_driver.o
 .data          0x00800298        0x0 ../../../src/drivers/platform/micaZ/source/i2c_driver.o
 .data          0x00800298        0x0 ../../../src/drivers/platform/micaZ/source/mda100_driver.o
 .data          0x00800298        0x0 ../../../src/drivers/platform/micaZ/source/mts310cb_driver.o
 .data          0x00800298        0x0 ../../../src/drivers/platform/micaZ/source/DS2401.o
 .data          0x00800298        0x0 ../../../src/drivers/platform/micaZ/source/DOGM128-6_Graphicdisplay_driver.o
 .data          0x00800298        0x0 ../../../src/drivers/platform/micaZ/source/eDIP240-7_TouchPanel_driver.o
 .data          0x00800298       0x10 ../../../src/drivers/platform/micaZ/source/TUM_LKN_Sensorboard_driver.o
                0x008002a6                m_pwm
                0x0080029a                steps
                0x008002a2                m_vbatt
                0x00800298                steppertimeout
 .data          0x008002a8        0x0 ../../../src/kernel/hal/atmega128/atmel_hw_specific.o
 .data          0x008002a8        0x0 c:/winavr-20100110/bin/../lib/gcc/avr/4.3.3/../../../../avr/lib/avr51\libprintf_flt.a(vfprintf_flt.o)
 .data          0x008002a8        0x0 c:/winavr-20100110/bin/../lib/gcc/avr/4.3.3/../../../../avr/lib/avr51\libm.a(addsf3.o)
 .data          0x008002a8        0x0 c:/winavr-20100110/bin/../lib/gcc/avr/4.3.3/../../../../avr/lib/avr51\libm.a(addsf3x.o)
 .data          0x008002a8        0x0 c:/winavr-20100110/bin/../lib/gcc/avr/4.3.3/../../../../avr/lib/avr51\libm.a(divsf3.o)
 .data          0x008002a8        0x0 c:/winavr-20100110/bin/../lib/gcc/avr/4.3.3/../../../../avr/lib/avr51\libm.a(divsf3x.o)
 .data          0x008002a8        0x0 c:/winavr-20100110/bin/../lib/gcc/avr/4.3.3/../../../../avr/lib/avr51\libm.a(fixunssfsi.o)
 .data          0x008002a8        0x0 c:/winavr-20100110/bin/../lib/gcc/avr/4.3.3/../../../../avr/lib/avr51\libm.a(floatsisf.o)
 .data          0x008002a8        0x0 c:/winavr-20100110/bin/../lib/gcc/avr/4.3.3/../../../../avr/lib/avr51\libm.a(fp_inf.o)
 .data          0x008002a8        0x0 c:/winavr-20100110/bin/../lib/gcc/avr/4.3.3/../../../../avr/lib/avr51\libm.a(fp_nan.o)
 .data          0x008002a8        0x0 c:/winavr-20100110/bin/../lib/gcc/avr/4.3.3/../../../../avr/lib/avr51\libm.a(fp_pscA.o)
 .data          0x008002a8        0x0 c:/winavr-20100110/bin/../lib/gcc/avr/4.3.3/../../../../avr/lib/avr51\libm.a(fp_pscB.o)
 .data          0x008002a8        0x0 c:/winavr-20100110/bin/../lib/gcc/avr/4.3.3/../../../../avr/lib/avr51\libm.a(fp_round.o)
 .data          0x008002a8        0x0 c:/winavr-20100110/bin/../lib/gcc/avr/4.3.3/../../../../avr/lib/avr51\libm.a(fp_split3.o)
 .data          0x008002a8        0x0 c:/winavr-20100110/bin/../lib/gcc/avr/4.3.3/../../../../avr/lib/avr51\libm.a(fp_zero.o)
 .data          0x008002a8        0x0 c:/winavr-20100110/bin/../lib/gcc/avr/4.3.3/../../../../avr/lib/avr51\libm.a(gesf2.o)
 .data          0x008002a8        0x0 c:/winavr-20100110/bin/../lib/gcc/avr/4.3.3/../../../../avr/lib/avr51\libm.a(log.o)
 .data          0x008002a8        0x0 c:/winavr-20100110/bin/../lib/gcc/avr/4.3.3/../../../../avr/lib/avr51\libm.a(mulsf3.o)
 .data          0x008002a8        0x0 c:/winavr-20100110/bin/../lib/gcc/avr/4.3.3/../../../../avr/lib/avr51\libm.a(mulsf3x.o)
 .data          0x008002a8        0x0 c:/winavr-20100110/bin/../lib/gcc/avr/4.3.3/../../../../avr/lib/avr51\libm.a(pow.o)
 .data          0x008002a8        0x0 c:/winavr-20100110/bin/../lib/gcc/avr/4.3.3/../../../../avr/lib/avr51\libm.a(exp.o)
 .data          0x008002a8        0x0 c:/winavr-20100110/bin/../lib/gcc/avr/4.3.3/../../../../avr/lib/avr51\libm.a(fp_cmp.o)
 .data          0x008002a8        0x0 c:/winavr-20100110/bin/../lib/gcc/avr/4.3.3/../../../../avr/lib/avr51\libm.a(fp_mpack.o)
 .data          0x008002a8        0x0 c:/winavr-20100110/bin/../lib/gcc/avr/4.3.3/../../../../avr/lib/avr51\libm.a(fp_powser.o)
 .data          0x008002a8        0x0 c:/winavr-20100110/bin/../lib/gcc/avr/4.3.3/../../../../avr/lib/avr51\libm.a(inverse.o)
 .data          0x008002a8        0x0 c:/winavr-20100110/bin/../lib/gcc/avr/4.3.3/../../../../avr/lib/avr51\libm.a(ldexp.o)
 .data          0x008002a8        0x0 c:/winavr-20100110/bin/../lib/gcc/avr/4.3.3/../../../../avr/lib/avr51\libm.a(modf.o)
 .data          0x008002a8        0x0 c:/winavr-20100110/bin/../lib/gcc/avr/4.3.3/avr51\libgcc.a(_mulsi3.o)
 .data          0x008002a8        0x0 c:/winavr-20100110/bin/../lib/gcc/avr/4.3.3/avr51\libgcc.a(_udivmodhi4.o)
 .data          0x008002a8        0x0 c:/winavr-20100110/bin/../lib/gcc/avr/4.3.3/avr51\libgcc.a(_udivmodsi4.o)
 .data          0x008002a8        0x0 c:/winavr-20100110/bin/../lib/gcc/avr/4.3.3/avr51\libgcc.a(_exit.o)
 .data          0x008002a8        0x0 c:/winavr-20100110/bin/../lib/gcc/avr/4.3.3/avr51\libgcc.a(_clear_bss.o)
 .data          0x008002a8        0x0 c:/winavr-20100110/bin/../lib/gcc/avr/4.3.3/avr51\libgcc.a(_udivdi3.o)
 .data          0x008002a8        0x0 c:/winavr-20100110/bin/../lib/gcc/avr/4.3.3/avr51\libgcc.a(_prologue.o)
 .data          0x008002a8        0x0 c:/winavr-20100110/bin/../lib/gcc/avr/4.3.3/avr51\libgcc.a(_epilogue.o)
 .data          0x008002a8      0x100 c:/winavr-20100110/bin/../lib/gcc/avr/4.3.3/avr51\libgcc.a(_clz.o)
                0x008002a8                __clz_tab
 .data          0x008003a8        0x0 c:/winavr-20100110/bin/../lib/gcc/avr/4.3.3/../../../../avr/lib/avr51\libc.a(ftoa_engine.o)
 .data          0x008003a8        0x0 c:/winavr-20100110/bin/../lib/gcc/avr/4.3.3/../../../../avr/lib/avr51\libc.a(strnlen_P.o)
 .data          0x008003a8        0x0 c:/winavr-20100110/bin/../lib/gcc/avr/4.3.3/../../../../avr/lib/avr51\libc.a(strnlen.o)
 .data          0x008003a8        0x0 c:/winavr-20100110/bin/../lib/gcc/avr/4.3.3/../../../../avr/lib/avr51\libc.a(fdevopen.o)
 .data          0x008003a8        0x0 c:/winavr-20100110/bin/../lib/gcc/avr/4.3.3/../../../../avr/lib/avr51\libc.a(fgetc.o)
 .data          0x008003a8        0x0 c:/winavr-20100110/bin/../lib/gcc/avr/4.3.3/../../../../avr/lib/avr51\libc.a(fputc.o)
 .data          0x008003a8        0x0 c:/winavr-20100110/bin/../lib/gcc/avr/4.3.3/../../../../avr/lib/avr51\libc.a(iob.o)
 .data          0x008003a8        0x0 c:/winavr-20100110/bin/../lib/gcc/avr/4.3.3/../../../../avr/lib/avr51\libc.a(printf.o)
 .data          0x008003a8        0x0 c:/winavr-20100110/bin/../lib/gcc/avr/4.3.3/../../../../avr/lib/avr51\libc.a(puts.o)
 .data          0x008003a8        0x0 c:/winavr-20100110/bin/../lib/gcc/avr/4.3.3/../../../../avr/lib/avr51\libc.a(sprintf.o)
 .data          0x008003a8        0x0 c:/winavr-20100110/bin/../lib/gcc/avr/4.3.3/../../../../avr/lib/avr51\libc.a(ultoa_invert.o)
 .data          0x008003a8        0x0 c:/winavr-20100110/bin/../lib/gcc/avr/4.3.3/../../../../avr/lib/avr51\libc.a(eerd_byte_atmega128.o)
 .data          0x008003a8        0x0 c:/winavr-20100110/bin/../lib/gcc/avr/4.3.3/../../../../avr/lib/avr51\libc.a(eewr_byte_atmega128.o)
 .data          0x008003a8        0x0 c:/winavr-20100110/bin/../lib/gcc/avr/4.3.3/../../../../avr/lib/avr51\libc.a(calloc.o)
 .data          0x008003a8        0x6 c:/winavr-20100110/bin/../lib/gcc/avr/4.3.3/../../../../avr/lib/avr51\libc.a(malloc.o)
                0x008003aa                __malloc_heap_start
                0x008003ac                __malloc_heap_end
                0x008003a8                __malloc_margin
 .data          0x008003ae        0x0 c:/winavr-20100110/bin/../lib/gcc/avr/4.3.3/../../../../avr/lib/avr51\libc.a(memset.o)
 *(.data*)
 *(.rodata)
 *(.rodata*)
 *(.gnu.linkonce.d*)
                0x008003ae                . = ALIGN (0x2)
                0x008003ae                _edata = .
                0x008003ae                PROVIDE (__data_end, .)

.bss            0x008003ae      0x524
                0x008003ae                PROVIDE (__bss_start, .)
 *(.bss)
 .bss           0x008003ae        0x0 c:/winavr-20100110/bin/../lib/gcc/avr/4.3.3/../../../../avr/lib/avr51/crtm128.o
 .bss           0x008003ae        0x0 main.o
 .bss           0x008003ae        0x0 ../../../src/radio/cc2420/source/hal_rf_set_channel.o
 .bss           0x008003ae        0x0 ../../../src/radio/cc2420/source/hal_rf_wait_for_crystal_oscillator.o
 .bss           0x008003ae        0x0 ../../../src/radio/cc2420/source/basic_rf.o
 .bss           0x008003ae        0x0 ../../../src/platform/micaZ/source/ulib.o
 .bss           0x008003ae        0x0 ../../../src/platform/micaZ/source/hal_wait.o
 .bss           0x008003ae        0x0 ../../../src/platform/micaZ/source/nrk_eeprom.o
 .bss           0x008003ae        0x0 ../../../src/kernel/source/nrk.o
 .bss           0x008003ae        0x0 ../../../src/kernel/source/nrk_stats.o
 .bss           0x008003ae        0x1 ../../../src/kernel/source/nrk_error.o
 .bss           0x008003af        0x0 ../../../src/kernel/source/nrk_stack_check.o
 .bss           0x008003af        0x0 ../../../src/kernel/source/nrk_events.o
 .bss           0x008003af        0x0 ../../../src/kernel/source/nrk_task.o
 .bss           0x008003af        0x0 ../../../src/kernel/source/nrk_time.o
 .bss           0x008003af        0x0 ../../../src/kernel/source/nrk_idle_task.o
 .bss           0x008003af        0x1 ../../../src/kernel/source/nrk_scheduler.o
                0x008003af                earliestDeadlineID
 .bss           0x008003b0        0x0 ../../../src/kernel/source/nrk_driver.o
 .bss           0x008003b0        0x0 ../../../src/kernel/source/nrk_reserve.o
 .bss           0x008003b0        0x0 ../../../src/kernel/source/nrk_sw_wdt.o
 .bss           0x008003b0        0x0 ../../../src/kernel/hal/atmega128/nrk_timer.o
 .bss           0x008003b0        0x0 ../../../src/kernel/hal/atmega128/nrk_status.o
 .bss           0x008003b0        0x0 ../../../src/kernel/hal/atmega128/nrk_ext_int.o
 .bss           0x008003b0        0x0 ../../../src/kernel/hal/atmega128/nrk_watchdog.o
 .bss           0x008003b0        0x0 ../../../src/kernel/hal/atmega128/nrk_cpu.o
 .bss           0x008003b0        0x0 ../../../src/drivers/platform/micaZ/source/ad5242.o
 .bss           0x008003b0        0x0 ../../../src/drivers/platform/micaZ/source/adc_driver.o
 .bss           0x008003b0        0x0 ../../../src/drivers/platform/micaZ/source/i2c_driver.o
 .bss           0x008003b0        0x1 ../../../src/drivers/platform/micaZ/source/mda100_driver.o
                0x008003b0                mda100_initDone
 .bss           0x008003b1        0x1 ../../../src/drivers/platform/micaZ/source/mts310cb_driver.o
                0x008003b1                mts310cb_initDone
 .bss           0x008003b2        0x0 ../../../src/drivers/platform/micaZ/source/DS2401.o
 .bss           0x008003b2        0x0 ../../../src/drivers/platform/micaZ/source/DOGM128-6_Graphicdisplay_driver.o
 .bss           0x008003b2        0x0 ../../../src/drivers/platform/micaZ/source/eDIP240-7_TouchPanel_driver.o
 .bss           0x008003b2        0xd ../../../src/drivers/platform/micaZ/source/TUM_LKN_Sensorboard_driver.o
                0x008003b2                m_currentstep
                0x008003bb                m_lastxs
                0x008003bc                m_ledstate
                0x008003bd                m_prescaler
                0x008003b3                i2cData
 .bss           0x008003bf        0x0 ../../../src/kernel/hal/atmega128/atmel_hw_specific.o
 .bss           0x008003bf        0x0 c:/winavr-20100110/bin/../lib/gcc/avr/4.3.3/../../../../avr/lib/avr51\libprintf_flt.a(vfprintf_flt.o)
 .bss           0x008003bf        0x0 c:/winavr-20100110/bin/../lib/gcc/avr/4.3.3/../../../../avr/lib/avr51\libm.a(addsf3.o)
 .bss           0x008003bf        0x0 c:/winavr-20100110/bin/../lib/gcc/avr/4.3.3/../../../../avr/lib/avr51\libm.a(addsf3x.o)
 .bss           0x008003bf        0x0 c:/winavr-20100110/bin/../lib/gcc/avr/4.3.3/../../../../avr/lib/avr51\libm.a(divsf3.o)
 .bss           0x008003bf        0x0 c:/winavr-20100110/bin/../lib/gcc/avr/4.3.3/../../../../avr/lib/avr51\libm.a(divsf3x.o)
 .bss           0x008003bf        0x0 c:/winavr-20100110/bin/../lib/gcc/avr/4.3.3/../../../../avr/lib/avr51\libm.a(fixunssfsi.o)
 .bss           0x008003bf        0x0 c:/winavr-20100110/bin/../lib/gcc/avr/4.3.3/../../../../avr/lib/avr51\libm.a(floatsisf.o)
 .bss           0x008003bf        0x0 c:/winavr-20100110/bin/../lib/gcc/avr/4.3.3/../../../../avr/lib/avr51\libm.a(fp_inf.o)
 .bss           0x008003bf        0x0 c:/winavr-20100110/bin/../lib/gcc/avr/4.3.3/../../../../avr/lib/avr51\libm.a(fp_nan.o)
 .bss           0x008003bf        0x0 c:/winavr-20100110/bin/../lib/gcc/avr/4.3.3/../../../../avr/lib/avr51\libm.a(fp_pscA.o)
 .bss           0x008003bf        0x0 c:/winavr-20100110/bin/../lib/gcc/avr/4.3.3/../../../../avr/lib/avr51\libm.a(fp_pscB.o)
 .bss           0x008003bf        0x0 c:/winavr-20100110/bin/../lib/gcc/avr/4.3.3/../../../../avr/lib/avr51\libm.a(fp_round.o)
 .bss           0x008003bf        0x0 c:/winavr-20100110/bin/../lib/gcc/avr/4.3.3/../../../../avr/lib/avr51\libm.a(fp_split3.o)
 .bss           0x008003bf        0x0 c:/winavr-20100110/bin/../lib/gcc/avr/4.3.3/../../../../avr/lib/avr51\libm.a(fp_zero.o)
 .bss           0x008003bf        0x0 c:/winavr-20100110/bin/../lib/gcc/avr/4.3.3/../../../../avr/lib/avr51\libm.a(gesf2.o)
 .bss           0x008003bf        0x0 c:/winavr-20100110/bin/../lib/gcc/avr/4.3.3/../../../../avr/lib/avr51\libm.a(log.o)
 .bss           0x008003bf        0x0 c:/winavr-20100110/bin/../lib/gcc/avr/4.3.3/../../../../avr/lib/avr51\libm.a(mulsf3.o)
 .bss           0x008003bf        0x0 c:/winavr-20100110/bin/../lib/gcc/avr/4.3.3/../../../../avr/lib/avr51\libm.a(mulsf3x.o)
 .bss           0x008003bf        0x0 c:/winavr-20100110/bin/../lib/gcc/avr/4.3.3/../../../../avr/lib/avr51\libm.a(pow.o)
 .bss           0x008003bf        0x0 c:/winavr-20100110/bin/../lib/gcc/avr/4.3.3/../../../../avr/lib/avr51\libm.a(exp.o)
 .bss           0x008003bf        0x0 c:/winavr-20100110/bin/../lib/gcc/avr/4.3.3/../../../../avr/lib/avr51\libm.a(fp_cmp.o)
 .bss           0x008003bf        0x0 c:/winavr-20100110/bin/../lib/gcc/avr/4.3.3/../../../../avr/lib/avr51\libm.a(fp_mpack.o)
 .bss           0x008003bf        0x0 c:/winavr-20100110/bin/../lib/gcc/avr/4.3.3/../../../../avr/lib/avr51\libm.a(fp_powser.o)
 .bss           0x008003bf        0x0 c:/winavr-20100110/bin/../lib/gcc/avr/4.3.3/../../../../avr/lib/avr51\libm.a(inverse.o)
 .bss           0x008003bf        0x0 c:/winavr-20100110/bin/../lib/gcc/avr/4.3.3/../../../../avr/lib/avr51\libm.a(ldexp.o)
 .bss           0x008003bf        0x0 c:/winavr-20100110/bin/../lib/gcc/avr/4.3.3/../../../../avr/lib/avr51\libm.a(modf.o)
 .bss           0x008003bf        0x0 c:/winavr-20100110/bin/../lib/gcc/avr/4.3.3/avr51\libgcc.a(_mulsi3.o)
 .bss           0x008003bf        0x0 c:/winavr-20100110/bin/../lib/gcc/avr/4.3.3/avr51\libgcc.a(_udivmodhi4.o)
 .bss           0x008003bf        0x0 c:/winavr-20100110/bin/../lib/gcc/avr/4.3.3/avr51\libgcc.a(_udivmodsi4.o)
 .bss           0x008003bf        0x0 c:/winavr-20100110/bin/../lib/gcc/avr/4.3.3/avr51\libgcc.a(_exit.o)
 .bss           0x008003bf        0x0 c:/winavr-20100110/bin/../lib/gcc/avr/4.3.3/avr51\libgcc.a(_clear_bss.o)
 .bss           0x008003bf        0x0 c:/winavr-20100110/bin/../lib/gcc/avr/4.3.3/avr51\libgcc.a(_udivdi3.o)
 .bss           0x008003bf        0x0 c:/winavr-20100110/bin/../lib/gcc/avr/4.3.3/avr51\libgcc.a(_prologue.o)
 .bss           0x008003bf        0x0 c:/winavr-20100110/bin/../lib/gcc/avr/4.3.3/avr51\libgcc.a(_epilogue.o)
 .bss           0x008003bf        0x0 c:/winavr-20100110/bin/../lib/gcc/avr/4.3.3/avr51\libgcc.a(_clz.o)
 .bss           0x008003bf        0x0 c:/winavr-20100110/bin/../lib/gcc/avr/4.3.3/../../../../avr/lib/avr51\libc.a(ftoa_engine.o)
 .bss           0x008003bf        0x0 c:/winavr-20100110/bin/../lib/gcc/avr/4.3.3/../../../../avr/lib/avr51\libc.a(strnlen_P.o)
 .bss           0x008003bf        0x0 c:/winavr-20100110/bin/../lib/gcc/avr/4.3.3/../../../../avr/lib/avr51\libc.a(strnlen.o)
 .bss           0x008003bf        0x0 c:/winavr-20100110/bin/../lib/gcc/avr/4.3.3/../../../../avr/lib/avr51\libc.a(fdevopen.o)
 .bss           0x008003bf        0x0 c:/winavr-20100110/bin/../lib/gcc/avr/4.3.3/../../../../avr/lib/avr51\libc.a(fgetc.o)
 .bss           0x008003bf        0x0 c:/winavr-20100110/bin/../lib/gcc/avr/4.3.3/../../../../avr/lib/avr51\libc.a(fputc.o)
 .bss           0x008003bf        0x0 c:/winavr-20100110/bin/../lib/gcc/avr/4.3.3/../../../../avr/lib/avr51\libc.a(iob.o)
 .bss           0x008003bf        0x0 c:/winavr-20100110/bin/../lib/gcc/avr/4.3.3/../../../../avr/lib/avr51\libc.a(printf.o)
 .bss           0x008003bf        0x0 c:/winavr-20100110/bin/../lib/gcc/avr/4.3.3/../../../../avr/lib/avr51\libc.a(puts.o)
 .bss           0x008003bf        0x0 c:/winavr-20100110/bin/../lib/gcc/avr/4.3.3/../../../../avr/lib/avr51\libc.a(sprintf.o)
 .bss           0x008003bf        0x0 c:/winavr-20100110/bin/../lib/gcc/avr/4.3.3/../../../../avr/lib/avr51\libc.a(ultoa_invert.o)
 .bss           0x008003bf        0x0 c:/winavr-20100110/bin/../lib/gcc/avr/4.3.3/../../../../avr/lib/avr51\libc.a(eerd_byte_atmega128.o)
 .bss           0x008003bf        0x0 c:/winavr-20100110/bin/../lib/gcc/avr/4.3.3/../../../../avr/lib/avr51\libc.a(eewr_byte_atmega128.o)
 .bss           0x008003bf        0x0 c:/winavr-20100110/bin/../lib/gcc/avr/4.3.3/../../../../avr/lib/avr51\libc.a(calloc.o)
 .bss           0x008003bf        0x0 c:/winavr-20100110/bin/../lib/gcc/avr/4.3.3/../../../../avr/lib/avr51\libc.a(malloc.o)
 .bss           0x008003bf        0x0 c:/winavr-20100110/bin/../lib/gcc/avr/4.3.3/../../../../avr/lib/avr51\libc.a(memset.o)
 *(.bss*)
 *(COMMON)
 COMMON         0x008003bf      0x3c5 main.o
                0x008003bf                TaskFour
                0x008003e3                app_timer0_callback
                0x008003e5                semaphore3
                0x008003e7                Stack3
                0x00800467                error_task
                0x00800468                _nrk_time_trigger
                0x00800469                TaskOne
                0x0080048d                _nrk_stats_sleep_time
                0x00800495                Stack2
                0x00800515                semaphore1
                0x00800517                _nrk_signal_list
                0x0080051b                TaskThree
                0x0080053f                Stack1
                0x008005bf                semaphore2
                0x008005c1                nrk_kernel_stk_ptr
                0x008005c3                app_timer0_prescale
                0x008005c4                _nrk_prev_timer_val
                0x008005c5                cur_task_stats
                0x0080065b                error_num
                0x0080065c                systemCeiling
                0x00800660                nrk_idle_task_stk
                0x008006e0                Stack4
                0x00800760                TaskTwo
 COMMON         0x00800784       0x1b ../../../src/radio/cc2420/source/basic_rf.o
                0x00800784                rx_ctr
                0x00800788                radio_sem
                0x0080078a                security_enable
                0x0080078b                mdmctrl0
                0x0080078d                rfSettings
                0x00800796                tmp_blah
                0x00800798                auto_ack_enable
                0x00800799                last_pkt_encrypted
                0x0080079a                tx_ctr
                0x0080079e                rx_ready
 COMMON         0x0080079f      0x11c ../../../src/kernel/source/nrk.o
                0x0080079f                _free_node
                0x008007a1                nrk_task_TCB
                0x0080084b                next_next_wakeup
                0x0080084d                nrk_sem_list
                0x00800850                nrk_task_init_cnt
                0x00800851                nrk_wakeup_signal
                0x00800852                nrk_high_ready_TCB
                0x00800854                nrk_cur_task_prio
                0x00800855                _nrk_cpu_state
                0x00800856                _head_node
                0x00800858                nrk_system_time
                0x00800860                _nrk_resource_cnt
                0x00800861                nrk_cur_task_TCB
                0x00800863                nrk_high_ready_prio
                0x00800864                sw_wdts
                0x0080089d                _nrk_readyQ
 COMMON         0x008008bb        0x8 ../../../src/kernel/hal/atmega128/nrk_ext_int.o
                0x008008bb                ext_int1_callback
                0x008008bd                ext_int0_callback
                0x008008bf                ext_int2_callback
                0x008008c1                pc_int0_callback
 COMMON         0x008008c3        0x5 ../../../src/drivers/platform/micaZ/source/TUM_LKN_Sensorboard_driver.o
                0x008008c3                i2cDataLen
                0x008008c4                i2cDataDirection
                0x008008c5                m_channel
                0x008008c6                i2cDestination
 COMMON         0x008008c8        0x6 c:/winavr-20100110/bin/../lib/gcc/avr/4.3.3/../../../../avr/lib/avr51\libc.a(iob.o)
                0x008008c8                __iob
 COMMON         0x008008ce        0x4 c:/winavr-20100110/bin/../lib/gcc/avr/4.3.3/../../../../avr/lib/avr51\libc.a(malloc.o)
                0x008008ce                __brkval
                0x008008d0                __flp
                0x008008d2                PROVIDE (__bss_end, .)
                0x00009fa0                __data_load_start = LOADADDR (.data)
                0x0000a24e                __data_load_end = (__data_load_start + SIZEOF (.data))

.noinit         0x008008d2        0x0
                0x008008d2                PROVIDE (__noinit_start, .)
 *(.noinit*)
                0x008008d2                PROVIDE (__noinit_end, .)
                0x008008d2                _end = .
                0x008008d2                PROVIDE (__heap_start, .)

.eeprom         0x00810000        0x0
 *(.eeprom*)
                0x00810000                __eeprom_end = .

.fuse
 *(.fuse)
 *(.lfuse)
 *(.hfuse)
 *(.efuse)

.lock
 *(.lock*)

.signature
 *(.signature*)

.stab           0x00000000      0x210
 *(.stab)
 .stab          0x00000000      0x210 ../../../src/kernel/hal/atmega128/atmel_hw_specific.o

.stabstr        0x00000000       0x50
 *(.stabstr)
 .stabstr       0x00000000       0x50 ../../../src/kernel/hal/atmega128/atmel_hw_specific.o

.stab.excl
 *(.stab.excl)

.stab.exclstr
 *(.stab.exclstr)

.stab.index
 *(.stab.index)

.stab.indexstr
 *(.stab.indexstr)

.comment
 *(.comment)

.debug
 *(.debug)

.line
 *(.line)

.debug_srcinfo
 *(.debug_srcinfo)

.debug_sfnames
 *(.debug_sfnames)

.debug_aranges  0x00000000      0x400
 *(.debug_aranges)
 .debug_aranges
                0x00000000       0x20 main.o
 .debug_aranges
                0x00000020       0x20 ../../../src/radio/cc2420/source/hal_rf_set_channel.o
 .debug_aranges
                0x00000040       0x20 ../../../src/radio/cc2420/source/hal_rf_wait_for_crystal_oscillator.o
 .debug_aranges
                0x00000060       0x20 ../../../src/radio/cc2420/source/basic_rf.o
 .debug_aranges
                0x00000080       0x20 ../../../src/platform/micaZ/source/ulib.o
 .debug_aranges
                0x000000a0       0x20 ../../../src/platform/micaZ/source/hal_wait.o
 .debug_aranges
                0x000000c0       0x20 ../../../src/platform/micaZ/source/nrk_eeprom.o
 .debug_aranges
                0x000000e0       0x20 ../../../src/kernel/source/nrk.o
 .debug_aranges
                0x00000100       0x20 ../../../src/kernel/source/nrk_stats.o
 .debug_aranges
                0x00000120       0x20 ../../../src/kernel/source/nrk_error.o
 .debug_aranges
                0x00000140       0x20 ../../../src/kernel/source/nrk_stack_check.o
 .debug_aranges
                0x00000160       0x20 ../../../src/kernel/source/nrk_events.o
 .debug_aranges
                0x00000180       0x20 ../../../src/kernel/source/nrk_task.o
 .debug_aranges
                0x000001a0       0x20 ../../../src/kernel/source/nrk_time.o
 .debug_aranges
                0x000001c0       0x20 ../../../src/kernel/source/nrk_idle_task.o
 .debug_aranges
                0x000001e0       0x20 ../../../src/kernel/source/nrk_scheduler.o
 .debug_aranges
                0x00000200       0x20 ../../../src/kernel/source/nrk_sw_wdt.o
 .debug_aranges
                0x00000220       0x20 ../../../src/kernel/hal/atmega128/nrk_timer.o
 .debug_aranges
                0x00000240       0x20 ../../../src/kernel/hal/atmega128/nrk_status.o
 .debug_aranges
                0x00000260       0x20 ../../../src/kernel/hal/atmega128/nrk_ext_int.o
 .debug_aranges
                0x00000280       0x20 ../../../src/kernel/hal/atmega128/nrk_watchdog.o
 .debug_aranges
                0x000002a0       0x20 ../../../src/kernel/hal/atmega128/nrk_cpu.o
 .debug_aranges
                0x000002c0       0x20 ../../../src/drivers/platform/micaZ/source/ad5242.o
 .debug_aranges
                0x000002e0       0x20 ../../../src/drivers/platform/micaZ/source/adc_driver.o
 .debug_aranges
                0x00000300       0x20 ../../../src/drivers/platform/micaZ/source/i2c_driver.o
 .debug_aranges
                0x00000320       0x20 ../../../src/drivers/platform/micaZ/source/mda100_driver.o
 .debug_aranges
                0x00000340       0x20 ../../../src/drivers/platform/micaZ/source/mts310cb_driver.o
 .debug_aranges
                0x00000360       0x20 ../../../src/drivers/platform/micaZ/source/DS2401.o
 .debug_aranges
                0x00000380       0x20 ../../../src/drivers/platform/micaZ/source/DOGM128-6_Graphicdisplay_driver.o
 .debug_aranges
                0x000003a0       0x20 ../../../src/drivers/platform/micaZ/source/eDIP240-7_TouchPanel_driver.o
 .debug_aranges
                0x000003c0       0x20 ../../../src/drivers/platform/micaZ/source/TUM_LKN_Sensorboard_driver.o
 .debug_aranges
                0x000003e0       0x20 c:/winavr-20100110/bin/../lib/gcc/avr/4.3.3/avr51\libgcc.a(_udivdi3.o)

.debug_pubnames
                0x00000000     0x389d
 *(.debug_pubnames)
 .debug_pubnames
                0x00000000      0x1f1 main.o
 .debug_pubnames
                0x000001f1       0x4d ../../../src/radio/cc2420/source/hal_rf_set_channel.o
 .debug_pubnames
                0x0000023e       0x5b ../../../src/radio/cc2420/source/hal_rf_wait_for_crystal_oscillator.o
 .debug_pubnames
                0x00000299      0x48f ../../../src/radio/cc2420/source/basic_rf.o
 .debug_pubnames
                0x00000728      0x3eb ../../../src/platform/micaZ/source/ulib.o
 .debug_pubnames
                0x00000b13       0x45 ../../../src/platform/micaZ/source/hal_wait.o
 .debug_pubnames
                0x00000b58      0x17c ../../../src/platform/micaZ/source/nrk_eeprom.o
 .debug_pubnames
                0x00000cd4      0x268 ../../../src/kernel/source/nrk.o
 .debug_pubnames
                0x00000f3c      0x297 ../../../src/kernel/source/nrk_stats.o
 .debug_pubnames
                0x000011d3      0x1ac ../../../src/kernel/source/nrk_error.o
 .debug_pubnames
                0x0000137f       0xc3 ../../../src/kernel/source/nrk_stack_check.o
 .debug_pubnames
                0x00001442      0x324 ../../../src/kernel/source/nrk_events.o
 .debug_pubnames
                0x00001766      0x369 ../../../src/kernel/source/nrk_task.o
 .debug_pubnames
                0x00001acf      0x18a ../../../src/kernel/source/nrk_time.o
 .debug_pubnames
                0x00001c59      0x11b ../../../src/kernel/source/nrk_idle_task.o
 .debug_pubnames
                0x00001d74      0x256 ../../../src/kernel/source/nrk_scheduler.o
 .debug_pubnames
                0x00001fca      0x10d ../../../src/kernel/source/nrk_sw_wdt.o
 .debug_pubnames
                0x000020d7      0x309 ../../../src/kernel/hal/atmega128/nrk_timer.o
 .debug_pubnames
                0x000023e0       0x50 ../../../src/kernel/hal/atmega128/nrk_status.o
 .debug_pubnames
                0x00002430      0x105 ../../../src/kernel/hal/atmega128/nrk_ext_int.o
 .debug_pubnames
                0x00002535       0xe2 ../../../src/kernel/hal/atmega128/nrk_watchdog.o
 .debug_pubnames
                0x00002617      0x294 ../../../src/kernel/hal/atmega128/nrk_cpu.o
 .debug_pubnames
                0x000028ab       0x31 ../../../src/drivers/platform/micaZ/source/ad5242.o
 .debug_pubnames
                0x000028dc       0x5e ../../../src/drivers/platform/micaZ/source/adc_driver.o
 .debug_pubnames
                0x0000293a       0xb6 ../../../src/drivers/platform/micaZ/source/i2c_driver.o
 .debug_pubnames
                0x000029f0      0x128 ../../../src/drivers/platform/micaZ/source/mda100_driver.o
 .debug_pubnames
                0x00002b18      0x2a3 ../../../src/drivers/platform/micaZ/source/mts310cb_driver.o
 .debug_pubnames
                0x00002dbb      0x12f ../../../src/drivers/platform/micaZ/source/DS2401.o
 .debug_pubnames
                0x00002eea       0xab ../../../src/drivers/platform/micaZ/source/DOGM128-6_Graphicdisplay_driver.o
 .debug_pubnames
                0x00002f95      0x1f8 ../../../src/drivers/platform/micaZ/source/eDIP240-7_TouchPanel_driver.o
 .debug_pubnames
                0x0000318d      0x6d0 ../../../src/drivers/platform/micaZ/source/TUM_LKN_Sensorboard_driver.o
 .debug_pubnames
                0x0000385d       0x20 c:/winavr-20100110/bin/../lib/gcc/avr/4.3.3/avr51\libgcc.a(_udivdi3.o)
 .debug_pubnames
                0x0000387d       0x20 c:/winavr-20100110/bin/../lib/gcc/avr/4.3.3/avr51\libgcc.a(_clz.o)

.debug_info     0x00000000     0x9b54
 *(.debug_info)
 .debug_info    0x00000000      0x6ce main.o
 .debug_info    0x000006ce       0xec ../../../src/radio/cc2420/source/hal_rf_set_channel.o
 .debug_info    0x000007ba       0xcf ../../../src/radio/cc2420/source/hal_rf_wait_for_crystal_oscillator.o
 .debug_info    0x00000889      0xd58 ../../../src/radio/cc2420/source/basic_rf.o
 .debug_info    0x000015e1      0x832 ../../../src/platform/micaZ/source/ulib.o
 .debug_info    0x00001e13       0xd4 ../../../src/platform/micaZ/source/hal_wait.o
 .debug_info    0x00001ee7      0x2ec ../../../src/platform/micaZ/source/nrk_eeprom.o
 .debug_info    0x000021d3      0x7f4 ../../../src/kernel/source/nrk.o
 .debug_info    0x000029c7      0x849 ../../../src/kernel/source/nrk_stats.o
 .debug_info    0x00003210      0x8f2 ../../../src/kernel/source/nrk_error.o
 .debug_info    0x00003b02      0x364 ../../../src/kernel/source/nrk_stack_check.o
 .debug_info    0x00003e66      0x822 ../../../src/kernel/source/nrk_events.o
 .debug_info    0x00004688      0x8ba ../../../src/kernel/source/nrk_task.o
 .debug_info    0x00004f42      0x3f7 ../../../src/kernel/source/nrk_time.o
 .debug_info    0x00005339      0x1c2 ../../../src/kernel/source/nrk_idle_task.o
 .debug_info    0x000054fb      0x639 ../../../src/kernel/source/nrk_scheduler.o
 .debug_info    0x00005b34        0x0 ../../../src/kernel/source/nrk_driver.o
 .debug_info    0x00005b34        0x0 ../../../src/kernel/source/nrk_reserve.o
 .debug_info    0x00005b34      0x319 ../../../src/kernel/source/nrk_sw_wdt.o
 .debug_info    0x00005e4d      0x51c ../../../src/kernel/hal/atmega128/nrk_timer.o
 .debug_info    0x00006369       0xd4 ../../../src/kernel/hal/atmega128/nrk_status.o
 .debug_info    0x0000643d      0x1e1 ../../../src/kernel/hal/atmega128/nrk_ext_int.o
 .debug_info    0x0000661e      0x19e ../../../src/kernel/hal/atmega128/nrk_watchdog.o
 .debug_info    0x000067bc      0x6ec ../../../src/kernel/hal/atmega128/nrk_cpu.o
 .debug_info    0x00006ea8       0x91 ../../../src/drivers/platform/micaZ/source/ad5242.o
 .debug_info    0x00006f39       0xfd ../../../src/drivers/platform/micaZ/source/adc_driver.o
 .debug_info    0x00007036      0x1e0 ../../../src/drivers/platform/micaZ/source/i2c_driver.o
 .debug_info    0x00007216      0x1b7 ../../../src/drivers/platform/micaZ/source/mda100_driver.o
 .debug_info    0x000073cd      0x30c ../../../src/drivers/platform/micaZ/source/mts310cb_driver.o
 .debug_info    0x000076d9      0x5f6 ../../../src/drivers/platform/micaZ/source/DS2401.o
 .debug_info    0x00007ccf      0x2d1 ../../../src/drivers/platform/micaZ/source/DOGM128-6_Graphicdisplay_driver.o
 .debug_info    0x00007fa0      0x9a9 ../../../src/drivers/platform/micaZ/source/eDIP240-7_TouchPanel_driver.o
 .debug_info    0x00008949      0xa44 ../../../src/drivers/platform/micaZ/source/TUM_LKN_Sensorboard_driver.o
 .debug_info    0x0000938d      0x71e c:/winavr-20100110/bin/../lib/gcc/avr/4.3.3/avr51\libgcc.a(_udivdi3.o)
 .debug_info    0x00009aab       0xa9 c:/winavr-20100110/bin/../lib/gcc/avr/4.3.3/avr51\libgcc.a(_clz.o)
 *(.gnu.linkonce.wi.*)

.debug_abbrev   0x00000000     0x28a9
 *(.debug_abbrev)
 .debug_abbrev  0x00000000      0x168 main.o
 .debug_abbrev  0x00000168       0x86 ../../../src/radio/cc2420/source/hal_rf_set_channel.o
 .debug_abbrev  0x000001ee       0x77 ../../../src/radio/cc2420/source/hal_rf_wait_for_crystal_oscillator.o
 .debug_abbrev  0x00000265      0x2a3 ../../../src/radio/cc2420/source/basic_rf.o
 .debug_abbrev  0x00000508      0x236 ../../../src/platform/micaZ/source/ulib.o
 .debug_abbrev  0x0000073e       0x77 ../../../src/platform/micaZ/source/hal_wait.o
 .debug_abbrev  0x000007b5       0xab ../../../src/platform/micaZ/source/nrk_eeprom.o
 .debug_abbrev  0x00000860      0x1cb ../../../src/kernel/source/nrk.o
 .debug_abbrev  0x00000a2b      0x12c ../../../src/kernel/source/nrk_stats.o
 .debug_abbrev  0x00000b57      0x239 ../../../src/kernel/source/nrk_error.o
 .debug_abbrev  0x00000d90      0x108 ../../../src/kernel/source/nrk_stack_check.o
 .debug_abbrev  0x00000e98      0x1aa ../../../src/kernel/source/nrk_events.o
 .debug_abbrev  0x00001042      0x200 ../../../src/kernel/source/nrk_task.o
 .debug_abbrev  0x00001242      0x194 ../../../src/kernel/source/nrk_time.o
 .debug_abbrev  0x000013d6       0x9c ../../../src/kernel/source/nrk_idle_task.o
 .debug_abbrev  0x00001472       0xd1 ../../../src/kernel/source/nrk_scheduler.o
 .debug_abbrev  0x00001543        0x1 ../../../src/kernel/source/nrk_driver.o
 .debug_abbrev  0x00001544        0x1 ../../../src/kernel/source/nrk_reserve.o
 .debug_abbrev  0x00001545      0x11c ../../../src/kernel/source/nrk_sw_wdt.o
 .debug_abbrev  0x00001661      0x216 ../../../src/kernel/hal/atmega128/nrk_timer.o
 .debug_abbrev  0x00001877       0x77 ../../../src/kernel/hal/atmega128/nrk_status.o
 .debug_abbrev  0x000018ee       0xb4 ../../../src/kernel/hal/atmega128/nrk_ext_int.o
 .debug_abbrev  0x000019a2       0xc1 ../../../src/kernel/hal/atmega128/nrk_watchdog.o
 .debug_abbrev  0x00001a63      0x143 ../../../src/kernel/hal/atmega128/nrk_cpu.o
 .debug_abbrev  0x00001ba6       0x65 ../../../src/drivers/platform/micaZ/source/ad5242.o
 .debug_abbrev  0x00001c0b       0xb6 ../../../src/drivers/platform/micaZ/source/adc_driver.o
 .debug_abbrev  0x00001cc1       0xe0 ../../../src/drivers/platform/micaZ/source/i2c_driver.o
 .debug_abbrev  0x00001da1       0xf3 ../../../src/drivers/platform/micaZ/source/mda100_driver.o
 .debug_abbrev  0x00001e94       0xb3 ../../../src/drivers/platform/micaZ/source/mts310cb_driver.o
 .debug_abbrev  0x00001f47      0x170 ../../../src/drivers/platform/micaZ/source/DS2401.o
 .debug_abbrev  0x000020b7      0x172 ../../../src/drivers/platform/micaZ/source/DOGM128-6_Graphicdisplay_driver.o
 .debug_abbrev  0x00002229      0x285 ../../../src/drivers/platform/micaZ/source/eDIP240-7_TouchPanel_driver.o
 .debug_abbrev  0x000024ae      0x210 ../../../src/drivers/platform/micaZ/source/TUM_LKN_Sensorboard_driver.o
 .debug_abbrev  0x000026be      0x181 c:/winavr-20100110/bin/../lib/gcc/avr/4.3.3/avr51\libgcc.a(_udivdi3.o)
 .debug_abbrev  0x0000283f       0x6a c:/winavr-20100110/bin/../lib/gcc/avr/4.3.3/avr51\libgcc.a(_clz.o)

.debug_line     0x00000000     0x7475
 *(.debug_line)
 .debug_line    0x00000000      0x4eb main.o
 .debug_line    0x000004eb      0x11c ../../../src/radio/cc2420/source/hal_rf_set_channel.o
 .debug_line    0x00000607      0x11c ../../../src/radio/cc2420/source/hal_rf_wait_for_crystal_oscillator.o
 .debug_line    0x00000723      0xca9 ../../../src/radio/cc2420/source/basic_rf.o
 .debug_line    0x000013cc      0x54d ../../../src/platform/micaZ/source/ulib.o
 .debug_line    0x00001919      0x10c ../../../src/platform/micaZ/source/hal_wait.o
 .debug_line    0x00001a25      0x245 ../../../src/platform/micaZ/source/nrk_eeprom.o
 .debug_line    0x00001c6a      0x469 ../../../src/kernel/source/nrk.o
 .debug_line    0x000020d3      0x427 ../../../src/kernel/source/nrk_stats.o
 .debug_line    0x000024fa      0x5a4 ../../../src/kernel/source/nrk_error.o
 .debug_line    0x00002a9e      0x249 ../../../src/kernel/source/nrk_stack_check.o
 .debug_line    0x00002ce7      0x587 ../../../src/kernel/source/nrk_events.o
 .debug_line    0x0000326e      0x76b ../../../src/kernel/source/nrk_task.o
 .debug_line    0x000039d9      0x31b ../../../src/kernel/source/nrk_time.o
 .debug_line    0x00003cf4      0x1ba ../../../src/kernel/source/nrk_idle_task.o
 .debug_line    0x00003eae      0x4b9 ../../../src/kernel/source/nrk_scheduler.o
 .debug_line    0x00004367       0x24 ../../../src/kernel/source/nrk_driver.o
 .debug_line    0x0000438b       0x24 ../../../src/kernel/source/nrk_reserve.o
 .debug_line    0x000043af      0x267 ../../../src/kernel/source/nrk_sw_wdt.o
 .debug_line    0x00004616      0x4f8 ../../../src/kernel/hal/atmega128/nrk_timer.o
 .debug_line    0x00004b0e      0x145 ../../../src/kernel/hal/atmega128/nrk_status.o
 .debug_line    0x00004c53      0x15e ../../../src/kernel/hal/atmega128/nrk_ext_int.o
 .debug_line    0x00004db1      0x1d4 ../../../src/kernel/hal/atmega128/nrk_watchdog.o
 .debug_line    0x00004f85      0x329 ../../../src/kernel/hal/atmega128/nrk_cpu.o
 .debug_line    0x000052ae       0xcf ../../../src/drivers/platform/micaZ/source/ad5242.o
 .debug_line    0x0000537d      0x119 ../../../src/drivers/platform/micaZ/source/adc_driver.o
 .debug_line    0x00005496      0x1df ../../../src/drivers/platform/micaZ/source/i2c_driver.o
 .debug_line    0x00005675      0x230 ../../../src/drivers/platform/micaZ/source/mda100_driver.o
 .debug_line    0x000058a5      0x3ce ../../../src/drivers/platform/micaZ/source/mts310cb_driver.o
 .debug_line    0x00005c73      0x3a9 ../../../src/drivers/platform/micaZ/source/DS2401.o
 .debug_line    0x0000601c      0x46f ../../../src/drivers/platform/micaZ/source/DOGM128-6_Graphicdisplay_driver.o
 .debug_line    0x0000648b      0x598 ../../../src/drivers/platform/micaZ/source/eDIP240-7_TouchPanel_driver.o
 .debug_line    0x00006a23      0x7fe ../../../src/drivers/platform/micaZ/source/TUM_LKN_Sensorboard_driver.o
 .debug_line    0x00007221      0x1d8 c:/winavr-20100110/bin/../lib/gcc/avr/4.3.3/avr51\libgcc.a(_udivdi3.o)
 .debug_line    0x000073f9       0x7c c:/winavr-20100110/bin/../lib/gcc/avr/4.3.3/avr51\libgcc.a(_clz.o)

.debug_frame    0x00000000     0x15e0
 *(.debug_frame)
 .debug_frame   0x00000000       0x80 main.o
 .debug_frame   0x00000080       0x20 ../../../src/radio/cc2420/source/hal_rf_set_channel.o
 .debug_frame   0x000000a0       0x20 ../../../src/radio/cc2420/source/hal_rf_wait_for_crystal_oscillator.o
 .debug_frame   0x000000c0      0x280 ../../../src/radio/cc2420/source/basic_rf.o
 .debug_frame   0x00000340      0x160 ../../../src/platform/micaZ/source/ulib.o
 .debug_frame   0x000004a0       0x20 ../../../src/platform/micaZ/source/hal_wait.o
 .debug_frame   0x000004c0       0xb0 ../../../src/platform/micaZ/source/nrk_eeprom.o
 .debug_frame   0x00000570       0x90 ../../../src/kernel/source/nrk.o
 .debug_frame   0x00000600       0xb0 ../../../src/kernel/source/nrk_stats.o
 .debug_frame   0x000006b0       0xc0 ../../../src/kernel/source/nrk_error.o
 .debug_frame   0x00000770       0x40 ../../../src/kernel/source/nrk_stack_check.o
 .debug_frame   0x000007b0       0xf0 ../../../src/kernel/source/nrk_events.o
 .debug_frame   0x000008a0      0x110 ../../../src/kernel/source/nrk_task.o
 .debug_frame   0x000009b0       0x90 ../../../src/kernel/source/nrk_time.o
 .debug_frame   0x00000a40       0x20 ../../../src/kernel/source/nrk_idle_task.o
 .debug_frame   0x00000a60       0x20 ../../../src/kernel/source/nrk_scheduler.o
 .debug_frame   0x00000a80       0x70 ../../../src/kernel/source/nrk_sw_wdt.o
 .debug_frame   0x00000af0      0x180 ../../../src/kernel/hal/atmega128/nrk_timer.o
 .debug_frame   0x00000c70       0x20 ../../../src/kernel/hal/atmega128/nrk_status.o
 .debug_frame   0x00000c90       0x50 ../../../src/kernel/hal/atmega128/nrk_ext_int.o
 .debug_frame   0x00000ce0       0x50 ../../../src/kernel/hal/atmega128/nrk_watchdog.o
 .debug_frame   0x00000d30       0xa0 ../../../src/kernel/hal/atmega128/nrk_cpu.o
 .debug_frame   0x00000dd0       0x30 ../../../src/drivers/platform/micaZ/source/ad5242.o
 .debug_frame   0x00000e00       0x50 ../../../src/drivers/platform/micaZ/source/adc_driver.o
 .debug_frame   0x00000e50       0xa0 ../../../src/drivers/platform/micaZ/source/i2c_driver.o
 .debug_frame   0x00000ef0       0x90 ../../../src/drivers/platform/micaZ/source/mda100_driver.o
 .debug_frame   0x00000f80      0x140 ../../../src/drivers/platform/micaZ/source/mts310cb_driver.o
 .debug_frame   0x000010c0       0x90 ../../../src/drivers/platform/micaZ/source/DS2401.o
 .debug_frame   0x00001150       0x60 ../../../src/drivers/platform/micaZ/source/DOGM128-6_Graphicdisplay_driver.o
 .debug_frame   0x000011b0       0xd0 ../../../src/drivers/platform/micaZ/source/eDIP240-7_TouchPanel_driver.o
 .debug_frame   0x00001280      0x340 ../../../src/drivers/platform/micaZ/source/TUM_LKN_Sensorboard_driver.o
 .debug_frame   0x000015c0       0x20 c:/winavr-20100110/bin/../lib/gcc/avr/4.3.3/avr51\libgcc.a(_udivdi3.o)

.debug_str      0x00000000     0x2d20
 *(.debug_str)
 .debug_str     0x00000000      0x325 main.o
                                0x3c1 (size before relaxing)
 .debug_str     0x00000325       0x46 ../../../src/radio/cc2420/source/hal_rf_set_channel.o
                                0x141 (size before relaxing)
 .debug_str     0x0000036b       0x72 ../../../src/radio/cc2420/source/hal_rf_wait_for_crystal_oscillator.o
                                0x15c (size before relaxing)
 .debug_str     0x000003dd      0x422 ../../../src/radio/cc2420/source/basic_rf.o
                                0x63c (size before relaxing)
 .debug_str     0x000007ff      0x32e ../../../src/platform/micaZ/source/ulib.o