Archive member included because of file (symbol)

c:/winavr-20100110/bin/../lib/gcc/avr/4.3.3/../../../../avr/lib/avr51\libprintf_flt.a(vfprintf_flt.o)
                              (vfprintf)
c:/winavr-20100110/bin/../lib/gcc/avr/4.3.3/../../../../avr/lib/avr51\libm.a(addsf3.o)
                              ../../../src/drivers/platform/micaZ/source/mda100_driver.o (__subsf3)
c:/winavr-20100110/bin/../lib/gcc/avr/4.3.3/../../../../avr/lib/avr51\libm.a(addsf3x.o)
                              c:/winavr-20100110/bin/../lib/gcc/avr/4.3.3/../../../../avr/lib/avr51\libm.a(addsf3.o) (__addsf3x)
c:/winavr-20100110/bin/../lib/gcc/avr/4.3.3/../../../../avr/lib/avr51\libm.a(divsf3.o)
                              ../../../src/drivers/platform/micaZ/source/adc_driver.o (__divsf3)
c:/winavr-20100110/bin/../lib/gcc/avr/4.3.3/../../../../avr/lib/avr51\libm.a(divsf3x.o)
                              c:/winavr-20100110/bin/../lib/gcc/avr/4.3.3/../../../../avr/lib/avr51\libm.a(divsf3.o) (__divsf3x)
c:/winavr-20100110/bin/../lib/gcc/avr/4.3.3/../../../../avr/lib/avr51\libm.a(fixunssfsi.o)
                              ../../../src/drivers/platform/micaZ/source/TUM_LKN_Sensorboard_driver.o (__fixunssfsi)
c:/winavr-20100110/bin/../lib/gcc/avr/4.3.3/../../../../avr/lib/avr51\libm.a(floatsisf.o)
                              ../../../src/drivers/platform/micaZ/source/adc_driver.o (__floatunsisf)
c:/winavr-20100110/bin/../lib/gcc/avr/4.3.3/../../../../avr/lib/avr51\libm.a(fp_inf.o)
                              c:/winavr-20100110/bin/../lib/gcc/avr/4.3.3/../../../../avr/lib/avr51\libm.a(addsf3x.o) (__fp_inf)
c:/winavr-20100110/bin/../lib/gcc/avr/4.3.3/../../../../avr/lib/avr51\libm.a(fp_nan.o)
                              c:/winavr-20100110/bin/../lib/gcc/avr/4.3.3/../../../../avr/lib/avr51\libm.a(addsf3x.o) (__fp_nan)
c:/winavr-20100110/bin/../lib/gcc/avr/4.3.3/../../../../avr/lib/avr51\libm.a(fp_pscA.o)
                              c:/winavr-20100110/bin/../lib/gcc/avr/4.3.3/../../../../avr/lib/avr51\libm.a(addsf3x.o) (__fp_pscA)
c:/winavr-20100110/bin/../lib/gcc/avr/4.3.3/../../../../avr/lib/avr51\libm.a(fp_pscB.o)
                              c:/winavr-20100110/bin/../lib/gcc/avr/4.3.3/../../../../avr/lib/avr51\libm.a(addsf3x.o) (__fp_pscB)
c:/winavr-20100110/bin/../lib/gcc/avr/4.3.3/../../../../avr/lib/avr51\libm.a(fp_round.o)
                              c:/winavr-20100110/bin/../lib/gcc/avr/4.3.3/../../../../avr/lib/avr51\libm.a(addsf3.o) (__fp_round)
c:/winavr-20100110/bin/../lib/gcc/avr/4.3.3/../../../../avr/lib/avr51\libm.a(fp_split3.o)
                              c:/winavr-20100110/bin/../lib/gcc/avr/4.3.3/../../../../avr/lib/avr51\libm.a(addsf3x.o) (__fp_split3)
c:/winavr-20100110/bin/../lib/gcc/avr/4.3.3/../../../../avr/lib/avr51\libm.a(fp_zero.o)
                              c:/winavr-20100110/bin/../lib/gcc/avr/4.3.3/../../../../avr/lib/avr51\libm.a(addsf3x.o) (__fp_zero)
c:/winavr-20100110/bin/../lib/gcc/avr/4.3.3/../../../../avr/lib/avr51\libm.a(gesf2.o)
                              ../../../src/drivers/platform/micaZ/source/TUM_LKN_Sensorboard_driver.o (__gesf2)
c:/winavr-20100110/bin/../lib/gcc/avr/4.3.3/../../../../avr/lib/avr51\libm.a(log.o)
                              ../../../src/drivers/platform/micaZ/source/mda100_driver.o (log)
c:/winavr-20100110/bin/../lib/gcc/avr/4.3.3/../../../../avr/lib/avr51\libm.a(mulsf3.o)
                              ../../../src/drivers/platform/micaZ/source/mda100_driver.o (__mulsf3)
c:/winavr-20100110/bin/../lib/gcc/avr/4.3.3/../../../../avr/lib/avr51\libm.a(mulsf3x.o)
                              c:/winavr-20100110/bin/../lib/gcc/avr/4.3.3/../../../../avr/lib/avr51\libm.a(log.o) (__mulsf3x)
c:/winavr-20100110/bin/../lib/gcc/avr/4.3.3/../../../../avr/lib/avr51\libm.a(pow.o)
                              ../../../src/drivers/platform/micaZ/source/mda100_driver.o (pow)
c:/winavr-20100110/bin/../lib/gcc/avr/4.3.3/../../../../avr/lib/avr51\libm.a(exp.o)
                              c:/winavr-20100110/bin/../lib/gcc/avr/4.3.3/../../../../avr/lib/avr51\libm.a(pow.o) (exp)
c:/winavr-20100110/bin/../lib/gcc/avr/4.3.3/../../../../avr/lib/avr51\libm.a(fp_cmp.o)
                              c:/winavr-20100110/bin/../lib/gcc/avr/4.3.3/../../../../avr/lib/avr51\libm.a(gesf2.o) (__fp_cmp)
c:/winavr-20100110/bin/../lib/gcc/avr/4.3.3/../../../../avr/lib/avr51\libm.a(fp_mpack.o)
                              c:/winavr-20100110/bin/../lib/gcc/avr/4.3.3/../../../../avr/lib/avr51\libm.a(log.o) (__fp_mpack)
c:/winavr-20100110/bin/../lib/gcc/avr/4.3.3/../../../../avr/lib/avr51\libm.a(fp_powser.o)
                              c:/winavr-20100110/bin/../lib/gcc/avr/4.3.3/../../../../avr/lib/avr51\libm.a(log.o) (__fp_powser)
c:/winavr-20100110/bin/../lib/gcc/avr/4.3.3/../../../../avr/lib/avr51\libm.a(inverse.o)
                              c:/winavr-20100110/bin/../lib/gcc/avr/4.3.3/../../../../avr/lib/avr51\libm.a(exp.o) (inverse)
[...]
Memory Configuration

Name             Origin             Length             Attributes
text             0x00000000         0x00020000         xr
data             0x00800060         0x0000ffa0         rw !x
eeprom           0x00810000         0x00010000         rw !x
fuse             0x00820000         0x00000400         rw !x
lock             0x00830000         0x00000400         rw !x
signature        0x00840000         0x00000400         rw !x
*default*        0x00000000         0xffffffff

Linker script and memory map

Address of section .data set to 0x800100
LOAD c:/winavr-20100110/bin/../lib/gcc/avr/4.3.3/../../../../avr/lib/avr51/crtm128.o
LOAD main.o
LOAD ../../../src/radio/cc2420/source/hal_rf_set_channel.o
LOAD ../../../src/radio/cc2420/source/hal_rf_wait_for_crystal_oscillator.o
LOAD ../../../src/radio/cc2420/source/basic_rf.o
LOAD ../../../src/platform/micaZ/source/ulib.o
LOAD ../../../src/platform/micaZ/source/hal_wait.o
LOAD ../../../src/platform/micaZ/source/nrk_eeprom.o
LOAD ../../../src/kernel/source/nrk.o
LOAD ../../../src/kernel/source/nrk_stats.o
LOAD ../../../src/kernel/source/nrk_error.o
LOAD ../../../src/kernel/source/nrk_stack_check.o
LOAD ../../../src/kernel/source/nrk_events.o
LOAD ../../../src/kernel/source/nrk_task.o
LOAD ../../../src/kernel/source/nrk_time.o
LOAD ../../../src/kernel/source/nrk_idle_task.o
LOAD ../../../src/kernel/source/nrk_scheduler.o
LOAD ../../../src/kernel/source/nrk_driver.o
LOAD ../../../src/kernel/source/nrk_reserve.o
LOAD ../../../src/kernel/source/nrk_sw_wdt.o
LOAD ../../../src/kernel/hal/atmega128/nrk_timer.o
LOAD ../../../src/kernel/hal/atmega128/nrk_status.o
LOAD ../../../src/kernel/hal/atmega128/nrk_ext_int.o
LOAD ../../../src/kernel/hal/atmega128/nrk_watchdog.o
LOAD ../../../src/kernel/hal/atmega128/nrk_cpu.o
LOAD ../../../src/drivers/platform/micaZ/source/ad5242.o
LOAD ../../../src/drivers/platform/micaZ/source/adc_driver.o
LOAD ../../../src/drivers/platform/micaZ/source/i2c_driver.o
LOAD ../../../src/drivers/platform/micaZ/source/mda100_driver.o
LOAD ../../../src/drivers/platform/micaZ/source/mts310cb_driver.o
LOAD ../../../src/drivers/platform/micaZ/source/DS2401.o
LOAD ../../../src/drivers/platform/micaZ/source/DOGM128-6_Graphicdisplay_driver.o
LOAD ../../../src/drivers/platform/micaZ/source/eDIP240-7_TouchPanel_driver.o
LOAD ../../../src/drivers/platform/micaZ/source/TUM_LKN_Sensorboard_driver.o
LOAD ../../../src/kernel/hal/atmega128/atmel_hw_specific.o
LOAD c:/winavr-20100110/bin/../lib/gcc/avr/4.3.3/../../../../avr/lib/avr51\libprintf_flt.a
LOAD c:/winavr-20100110/bin/../lib/gcc/avr/4.3.3/../../../../avr/lib/avr51\libm.a
LOAD c:/winavr-20100110/bin/../lib/gcc/avr/4.3.3/avr51\libgcc.a
LOAD c:/winavr-20100110/bin/../lib/gcc/avr/4.3.3/../../../../avr/lib/avr51\libc.a
LOAD c:/winavr-20100110/bin/../lib/gcc/avr/4.3.3/avr51\libgcc.a

.hash
 *(.hash)

.dynsym
 *(.dynsym)

.dynstr
 *(.dynstr)

.gnu.version
 *(.gnu.version)

.gnu.version_d
 *(.gnu.version_d)

.gnu.version_r
 *(.gnu.version_r)

.rel.init
 *(.rel.init)

.rela.init
 *(.rela.init)

.rel.text
 *(.rel.text)
 *(.rel.text.*)
 *(.rel.gnu.linkonce.t*)

.rela.text
 *(.rela.text)
 *(.rela.text.*)
 *(.rela.gnu.linkonce.t*)

.rel.fini
 *(.rel.fini)

.rela.fini
 *(.rela.fini)

.rel.rodata
 *(.rel.rodata)
 *(.rel.rodata.*)
 *(.rel.gnu.linkonce.r*)

.rela.rodata
 *(.rela.rodata)
 *(.rela.rodata.*)
 *(.rela.gnu.linkonce.r*)

.rel.data
 *(.rel.data)
 *(.rel.data.*)
 *(.rel.gnu.linkonce.d*)

.rela.data
 *(.rela.data)
 *(.rela.data.*)
 *(.rela.gnu.linkonce.d*)

.rel.ctors
 *(.rel.ctors)

.rela.ctors
 *(.rela.ctors)

.rel.dtors
 *(.rel.dtors)

.rela.dtors
 *(.rela.dtors)

.rel.got
 *(.rel.got)

.rela.got
 *(.rela.got)

.rel.bss
 *(.rel.bss)

.rela.bss
 *(.rela.bss)

.rel.plt
 *(.rel.plt)

.rela.plt
 *(.rela.plt)

.text           0x00000000     0x9d98
 *(.vectors)
 .vectors       0x00000000       0x8c c:/winavr-20100110/bin/../lib/gcc/avr/4.3.3/../../../../avr/lib/avr51/crtm128.o
                0x00000000                __vectors
 *(.vectors)
 *(.progmem.gcc*)
 .progmem.gcc_sw_table
                0x0000008c       0x2c ../../../src/kernel/source/nrk_error.o
 .progmem.gcc_fplib
                0x000000b8       0x5a c:/winavr-20100110/bin/../lib/gcc/avr/4.3.3/../../../../avr/lib/avr51\libm.a(log.o)
 .progmem.gcc_fplib
                0x00000112       0x28 c:/winavr-20100110/bin/../lib/gcc/avr/4.3.3/../../../../avr/lib/avr51\libm.a(exp.o)
 *(.progmem*)
 .progmem.data  0x0000013a       0xec ../../../src/kernel/source/nrk_stats.o
 .progmem.data  0x00000226      0x238 ../../../src/kernel/source/nrk_error.o
 .progmem.data  0x0000045e        0xf ../../../src/kernel/source/nrk_stack_check.o
 .progmem.data  0x0000046d      0x500 ../../../src/drivers/platform/micaZ/source/DOGM128-6_Graphicdisplay_driver.o
                0x0000046d                font5x7
 .progmem.data  0x0000096d        0x8 c:/winavr-20100110/bin/../lib/gcc/avr/4.3.3/../../../../avr/lib/avr51\libprintf_flt.a(vfprintf_flt.o)
 .progmem.data  0x00000975       0xfa c:/winavr-20100110/bin/../lib/gcc/avr/4.3.3/../../../../avr/lib/avr51\libc.a(ftoa_engine.o)
                0x00000a70                . = ALIGN (0x2)
 *fill*         0x00000a6f        0x1 00
                0x00000a70                __trampolines_start = .
 *(.trampolines)
 .trampolines   0x00000a70        0x0 linker stubs
 *(.trampolines*)
                0x00000a70                __trampolines_end = .
 *(.jumptables)
 *(.jumptables*)
 *(.lowtext)
 *(.lowtext*)
                0x00000a70                __ctors_start = .
 *(.ctors)
                0x00000a70                __ctors_end = .
                0x00000a70                __dtors_start = .
 *(.dtors)
                0x00000a70                __dtors_end = .
 SORT(*)(.ctors)
 SORT(*)(.dtors)
 *(.init0)
 .init0         0x00000a70        0x0 c:/winavr-20100110/bin/../lib/gcc/avr/4.3.3/../../../../avr/lib/avr51/crtm128.o
                0x00000a70                __init
 *(.init0)
 *(.init1)
 *(.init1)
 *(.init2)
 .init2         0x00000a70        0xc c:/winavr-20100110/bin/../lib/gcc/avr/4.3.3/../../../../avr/lib/avr51/crtm128.o
 *(.init2)
 *(.init3)
 *(.init3)
 *(.init4)
 .init4         0x00000a7c       0x1a c:/winavr-20100110/bin/../lib/gcc/avr/4.3.3/../../../../avr/lib/avr51/crtm128.o
                0x00000a7c                __do_copy_data
 .init4         0x00000a96       0x10 c:/winavr-20100110/bin/../lib/gcc/avr/4.3.3/avr51\libgcc.a(_clear_bss.o)
                0x00000a96                __do_clear_bss
 *(.init4)
 *(.init5)
 *(.init5)
 *(.init6)
 *(.init6)
 *(.init7)
 *(.init7)
 *(.init8)
 *(.init8)
 *(.init9)
 .init9         0x00000aa6        0x8 c:/winavr-20100110/bin/../lib/gcc/avr/4.3.3/../../../../avr/lib/avr51/crtm128.o
 *(.init9)
 *(.text)
 .text          0x00000aae        0x4 c:/winavr-20100110/bin/../lib/gcc/avr/4.3.3/../../../../avr/lib/avr51/crtm128.o
                0x00000aae                __vector_22
                0x00000aae                __vector_28
                0x00000aae                __vector_32
                0x00000aae                __vector_34
                0x00000aae                __vector_24
                0x00000aae                __vector_12
                0x00000aae                __bad_interrupt
                0x00000aae                __vector_6
                0x00000aae                __vector_31
                0x00000aae                __vector_3
                0x00000aae                __vector_23
                0x00000aae                __vector_30
                0x00000aae                __vector_25
                0x00000aae                __vector_11
                0x00000aae                __vector_13
                0x00000aae                __vector_17
                0x00000aae                __vector_19
                0x00000aae                __vector_7
                0x00000aae                __vector_27
                0x00000aae                __vector_5
                0x00000aae                __vector_33
                0x00000aae                __vector_4
                0x00000aae                __vector_2
                0x00000aae                __vector_21
                0x00000aae                __vector_29
                0x00000aae                __vector_8
                0x00000aae                __vector_26
                0x00000aae                __vector_14
                0x00000aae                __vector_10
                0x00000aae                __vector_18
                0x00000aae                __vector_20
 .text          0x00000ab2      0x5e2 main.o
                0x00000e36                Task4
                0x00000ab2                kill_stack
                0x00000f98                Task1
                0x00000b8a                nrk_create_taskset
                0x00001036                main
                0x00000eac                Task3
                0x00000f22                Task2
 .text          0x00001094       0x34 ../../../src/radio/cc2420/source/hal_rf_set_channel.o
                0x00001094                halRfSetChannel
 .text          0x000010c8       0x16 ../../../src/radio/cc2420/source/hal_rf_wait_for_crystal_oscillator.o
                0x000010c8                halRfWaitForCrystalOscillator
 .text          0x000010de     0x11a0 ../../../src/radio/cc2420/source/basic_rf.o
                0x000020e6                rf_set_channel
                0x000012c8                rf_rx_on
                0x00001266                rf_auto_ack_enable
                0x000011e8                rf_tx_power
                0x000020b4                rf_set_rx
                0x0000123a                rf_addr_decode_disable
                0x000017be                rf_data_mode
                0x00001338                rf_rx_check_fifop
                0x000018e6                rf_tx_packet
                0x00001852                rf_set_preamble_length
                0x0000134a                rf_rx_check_sfd
                0x0000117c                rf_security_enable
                0x0000226c                cc259x_rx
                0x00001724                rf_rx_packet
                0x000018d8                rf_carrier_off
                0x00001326                rf_busy
                0x0000188a                rf_set_cca_mode
                0x00001830                rf_tx_set_serial
                0x000012ec                rf_polling_rx_on
                0x0000135c                rf_polling_rx_packet
                0x000018ca                rf_carrier_on
                0x0000225a                cc259x_tx
                0x0000209a                rf_power_up
                0x000011de                rf_get_sem
                0x000010de                rf_power_down
                0x00001310                rf_rx_off
                0x00001736                rf_flush_rx_fifo
                0x000020ec                rf_init
                0x0000120e                rf_addr_decode_enable
                0x00001eea                rf_security_set_key
                0x00001bd8                rf_tx_tdma_packet
                0x00001102                rf_security_set_ctr_counter
                0x00001750                rf_set_cca_thresh
                0x00001e8c                rf_addr_decode_set_my_mac
                0x000011bc                rf_security_disable
                0x00001298                rf_auto_ack_disable
                0x00001802                rf_rx_set_serial
                0x00001776                rf_test_mode
                0x000010fc                rf_security_last_pkt_status
 .text          0x0000227e      0x526 ../../../src/platform/micaZ/source/ulib.o
                0x000022ae                nrk_gpio_set
                0x000025f4                nrk_get_button
                0x0000277e                nrk_kprintf
                0x00002282                nrk_uart_data_ready
                0x000024d8                nrk_gpio_direction
                0x000022a4                getc0
                0x00002694                nrk_led_set
                0x00002724                getc1
                0x00002448                nrk_gpio_toggle
                0x0000233e                nrk_gpio_clr
                0x000026be                putc0
                0x0000273c                nrk_setup_uart
                0x00002434                nrk_gpio_pullups
                0x000026fa                setup_uart1
                0x0000264c                nrk_setup_ports
                0x000026c8                putc1
                0x00002622                nrk_led_clr
                0x000023d0                nrk_gpio_get
                0x000026e2                setup_uart0
                0x000025f8                nrk_led_toggle
                0x0000227e                nrk_uart_rx_signal_get
 .text          0x000027a4        0xe ../../../src/platform/micaZ/source/hal_wait.o
                0x000027a4                halWait
 .text          0x000027b2      0x13a ../../../src/platform/micaZ/source/nrk_eeprom.o
                0x00002850                read_eeprom_load_img_pages
                0x000028e6                nrk_eeprom_read_byte
                0x000027b2                write_eeprom_current_image_checksum
                0x000027f0                write_eeprom_load_img_pages
                0x00002884                read_eeprom_mac_address
                0x00002800                nrk_eeprom_write_byte
                0x000027c2                write_eeprom_aes_key
                0x0000286a                read_eeprom_channel
                0x00002822                read_eeprom_aes_key
                0x00002808                read_eeprom_current_image_checksum
 .text          0x000028ec      0x45c ../../../src/kernel/source/nrk.o
                0x000028f8                nrk_version
                0x00002bfe                nrk_init
                0x00002904                nrk_TCB_init
                0x000028f4                nrk_halt
                0x000028fe                _nrk_timer_tick
                0x000028f0                nrk_int_enable
                0x00002b44                nrk_start
                0x000028ec                nrk_int_disable
 .text          0x00002d48      0xd0a ../../../src/kernel/source/nrk_stats.o
                0x00002e66                _nrk_stats_task_start
                0x00002d48                nrk_stats_reset
                0x00003a0a                _nrk_stats_sleep
                0x00002de0                _nrk_stats_add_violation
                0x00002dac                nrk_stats_get_deep_sleep
                0x00002f2a                _nrk_stats_task_preempted
                0x0000309e                _nrk_stats_task_suspend
                0x0000341a                nrk_stats_display_pid
                0x00003290                nrk_stats_get
                0x000039ee                nrk_stats_display_all
 .text          0x00003a52      0x482 ../../../src/kernel/source/nrk_error.o
                0x00003eb8                nrk_error_add
                0x00003a82                pause
                0x00003e8a                nrk_kernel_error_add
                0x00003aac                blink_dot
                0x00003ae8                blink_morse_code_error
                0x00003ac6                blink_dash
                0x00003a6a                nrk_error_get
                0x00003d8e                _nrk_log_error
                0x00003a5e                nrk_errno_get
                0x00003a52                _nrk_errno_set
                0x00003c4a                nrk_error_print
 .text          0x00003ed4      0x23e ../../../src/kernel/source/nrk_stack_check.o
                0x00003f18                dump_stack_info
                0x00003ed4                nrk_stack_check_pid
                0x000040cc                nrk_stack_check
 .text          0x00004112      0x5b6 ../../../src/kernel/source/nrk_events.o
                0x0000448e                nrk_signal_delete
                0x000043b4                nrk_event_signal
                0x00004310                nrk_sem_post
                0x00004286                nrk_sem_create
                0x0000464e                nrk_event_wait
                0x000042de                nrk_sem_query
                0x00004112                nrk_signal_create
                0x00004218                nrk_signal_register
                0x000045a6                nrk_sem_pend
                0x0000429a                nrk_sem_delete
                0x00004184                nrk_signal_get_registered_mask
                0x0000428c                nrk_get_resource_index
                0x00004196                nrk_signal_unregister
 .text          0x000046c8      0x6bc ../../../src/kernel/source/nrk_task.o
                0x00004918                _nrk_wait_for_scheduler
                0x0000490c                nrk_get_pid
                0x00004c5c                nrk_wait_until_next_period
                0x00004b8c                nrk_wait_ticks
                0x000049d8                nrk_wait_until
                0x00004acc                nrk_set_next_wakeup
                0x000046ea                nrk_add_to_readyQ
                0x00004a80                nrk_wait_until_nw
                0x000046d4                nrk_print_readyQ
                0x00004cdc                nrk_activate_task
                0x00004b38                nrk_wait_until_ticks
                0x0000492c                nrk_wait
                0x00004cba                nrk_terminate_task
                0x000046c8                nrk_get_high_ready_task_ID
                0x00004bf8                nrk_wait_until_next_n_periods
                0x0000484e                nrk_rem_from_readyQ
 .text          0x00004d84      0x5f2 ../../../src/kernel/source/nrk_time.o
                0x00004fd2                nrk_time_set
                0x000052b8                nrk_time_get
                0x00004ff4                _nrk_time_to_ticks
                0x00005198                _nrk_time_to_ticks_long
                0x00004f8e                nrk_time_compact_nanos
                0x00004e9c                nrk_time_add
                0x00004d84                nrk_time_sub
                0x00005124                _nrk_ticks_to_time
 .text          0x00005376       0x4c ../../../src/kernel/source/nrk_idle_task.o
                0x00005376                nrk_idle_task
 .text          0x000053c2      0x57a ../../../src/kernel/source/nrk_scheduler.o
                0x000053c2                nrk_printnum
                0x0000544c                _nrk_scheduler
 .text          0x0000593c        0x0 ../../../src/kernel/source/nrk_driver.o
 .text          0x0000593c        0x0 ../../../src/kernel/source/nrk_reserve.o
 .text          0x0000593c      0x2e2 ../../../src/kernel/source/nrk_sw_wdt.o
                0x000059c8                nrk_sw_wdt_start
                0x00005a62                nrk_sw_wdt_update
                0x00005b26                _nrk_sw_wdt_check
                0x0000594a                nrk_sw_wdt_init
                0x0000593c                _nrk_sw_wdt_init
                0x000059a0                nrk_sw_wdt_stop
 .text          0x00005c1e      0x2fc ../../../src/kernel/hal/atmega128/nrk_timer.o
                0x00005c82                nrk_high_speed_timer_wait
                0x00005dcc                nrk_timer_int_reset
                0x00005d36                _nrk_os_timer_reset
                0x00005d54                _nrk_os_timer_get
                0x00005dbe                nrk_timer_int_stop
                0x00005c1e                nrk_spin_wait_us
                0x00005c76                _nrk_high_speed_timer_reset
                0x00005c2c                _nrk_setup_timer
                0x00005ec6                __vector_default
                0x00005d4e                _nrk_set_next_wakeup
                0x00005dda                nrk_timer_int_read
                0x00005c6c                _nrk_high_speed_timer_stop
                0x00005c70                _nrk_high_speed_timer_start
                0x00005e62                __vector_9
                0x00005dee                nrk_timer_int_start
                0x00005d58                __vector_15
                0x00005e00                nrk_timer_int_configure
                0x00005d16                _nrk_os_timer_set
                0x00005cf4                _nrk_high_speed_timer_get
                0x00005d1a                _nrk_os_timer_stop
                0x00005d58                __vector_16
                0x00005d2a                _nrk_os_timer_start
                0x00005d48                _nrk_get_next_wakeup
 .text          0x00005f1a       0x48 ../../../src/kernel/hal/atmega128/nrk_status.o
                0x00005f1a                _nrk_startup_error
 .text          0x00005f62       0x60 ../../../src/kernel/hal/atmega128/nrk_ext_int.o
                0x00005f62                nrk_ext_int_enable
                0x00005f6e                __vector_1
                0x00005f6a                nrk_ext_int_configure
                0x00005f66                nrk_ext_int_disable
 .text          0x00005fc2       0x48 ../../../src/kernel/hal/atmega128/nrk_watchdog.o
                0x00005ff0                nrk_watchdog_disable
                0x00005fd4                nrk_watchdog_enable
                0x00005fc2                nrk_watchdog_check
                0x00005fd0                nrk_watchdog_reset
 .text          0x0000600a      0x100 ../../../src/kernel/hal/atmega128/nrk_cpu.o
                0x000060a6                nrk_stack_pointer_init
                0x000060ce                nrk_task_set_stk
                0x0000602c                nrk_idle
                0x0000600a                nrk_battery_save
                0x0000600c                nrk_task_set_entry_function
                0x000060c4                nrk_target_start
                0x00006098                nrk_stack_pointer_restore
                0x00006042                nrk_task_stk_init
                0x00006014                nrk_sleep
 .text          0x0000610a       0x34 ../../../src/drivers/platform/micaZ/source/ad5242.o
                0x00006138                ad5242_init
                0x0000610a                ad5242_set
 .text          0x0000613e       0x6c ../../../src/drivers/platform/micaZ/source/adc_driver.o
                0x0000616e                adc_GetChannel
                0x00006186                adc_GetBatteryVoltage
                0x0000616a                adc_Powersave
                0x0000613e                adc_init
 .text          0x000061aa      0x100 ../../../src/drivers/platform/micaZ/source/i2c_driver.o
                0x00006252                i2c_receive
                0x000061ca                i2c_actionStart
                0x000061d6                i2c_start
                0x00006280                i2c_controlByte_RX
                0x000061fe                i2c_stop
                0x00006296                i2c_controlByte_TX
                0x000061aa                i2c_init
                0x000061c0                i2c_waitForInterruptFlag
                0x0000621c                i2c_send
 .text          0x000062aa      0x16e ../../../src/drivers/platform/micaZ/source/mda100_driver.o
                0x000062f6                mda100_TemperatureSensor_GetKelvin
                0x000063ec                mda100_LightSensor_GetCounts
                0x000062aa                mda100_init
                0x000062dc                mda100_TemperatureSensor_GetCounts
                0x000063b4                mda100_TemperatureSensor_GetDegreeCelsius
                0x000063c6                mda100_LightSensor_Power
                0x000062b6                mda100_TemperatureSensor_Power
                0x00006406                mda100_Powersave
 .text          0x00006418      0x1fe ../../../src/drivers/platform/micaZ/source/mts310cb_driver.o
                0x00006478                mts310cb_Microphone_GetCounts
                0x000064ea                mts310cb_Magnetometer_x_SetOffset
                0x000064ae                mts310cb_Microphone_SetGain
                0x00006544                mts310cb_TemperatureSensor_Power
                0x000065ae                mts310cb_TemperatureSensor_GetCounts
                0x0000643c                mts310cb_Magnetometer_x_GetCounts
                0x00006526                mts310cb_Sounder_Power
                0x000064cc                mts310cb_Magnetometer_y_SetOffset
                0x00006604                mts310cb_Powersave
                0x0000648c                mts310cb_Microphone_SetMode
                0x0000656c                mts310cb_LightSensor_Power
                0x00006418                mts310cb_init
                0x00006464                mts310cb_Accelerometer_x_GetCounts
                0x00006594                mts310cb_LightSensor_GetCounts
                0x00006428                mts310cb_Magnetometer_y_GetCounts
                0x000065c8                mts310cb_Magnetometer_Power
                0x000065e6                mts310cb_Accelerometer_Power
                0x00006508                mts310cb_Microphone_Power
                0x00006450                mts310cb_Accelerometer_y_GetCounts
 .text          0x00006616      0x1be ../../../src/drivers/platform/micaZ/source/DS2401.o
                0x00006726                DS2401_init
                0x0000671e                Maxim_1Wire_CommandReadRom
                0x000066b0                Maxim_1Wire_WriteByte
                0x00006616                Maxim_1Wire_ResetPulse
                0x00006738                DS2401_getSerialNumber
                0x00006656                Maxim_1Wire_WriteBit
                0x00006682                Maxim_1Wire_ReadBit
                0x000066ec                Maxim_1Wire_ReadByte
 .text          0x000067d4      0x20a ../../../src/drivers/platform/micaZ/source/DOGM128-6_Graphicdisplay_driver.o
                0x000068ae                DOGM128_6_display_init
                0x00006954                DOGM128_6_display_backlight
                0x00006960                DOGM128_6_LCD_print
                0x000067d4                DOGM128_6_usart1_sendByte
                0x0000684c                DOGM128_6_clear_display
 .text          0x000069de      0x828 ../../../src/drivers/platform/micaZ/source/eDIP240-7_TouchPanel_driver.o
                0x000071de                eDIP240_7_Display_send_string_with_NULL
                0x00006ca2                eDIP240_7_Display_get_protocoll_info
                0x00006ba2                eDIP240_7_Display_repeat_last_packet
                0x00006eae                eDIP240_7_Display_request_buffer_info
                0x00006fda                eDIP240_7_Display_get_buffer
                0x000069de                USART0_getchar
                0x00006ada                eDIP240_7_Display_select
                0x00006a02                USART0_putchar
                0x00006a12                eDIP240_7_Display_deselect
                0x000071f0                eDIP240_7_Display_send_string
                0x00007102                eDIP240_7_Display_send_packet
                0x00006dde                eDIP240_7_Display_set_protocol
 .text          0x00007206      0x772 ../../../src/drivers/platform/micaZ/source/TUM_LKN_Sensorboard_driver.o
                0x000076ea                TUM_LKN_Sensorboard_yellowOff
                0x00007706                TUM_LKN_Sensorboard_redBlink
                0x000076a8                TUM_LKN_Sensorboard_greenOn
                0x0000773c                TUM_LKN_Sensorboard_redOn
                0x0000750c                TWI_write
                0x0000737e                TUM_LKN_Sensorboard_getCurrentStep
                0x00007786                TUM_LKN_Sensorboard_laserOn
                0x00007806                writeDAC
                0x00007260                S2V
                0x000073ea                TUM_LKN_Sensorboard_setControl1
                0x00007234                getLedMode
                0x00007206                setLedMode
                0x000072ba                setBits
                0x000078ee                TUM_LKN_Sensorboard_stepCCW
                0x0000796a                TUM_LKN_Sensorboard_init
                0x000076b6                TUM_LKN_Sensorboard_yellowBlink
                0x00007676                TUM_LKN_Sensorboard_greenToggle
                0x00007570                TWI_read
                0x00007384                TUM_LKN_Sensorboard_setControl0
                0x00007664                TUM_LKN_Sensorboard_greenBlink
                0x00007916                TUM_LKN_Sensorboard_StepperIdle
                0x000072c2                prescalerSec2Hex
                0x00007290                V2S
                0x00007718                TUM_LKN_Sensorboard_redToggle
                0x00007836                readIOs
                0x00007794                readADC
                0x0000772e                TUM_LKN_Sensorboard_redOff
                0x00007876                TUM_LKN_Sensorboard_halfStepCW
                0x00007326                pwmFrac2Hex
                0x0000793a                TUM_LKN_Sensorboard_writeIO
                0x0000774a                TUM_LKN_Sensorboard_laserBlink
                0x000077e6                TUM_LKN_Sensorboard_readChannel3
                0x000077fe                TUM_LKN_Sensorboard_readPhotoVoltage
                0x0000769a                TUM_LKN_Sensorboard_greenOff
                0x000077f6                TUM_LKN_Sensorboard_readChannel1
                0x00007778                TUM_LKN_Sensorboard_laserOff
                0x0000782c                TUM_LKN_Sensorboard_writeValue
                0x00007922                TUM_LKN_Sensorboard_setBeeper
                0x0000789e                TUM_LKN_Sensorboard_halfStepCCW
                0x000076f8                TUM_LKN_Sensorboard_yellowOn
                0x00007964                TUM_LKN_Sensorboard_writeIOs
                0x00007450                TUM_LKN_Sensorboard_setBrightness0
                0x0000775c                TUM_LKN_Sensorboard_laserToggle
                0x000078c6                TUM_LKN_Sensorboard_stepCW
                0x000077e0                TUM_LKN_Sensorboard_readChannel
                0x00007852                writeIOs
                0x000074ae                TUM_LKN_Sensorboard_setBrightness1
                0x000077ee                TUM_LKN_Sensorboard_readChannel2
                0x0000761a                setLeds
                0x000075ee                i2cAction
                0x000076c8                TUM_LKN_Sensorboard_yellowToggle
 .text          0x00007978       0x56 ../../../src/kernel/hal/atmega128/atmel_hw_specific.o
                0x00007978                nrk_start_high_ready_task
 .text          0x000079ce        0x0 c:/winavr-20100110/bin/../lib/gcc/avr/4.3.3/../../../../avr/lib/avr51\libprintf_flt.a(vfprintf_flt.o)
 .text          0x000079ce        0x0 c:/winavr-20100110/bin/../lib/gcc/avr/4.3.3/../../../../avr/lib/avr51\libm.a(addsf3.o)
 .text          0x000079ce        0x0 c:/winavr-20100110/bin/../lib/gcc/avr/4.3.3/../../../../avr/lib/avr51\libm.a(addsf3x.o)
 .text          0x000079ce        0x0 c:/winavr-20100110/bin/../lib/gcc/avr/4.3.3/../../../../avr/lib/avr51\libm.a(divsf3.o)
 .text          0x000079ce        0x0 c:/winavr-20100110/bin/../lib/gcc/avr/4.3.3/../../../../avr/lib/avr51\libm.a(divsf3x.o)
 .text          0x000079ce        0x0 c:/winavr-20100110/bin/../lib/gcc/avr/4.3.3/../../../../avr/lib/avr51\libm.a(fixunssfsi.o)
 .text          0x000079ce        0x0 c:/winavr-20100110/bin/../lib/gcc/avr/4.3.3/../../../../avr/lib/avr51\libm.a(floatsisf.o)
 .text          0x000079ce        0x0 c:/winavr-20100110/bin/../lib/gcc/avr/4.3.3/../../../../avr/lib/avr51\libm.a(fp_inf.o)
 .text          0x000079ce        0x0 c:/winavr-20100110/bin/../lib/gcc/avr/4.3.3/../../../../avr/lib/avr51\libm.a(fp_nan.o)
 .text          0x000079ce        0x0 c:/winavr-20100110/bin/../lib/gcc/avr/4.3.3/../../../../avr/lib/avr51\libm.a(fp_pscA.o)
 .text          0x000079ce        0x0 c:/winavr-20100110/bin/../lib/gcc/avr/4.3.3/../../../../avr/lib/avr51\libm.a(fp_pscB.o)
 .text          0x000079ce        0x0 c:/winavr-20100110/bin/../lib/gcc/avr/4.3.3/../../../../avr/lib/avr51\libm.a(fp_round.o)
 .text          0x000079ce        0x0 c:/winavr-20100110/bin/../lib/gcc/avr/4.3.3/../../../../avr/lib/avr51\libm.a(fp_split3.o)
 .text          0x000079ce        0x0 c:/winavr-20100110/bin/../lib/gcc/avr/4.3.3/../../../../avr/lib/avr51\libm.a(fp_zero.o)
 .text          0x000079ce        0x0 c:/winavr-20100110/bin/../lib/gcc/avr/4.3.3/../../../../avr/lib/avr51\libm.a(gesf2.o)
 .text          0x000079ce        0x0 c:/winavr-20100110/bin/../lib/gcc/avr/4.3.3/../../../../avr/lib/avr51\libm.a(log.o)
 .text          0x000079ce        0x0 c:/winavr-20100110/bin/../lib/gcc/avr/4.3.3/../../../../avr/lib/avr51\libm.a(mulsf3.o)
 .text          0x000079ce        0x0 c:/winavr-20100110/bin/../lib/gcc/avr/4.3.3/../../../../avr/lib/avr51\libm.a(mulsf3x.o)
 .text          0x000079ce        0x0 c:/winavr-20100110/bin/../lib/gcc/avr/4.3.3/../../../../avr/lib/avr51\libm.a(pow.o)
 .text          0x000079ce        0x0 c:/winavr-20100110/bin/../lib/gcc/avr/4.3.3/../../../../avr/lib/avr51\libm.a(exp.o)
 .text          0x000079ce        0x0 c:/winavr-20100110/bin/../lib/gcc/avr/4.3.3/../../../../avr/lib/avr51\libm.a(fp_cmp.o)
 .text          0x000079ce        0x0 c:/winavr-20100110/bin/../lib/gcc/avr/4.3.3/../../../../avr/lib/avr51\libm.a(fp_mpack.o)
 .text          0x000079ce        0x0 c:/winavr-20100110/bin/../lib/gcc/avr/4.3.3/../../../../avr/lib/avr51\libm.a(fp_powser.o)
 .text          0x000079ce        0x0 c:/winavr-20100110/bin/../lib/gcc/avr/4.3.3/../../../../avr/lib/avr51\libm.a(inverse.o)
 .text          0x000079ce        0x0 c:/winavr-20100110/bin/../lib/gcc/avr/4.3.3/../../../../avr/lib/avr51\libm.a(ldexp.o)
 .text          0x000079ce        0x0 c:/winavr-20100110/bin/../lib/gcc/avr/4.3.3/../../../../avr/lib/avr51\libm.a(modf.o)
 .text          0x000079ce        0x0 c:/winavr-20100110/bin/../lib/gcc/avr/4.3.3/avr51\libgcc.a(_mulsi3.o)
 .text          0x000079ce        0x0 c:/winavr-20100110/bin/../lib/gcc/avr/4.3.3/avr51\libgcc.a(_udivmodhi4.o)
 .text          0x000079ce        0x0 c:/winavr-20100110/bin/../lib/gcc/avr/4.3.3/avr51\libgcc.a(_udivmodsi4.o)
 .text          0x000079ce        0x0 c:/winavr-20100110/bin/../lib/gcc/avr/4.3.3/avr51\libgcc.a(_exit.o)
 .text          0x000079ce        0x0 c:/winavr-20100110/bin/../lib/gcc/avr/4.3.3/avr51\libgcc.a(_clear_bss.o)
 .text          0x000079ce      0xcea c:/winavr-20100110/bin/../lib/gcc/avr/4.3.3/avr51\libgcc.a(_udivdi3.o)
                0x000079ce                __udivdi3
 .text          0x000086b8        0x0 c:/winavr-20100110/bin/../lib/gcc/avr/4.3.3/avr51\libgcc.a(_prologue.o)
 .text          0x000086b8        0x0 c:/winavr-20100110/bin/../lib/gcc/avr/4.3.3/avr51\libgcc.a(_epilogue.o)
 .text          0x000086b8        0x0 c:/winavr-20100110/bin/../lib/gcc/avr/4.3.3/avr51\libgcc.a(_clz.o)
 .text          0x000086b8        0x0 c:/winavr-20100110/bin/../lib/gcc/avr/4.3.3/../../../../avr/lib/avr51\libc.a(ftoa_engine.o)
 .text          0x000086b8        0x0 c:/winavr-20100110/bin/../lib/gcc/avr/4.3.3/../../../../avr/lib/avr51\libc.a(strnlen_P.o)
 .text          0x000086b8        0x0 c:/winavr-20100110/bin/../lib/gcc/avr/4.3.3/../../../../avr/lib/avr51\libc.a(strnlen.o)
 .text          0x000086b8        0x0 c:/winavr-20100110/bin/../lib/gcc/avr/4.3.3/../../../../avr/lib/avr51\libc.a(fdevopen.o)
 .text          0x000086b8        0x0 c:/winavr-20100110/bin/../lib/gcc/avr/4.3.3/../../../../avr/lib/avr51\libc.a(fgetc.o)
 .text          0x000086b8        0x0 c:/winavr-20100110/bin/../lib/gcc/avr/4.3.3/../../../../avr/lib/avr51\libc.a(fputc.o)
 .text          0x000086b8        0x0 c:/winavr-20100110/bin/../lib/gcc/avr/4.3.3/../../../../avr/lib/avr51\libc.a(iob.o)
 .text          0x000086b8        0x0 c:/winavr-20100110/bin/../lib/gcc/avr/4.3.3/../../../../avr/lib/avr51\libc.a(printf.o)
 .text          0x000086b8        0x0 c:/winavr-20100110/bin/../lib/gcc/avr/4.3.3/../../../../avr/lib/avr51\libc.a(puts.o)
 .text          0x000086b8        0x0 c:/winavr-20100110/bin/../lib/gcc/avr/4.3.3/../../../../avr/lib/avr51\libc.a(sprintf.o)
 .text          0x000086b8        0x0 c:/winavr-20100110/bin/../lib/gcc/avr/4.3.3/../../../../avr/lib/avr51\libc.a(ultoa_invert.o)
 .text          0x000086b8        0x0 c:/winavr-20100110/bin/../lib/gcc/avr/4.3.3/../../../../avr/lib/avr51\libc.a(eerd_byte_atmega128.o)
 .text          0x000086b8        0x0 c:/winavr-20100110/bin/../lib/gcc/avr/4.3.3/../../../../avr/lib/avr51\libc.a(eewr_byte_atmega128.o)
 .text          0x000086b8        0x0 c:/winavr-20100110/bin/../lib/gcc/avr/4.3.3/../../../../avr/lib/avr51\libc.a(calloc.o)
 .text          0x000086b8        0x0 c:/winavr-20100110/bin/../lib/gcc/avr/4.3.3/../../../../avr/lib/avr51\libc.a(malloc.o)
 .text          0x000086b8        0x0 c:/winavr-20100110/bin/../lib/gcc/avr/4.3.3/../../../../avr/lib/avr51\libc.a(memset.o)
                0x000086b8                . = ALIGN (0x2)
 *(.text.*)
 .text.avr-libc
                0x000086b8      0x760 c:/winavr-20100110/bin/../lib/gcc/avr/4.3.3/../../../../avr/lib/avr51\libprintf_flt.a(vfprintf_flt.o)
                0x000086b8                vfprintf
 .text.avr-libc.fplib
                0x00008e18        0xa c:/winavr-20100110/bin/../lib/gcc/avr/4.3.3/../../../../avr/lib/avr51\libm.a(addsf3.o)
                0x00008e18                __subsf3
                0x00008e1a                __addsf3
 .text.avr-libc.fplib
                0x00008e22       0xc0 c:/winavr-20100110/bin/../lib/gcc/avr/4.3.3/../../../../avr/lib/avr51\libm.a(addsf3x.o)
                0x00008e3c                __addsf3x
 .text.avr-libc.fplib
                0x00008ee2        0x4 c:/winavr-20100110/bin/../lib/gcc/avr/4.3.3/../../../../avr/lib/avr51\libm.a(divsf3.o)
                0x00008ee2                __divsf3
 .text.avr-libc.fplib
                0x00008ee6       0xcc c:/winavr-20100110/bin/../lib/gcc/avr/4.3.3/../../../../avr/lib/avr51\libm.a(divsf3x.o)
                0x00008efc                __divsf3x
                0x00008f00                __divsf3_pse
 .text.avr-libc.fplib
                0x00008fb2       0x58 c:/winavr-20100110/bin/../lib/gcc/avr/4.3.3/../../../../avr/lib/avr51\libm.a(fixunssfsi.o)
                0x00008fb2                __fixunssfsi
 .text.avr-libc.fplib
                0x0000900a       0x7a c:/winavr-20100110/bin/../lib/gcc/avr/4.3.3/../../../../avr/lib/avr51\libm.a(floatsisf.o)
                0x0000900e                __floatsisf
                0x0000900a                __floatunsisf
 .text.avr-libc.fplib
                0x00009084        0xc c:/winavr-20100110/bin/../lib/gcc/avr/4.3.3/../../../../avr/lib/avr51\libm.a(fp_inf.o)
                0x00009084                __fp_inf
 .text.avr-libc.fplib
                0x00009090        0x6 c:/winavr-20100110/bin/../lib/gcc/avr/4.3.3/../../../../avr/lib/avr51\libm.a(fp_nan.o)
                0x00009090                __fp_nan
 .text.avr-libc.fplib
                0x00009096        0xe c:/winavr-20100110/bin/../lib/gcc/avr/4.3.3/../../../../avr/lib/avr51\libm.a(fp_pscA.o)
                0x00009096                __fp_pscA
 .text.avr-libc.fplib
                0x000090a4        0xe c:/winavr-20100110/bin/../lib/gcc/avr/4.3.3/../../../../avr/lib/avr51\libm.a(fp_pscB.o)
                0x000090a4                __fp_pscB
 .text.avr-libc.fplib
                0x000090b2       0x22 c:/winavr-20100110/bin/../lib/gcc/avr/4.3.3/../../../../avr/lib/avr51\libm.a(fp_round.o)
                0x000090b2                __fp_round
 .text.avr-libc.fplib
                0x000090d4       0x44 c:/winavr-20100110/bin/../lib/gcc/avr/4.3.3/../../../../avr/lib/avr51\libm.a(fp_split3.o)
                0x000090d4                __fp_split3
                0x000090e4                __fp_splitA
 .text.avr-libc.fplib
                0x00009118        0xe c:/winavr-20100110/bin/../lib/gcc/avr/4.3.3/../../../../avr/lib/avr51\libm.a(fp_zero.o)
                0x00009118                __fp_zero
                0x0000911a                __fp_szero
 .text.avr-libc.fplib
                0x00009126        0x8 c:/winavr-20100110/bin/../lib/gcc/avr/4.3.3/../../../../avr/lib/avr51\libm.a(gesf2.o)
                0x00009126                __gtsf2
                0x00009126                __gesf2
 .text.avr-libc.fplib
                0x0000912e       0x8a c:/winavr-20100110/bin/../lib/gcc/avr/4.3.3/../../../../avr/lib/avr51\libm.a(log.o)
                0x00009138                log
 .text.avr-libc.fplib
                0x000091b8        0x4 c:/winavr-20100110/bin/../lib/gcc/avr/4.3.3/../../../../avr/lib/avr51\libm.a(mulsf3.o)
                0x000091b8                __mulsf3
 .text.avr-libc.fplib
                0x000091bc       0xc2 c:/winavr-20100110/bin/../lib/gcc/avr/4.3.3/../../../../avr/lib/avr51\libm.a(mulsf3x.o)
                0x000091d4                __mulsf3_pse
                0x000091d0                __mulsf3x
 .text.avr-libc.fplib
                0x0000927e       0x98 c:/winavr-20100110/bin/../lib/gcc/avr/4.3.3/../../../../avr/lib/avr51\libm.a(pow.o)
                0x0000927e                pow
 .text.avr-libc.fplib
                0x00009316       0x62 c:/winavr-20100110/bin/../lib/gcc/avr/4.3.3/../../../../avr/lib/avr51\libm.a(exp.o)
                0x00009320                exp
 .text.avr-libc.fplib
                0x00009378       0x48 c:/winavr-20100110/bin/../lib/gcc/avr/4.3.3/../../../../avr/lib/avr51\libm.a(fp_cmp.o)
                0x00009378                __fp_cmp
 .text.avr-libc.fplib
                0x000093c0       0x1c c:/winavr-20100110/bin/../lib/gcc/avr/4.3.3/../../../../avr/lib/avr51\libm.a(fp_mpack.o)
                0x000093c4                __fp_mpack_finite
                0x000093c0                __fp_mpack
 .text.avr-libc.fplib
                0x000093dc       0x4a c:/winavr-20100110/bin/../lib/gcc/avr/4.3.3/../../../../avr/lib/avr51\libm.a(fp_powser.o)
                0x000093dc                __fp_powser
 .text.avr-libc.fplib
                0x00009426        0xe c:/winavr-20100110/bin/../lib/gcc/avr/4.3.3/../../../../avr/lib/avr51\libm.a(inverse.o)
                0x00009426                inverse
 .text.avr-libc.fplib
                0x00009434       0x6c c:/winavr-20100110/bin/../lib/gcc/avr/4.3.3/../../../../avr/lib/avr51\libm.a(ldexp.o)
                0x00009438                ldexp
 .text.avr-libc.fplib
                0x000094a0       0x66 c:/winavr-20100110/bin/../lib/gcc/avr/4.3.3/../../../../avr/lib/avr51\libm.a(modf.o)
                0x000094a0                modff
                0x000094a0                modf
 .text.libgcc   0x00009506       0x3e c:/winavr-20100110/bin/../lib/gcc/avr/4.3.3/avr51\libgcc.a(_mulsi3.o)
                0x00009506                __mulsi3
 .text.libgcc   0x00009544       0x28 c:/winavr-20100110/bin/../lib/gcc/avr/4.3.3/avr51\libgcc.a(_udivmodhi4.o)
                0x00009544                __udivmodhi4
 .text.libgcc   0x0000956c       0x44 c:/winavr-20100110/bin/../lib/gcc/avr/4.3.3/avr51\libgcc.a(_udivmodsi4.o)
                0x0000956c                __udivmodsi4
 .text.libgcc   0x000095b0        0x0 c:/winavr-20100110/bin/../lib/gcc/avr/4.3.3/avr51\libgcc.a(_exit.o)
 .text.libgcc   0x000095b0        0x0 c:/winavr-20100110/bin/../lib/gcc/avr/4.3.3/avr51\libgcc.a(_clear_bss.o)
 .text.libgcc   0x000095b0       0x38 c:/winavr-20100110/bin/../lib/gcc/avr/4.3.3/avr51\libgcc.a(_prologue.o)
                0x000095b0                __prologue_saves__
 .text.libgcc   0x000095e8       0x36 c:/winavr-20100110/bin/../lib/gcc/avr/4.3.3/avr51\libgcc.a(_epilogue.o)
                0x000095e8                __epilogue_restores__
 .text.avr-libc
                0x0000961e      0x1b0 c:/winavr-20100110/bin/../lib/gcc/avr/4.3.3/../../../../avr/lib/avr51\libc.a(ftoa_engine.o)
                0x0000961e                __ftoa_engine
 .text.avr-libc
                0x000097ce       0x16 c:/winavr-20100110/bin/../lib/gcc/avr/4.3.3/../../../../avr/lib/avr51\libc.a(strnlen_P.o)
                0x000097ce                strnlen_P
 .text.avr-libc
                0x000097e4       0x16 c:/winavr-20100110/bin/../lib/gcc/avr/4.3.3/../../../../avr/lib/avr51\libc.a(strnlen.o)
                0x000097e4                strnlen
 .text.avr-libc
                0x000097fa       0x98 c:/winavr-20100110/bin/../lib/gcc/avr/4.3.3/../../../../avr/lib/avr51\libc.a(fdevopen.o)
                0x000097fa                fdevopen
 .text.avr-libc
                0x00009892       0x84 c:/winavr-20100110/bin/../lib/gcc/avr/4.3.3/../../../../avr/lib/avr51\libc.a(fgetc.o)
                0x00009892                fgetc
 .text.avr-libc
                0x00009916       0x58 c:/winavr-20100110/bin/../lib/gcc/avr/4.3.3/../../../../avr/lib/avr51\libc.a(fputc.o)
                0x00009916                fputc
 .text.avr-libc
                0x0000996e       0x24 c:/winavr-20100110/bin/../lib/gcc/avr/4.3.3/../../../../avr/lib/avr51\libc.a(printf.o)
                0x0000996e                printf
 .text.avr-libc
                0x00009992       0x6a c:/winavr-20100110/bin/../lib/gcc/avr/4.3.3/../../../../avr/lib/avr51\libc.a(puts.o)
                0x00009992                puts
 .text.avr-libc
                0x000099fc       0x62 c:/winavr-20100110/bin/../lib/gcc/avr/4.3.3/../../../../avr/lib/avr51\libc.a(sprintf.o)
                0x000099fc                sprintf
 .text.avr-libc
                0x00009a5e       0xbc c:/winavr-20100110/bin/../lib/gcc/avr/4.3.3/../../../../avr/lib/avr51\libc.a(ultoa_invert.o)
                0x00009a5e                __ultoa_invert
 .text.avr-libc
                0x00009b1a       0x10 c:/winavr-20100110/bin/../lib/gcc/avr/4.3.3/../../../../avr/lib/avr51\libc.a(eerd_byte_atmega128.o)
                0x00009b1a                __eerd_byte_m128
 .text.avr-libc
                0x00009b2a       0x1a c:/winavr-20100110/bin/../lib/gcc/avr/4.3.3/../../../../avr/lib/avr51\libc.a(eewr_byte_atmega128.o)
                0x00009b2c                __eewr_r18_m128
                0x00009b2a                __eewr_byte_m128
 .text.avr-libc
                0x00009b44       0x38 c:/winavr-20100110/bin/../lib/gcc/avr/4.3.3/../../../../avr/lib/avr51\libc.a(calloc.o)
                0x00009b44                calloc
 .text.avr-libc
                0x00009b7c      0x20a c:/winavr-20100110/bin/../lib/gcc/avr/4.3.3/../../../../avr/lib/avr51\libc.a(malloc.o)
                0x00009b7c                malloc
                0x00009cd6                free
 .text.avr-libc
                0x00009d86        0xe c:/winavr-20100110/bin/../lib/gcc/avr/4.3.3/../../../../avr/lib/avr51\libc.a(memset.o)
                0x00009d86                memset
                0x00009d94                . = ALIGN (0x2)
 *(.fini9)
 .fini9         0x00009d94        0x0 c:/winavr-20100110/bin/../lib/gcc/avr/4.3.3/avr51\libgcc.a(_exit.o)
                0x00009d94                exit
                0x00009d94                _exit
 *(.fini9)
 *(.fini8)
 *(.fini8)
 *(.fini7)
 *(.fini7)
 *(.fini6)
 *(.fini6)
 *(.fini5)
 *(.fini5)
 *(.fini4)
 *(.fini4)
 *(.fini3)
 *(.fini3)
 *(.fini2)
 *(.fini2)
 *(.fini1)
 *(.fini1)
 *(.fini0)
 .fini0         0x00009d94        0x4 c:/winavr-20100110/bin/../lib/gcc/avr/4.3.3/avr51\libgcc.a(_exit.o)
 *(.fini0)
                0x00009d98                _etext = .

.data           0x00800100      0x272 load address 0x00009d98
                0x00800100                PROVIDE (__data_start, .)
 *(.data)
 .data          0x00800100        0x0 c:/winavr-20100110/bin/../lib/gcc/avr/4.3.3/../../../../avr/lib/avr51/crtm128.o
 .data          0x00800100       0xac main.o
 .data          0x008001ac        0x0 ../../../src/radio/cc2420/source/hal_rf_set_channel.o
 .data          0x008001ac        0x0 ../../../src/radio/cc2420/source/hal_rf_wait_for_crystal_oscillator.o
 .data          0x008001ac        0x0 ../../../src/radio/cc2420/source/basic_rf.o
 .data          0x008001ac       0x23 ../../../src/platform/micaZ/source/ulib.o
                0x008001ac                NRK_LED_0
                0x008001be                NRK_FIFOP
                0x008001b8                NRK_SFD
                0x008001c8                NRK_DEBUG_3
                0x008001ad                NRK_LED_1
                0x008001b5                NRK_FIFO
                0x008001c0                NRK_ADC_INPUT_1
                0x008001bd                NRK_UART0_TXD
                0x008001ae                NRK_LED_2
                0x008001bf                NRK_ADC_INPUT_0
                0x008001c6                NRK_DEBUG_1
                0x008001ce                NRK_GPIO34
                0x008001af                NRK_VREG_EN
                0x008001ba                NRK_CCA
                0x008001c3                NRK_ADC_INPUT_6
                0x008001b9                NRK_UART1_RTS
                0x008001c5                NRK_DEBUG_0
                0x008001c2                NRK_ADC_INPUT_3
                0x008001cc                NRK_GPIO26
                0x008001b4                NRK_MISO
                0x008001cd                NRK_GPIO28
                0x008001b3                NRK_MOSI
                0x008001b7                NRK_UART1_TXD
                0x008001bc                NRK_UART0_RXD
                0x008001c4                NRK_ADC_INPUT_7
                0x008001b1                NRK_CSN
                0x008001bb                NRK_UART1_CTS
                0x008001c7                NRK_DEBUG_2
                0x008001c9                NRK_LED_3
                0x008001b0                NRK_RESET_N
                0x008001cb                NRK_SPI_SS
                0x008001b6                NRK_UART1_RXD
                0x008001c1                NRK_ADC_INPUT_2
                0x008001b2                NRK_SCK
                0x008001ca                NRK_BLED
 .data          0x008001cf        0x0 ../../../src/platform/micaZ/source/hal_wait.o
 .data          0x008001cf        0x0 ../../../src/platform/micaZ/source/nrk_eeprom.o
 .data          0x008001cf        0x0 ../../../src/kernel/source/nrk.o
 .data          0x008001cf       0x2c ../../../src/kernel/source/nrk_stats.o
 .data          0x008001fb        0x3 ../../../src/kernel/source/nrk_error.o
 .data          0x008001fe       0x4e ../../../src/kernel/source/nrk_stack_check.o
 .data          0x0080024c        0x0 ../../../src/kernel/source/nrk_events.o
 .data          0x0080024c        0x0 ../../../src/kernel/source/nrk_task.o
 .data          0x0080024c        0x0 ../../../src/kernel/source/nrk_time.o
 .data          0x0080024c        0x0 ../../../src/kernel/source/nrk_idle_task.o
 .data          0x0080024c        0xf ../../../src/kernel/source/nrk_scheduler.o
 .data          0x0080025b        0x0 ../../../src/kernel/source/nrk_driver.o
 .data          0x0080025b        0x0 ../../../src/kernel/source/nrk_reserve.o
 .data          0x0080025b        0x0 ../../../src/kernel/source/nrk_sw_wdt.o
 .data          0x0080025b        0x0 ../../../src/kernel/hal/atmega128/nrk_timer.o
 .data          0x0080025b        0x0 ../../../src/kernel/hal/atmega128/nrk_status.o
 .data          0x0080025b        0x0 ../../../src/kernel/hal/atmega128/nrk_ext_int.o
 .data          0x0080025b        0x0 ../../../src/kernel/hal/atmega128/nrk_watchdog.o
 .data          0x0080025b        0x0 ../../../src/kernel/hal/atmega128/nrk_cpu.o
 .data          0x0080025b        0x0 ../../../src/drivers/platform/micaZ/source/ad5242.o
 .data          0x0080025b        0x0 ../../../src/drivers/platform/micaZ/source/adc_driver.o
 .data          0x0080025b        0x0 ../../../src/drivers/platform/micaZ/source/i2c_driver.o
 .data          0x0080025b        0x0 ../../../src/drivers/platform/micaZ/source/mda100_driver.o
 .data          0x0080025b        0x0 ../../../src/drivers/platform/micaZ/source/mts310cb_driver.o
 .data          0x0080025b        0x0 ../../../src/drivers/platform/micaZ/source/DS2401.o
 .data          0x0080025b        0x0 ../../../src/drivers/platform/micaZ/source/DOGM128-6_Graphicdisplay_driver.o
 .data          0x0080025b        0x0 ../../../src/drivers/platform/micaZ/source/eDIP240-7_TouchPanel_driver.o
 .data          0x0080025b       0x10 ../../../src/drivers/platform/micaZ/source/TUM_LKN_Sensorboard_driver.o
                0x00800269                m_pwm
                0x0080025d                steps
                0x00800265                m_vbatt
                0x0080025b                steppertimeout
 .data          0x0080026b        0x0 ../../../src/kernel/hal/atmega128/atmel_hw_specific.o
 .data          0x0080026b        0x0 c:/winavr-20100110/bin/../lib/gcc/avr/4.3.3/../../../../avr/lib/avr51\libprintf_flt.a(vfprintf_flt.o)
 .data          0x0080026b        0x0 c:/winavr-20100110/bin/../lib/gcc/avr/4.3.3/../../../../avr/lib/avr51\libm.a(addsf3.o)
 .data          0x0080026b        0x0 c:/winavr-20100110/bin/../lib/gcc/avr/4.3.3/../../../../avr/lib/avr51\libm.a(addsf3x.o)
 .data          0x0080026b        0x0 c:/winavr-20100110/bin/../lib/gcc/avr/4.3.3/../../../../avr/lib/avr51\libm.a(divsf3.o)
 .data          0x0080026b        0x0 c:/winavr-20100110/bin/../lib/gcc/avr/4.3.3/../../../../avr/lib/avr51\libm.a(divsf3x.o)
 .data          0x0080026b        0x0 c:/winavr-20100110/bin/../lib/gcc/avr/4.3.3/../../../../avr/lib/avr51\libm.a(fixunssfsi.o)
 .data          0x0080026b        0x0 c:/winavr-20100110/bin/../lib/gcc/avr/4.3.3/../../../../avr/lib/avr51\libm.a(floatsisf.o)
 .data          0x0080026b        0x0 c:/winavr-20100110/bin/../lib/gcc/avr/4.3.3/../../../../avr/lib/avr51\libm.a(fp_inf.o)
 .data          0x0080026b        0x0 c:/winavr-20100110/bin/../lib/gcc/avr/4.3.3/../../../../avr/lib/avr51\libm.a(fp_nan.o)
 .data          0x0080026b        0x0 c:/winavr-20100110/bin/../lib/gcc/avr/4.3.3/../../../../avr/lib/avr51\libm.a(fp_pscA.o)
 .data          0x0080026b        0x0 c:/winavr-20100110/bin/../lib/gcc/avr/4.3.3/../../../../avr/lib/avr51\libm.a(fp_pscB.o)
 .data          0x0080026b        0x0 c:/winavr-20100110/bin/../lib/gcc/avr/4.3.3/../../../../avr/lib/avr51\libm.a(fp_round.o)
 .data          0x0080026b        0x0 c:/winavr-20100110/bin/../lib/gcc/avr/4.3.3/../../../../avr/lib/avr51\libm.a(fp_split3.o)
 .data          0x0080026b        0x0 c:/winavr-20100110/bin/../lib/gcc/avr/4.3.3/../../../../avr/lib/avr51\libm.a(fp_zero.o)
 .data          0x0080026b        0x0 c:/winavr-20100110/bin/../lib/gcc/avr/4.3.3/../../../../avr/lib/avr51\libm.a(gesf2.o)
 .data          0x0080026b        0x0 c:/winavr-20100110/bin/../lib/gcc/avr/4.3.3/../../../../avr/lib/avr51\libm.a(log.o)
 .data          0x0080026b        0x0 c:/winavr-20100110/bin/../lib/gcc/avr/4.3.3/../../../../avr/lib/avr51\libm.a(mulsf3.o)
 .data          0x0080026b        0x0 c:/winavr-20100110/bin/../lib/gcc/avr/4.3.3/../../../../avr/lib/avr51\libm.a(mulsf3x.o)
 .data          0x0080026b        0x0 c:/winavr-20100110/bin/../lib/gcc/avr/4.3.3/../../../../avr/lib/avr51\libm.a(pow.o)
 .data          0x0080026b        0x0 c:/winavr-20100110/bin/../lib/gcc/avr/4.3.3/../../../../avr/lib/avr51\libm.a(exp.o)
 .data          0x0080026b        0x0 c:/winavr-20100110/bin/../lib/gcc/avr/4.3.3/../../../../avr/lib/avr51\libm.a(fp_cmp.o)
 .data          0x0080026b        0x0 c:/winavr-20100110/bin/../lib/gcc/avr/4.3.3/../../../../avr/lib/avr51\libm.a(fp_mpack.o)
 .data          0x0080026b        0x0 c:/winavr-20100110/bin/../lib/gcc/avr/4.3.3/../../../../avr/lib/avr51\libm.a(fp_powser.o)
 .data          0x0080026b        0x0 c:/winavr-20100110/bin/../lib/gcc/avr/4.3.3/../../../../avr/lib/avr51\libm.a(inverse.o)
 .data          0x0080026b        0x0 c:/winavr-20100110/bin/../lib/gcc/avr/4.3.3/../../../../avr/lib/avr51\libm.a(ldexp.o)
 .data          0x0080026b        0x0 c:/winavr-20100110/bin/../lib/gcc/avr/4.3.3/../../../../avr/lib/avr51\libm.a(modf.o)
 .data          0x0080026b        0x0 c:/winavr-20100110/bin/../lib/gcc/avr/4.3.3/avr51\libgcc.a(_mulsi3.o)
 .data          0x0080026b        0x0 c:/winavr-20100110/bin/../lib/gcc/avr/4.3.3/avr51\libgcc.a(_udivmodhi4.o)
 .data          0x0080026b        0x0 c:/winavr-20100110/bin/../lib/gcc/avr/4.3.3/avr51\libgcc.a(_udivmodsi4.o)
 .data          0x0080026b        0x0 c:/winavr-20100110/bin/../lib/gcc/avr/4.3.3/avr51\libgcc.a(_exit.o)
 .data          0x0080026b        0x0 c:/winavr-20100110/bin/../lib/gcc/avr/4.3.3/avr51\libgcc.a(_clear_bss.o)
 .data          0x0080026b        0x0 c:/winavr-20100110/bin/../lib/gcc/avr/4.3.3/avr51\libgcc.a(_udivdi3.o)
 .data          0x0080026b        0x0 c:/winavr-20100110/bin/../lib/gcc/avr/4.3.3/avr51\libgcc.a(_prologue.o)
 .data          0x0080026b        0x0 c:/winavr-20100110/bin/../lib/gcc/avr/4.3.3/avr51\libgcc.a(_epilogue.o)
 .data          0x0080026b      0x100 c:/winavr-20100110/bin/../lib/gcc/avr/4.3.3/avr51\libgcc.a(_clz.o)
                0x0080026b                __clz_tab
 .data          0x0080036b        0x0 c:/winavr-20100110/bin/../lib/gcc/avr/4.3.3/../../../../avr/lib/avr51\libc.a(ftoa_engine.o)
 .data          0x0080036b        0x0 c:/winavr-20100110/bin/../lib/gcc/avr/4.3.3/../../../../avr/lib/avr51\libc.a(strnlen_P.o)
 .data          0x0080036b        0x0 c:/winavr-20100110/bin/../lib/gcc/avr/4.3.3/../../../../avr/lib/avr51\libc.a(strnlen.o)
 .data          0x0080036b        0x0 c:/winavr-20100110/bin/../lib/gcc/avr/4.3.3/../../../../avr/lib/avr51\libc.a(fdevopen.o)
 .data          0x0080036b        0x0 c:/winavr-20100110/bin/../lib/gcc/avr/4.3.3/../../../../avr/lib/avr51\libc.a(fgetc.o)
 .data          0x0080036b        0x0 c:/winavr-20100110/bin/../lib/gcc/avr/4.3.3/../../../../avr/lib/avr51\libc.a(fputc.o)
 .data          0x0080036b        0x0 c:/winavr-20100110/bin/../lib/gcc/avr/4.3.3/../../../../avr/lib/avr51\libc.a(iob.o)
 .data          0x0080036b        0x0 c:/winavr-20100110/bin/../lib/gcc/avr/4.3.3/../../../../avr/lib/avr51\libc.a(printf.o)
 .data          0x0080036b        0x0 c:/winavr-20100110/bin/../lib/gcc/avr/4.3.3/../../../../avr/lib/avr51\libc.a(puts.o)
 .data          0x0080036b        0x0 c:/winavr-20100110/bin/../lib/gcc/avr/4.3.3/../../../../avr/lib/avr51\libc.a(sprintf.o)
 .data          0x0080036b        0x0 c:/winavr-20100110/bin/../lib/gcc/avr/4.3.3/../../../../avr/lib/avr51\libc.a(ultoa_invert.o)
 .data          0x0080036b        0x0 c:/winavr-20100110/bin/../lib/gcc/avr/4.3.3/../../../../avr/lib/avr51\libc.a(eerd_byte_atmega128.o)
 .data          0x0080036b        0x0 c:/winavr-20100110/bin/../lib/gcc/avr/4.3.3/../../../../avr/lib/avr51\libc.a(eewr_byte_atmega128.o)
 .data          0x0080036b        0x0 c:/winavr-20100110/bin/../lib/gcc/avr/4.3.3/../../../../avr/lib/avr51\libc.a(calloc.o)
 .data          0x0080036b        0x6 c:/winavr-20100110/bin/../lib/gcc/avr/4.3.3/../../../../avr/lib/avr51\libc.a(malloc.o)
                0x0080036d                __malloc_heap_start
                0x0080036f                __malloc_heap_end
                0x0080036b                __malloc_margin
 .data          0x00800371        0x0 c:/winavr-20100110/bin/../lib/gcc/avr/4.3.3/../../../../avr/lib/avr51\libc.a(memset.o)
 *(.data*)
 *(.rodata)
 *(.rodata*)
 *(.gnu.linkonce.d*)
                0x00800372                . = ALIGN (0x2)
 *fill*         0x00800371        0x1 00
                0x00800372                _edata = .
                0x00800372                PROVIDE (__data_end, .)

.bss            0x00800372      0x555
                0x00800372                PROVIDE (__bss_start, .)
 *(.bss)
 .bss           0x00800372        0x0 c:/winavr-20100110/bin/../lib/gcc/avr/4.3.3/../../../../avr/lib/avr51/crtm128.o
 .bss           0x00800372        0x0 main.o
 .bss           0x00800372        0x0 ../../../src/radio/cc2420/source/hal_rf_set_channel.o
 .bss           0x00800372        0x0 ../../../src/radio/cc2420/source/hal_rf_wait_for_crystal_oscillator.o
 .bss           0x00800372        0x0 ../../../src/radio/cc2420/source/basic_rf.o
 .bss           0x00800372        0x0 ../../../src/platform/micaZ/source/ulib.o
 .bss           0x00800372        0x0 ../../../src/platform/micaZ/source/hal_wait.o
 .bss           0x00800372        0x0 ../../../src/platform/micaZ/source/nrk_eeprom.o
 .bss           0x00800372        0x0 ../../../src/kernel/source/nrk.o
 .bss           0x00800372        0x0 ../../../src/kernel/source/nrk_stats.o
 .bss           0x00800372        0x1 ../../../src/kernel/source/nrk_error.o
 .bss           0x00800373        0x0 ../../../src/kernel/source/nrk_stack_check.o
 .bss           0x00800373        0x0 ../../../src/kernel/source/nrk_events.o
 .bss           0x00800373        0x0 ../../../src/kernel/source/nrk_task.o
 .bss           0x00800373        0x0 ../../../src/kernel/source/nrk_time.o
 .bss           0x00800373        0x0 ../../../src/kernel/source/nrk_idle_task.o
 .bss           0x00800373        0x1 ../../../src/kernel/source/nrk_scheduler.o
                0x00800373                earliestDeadlineID
 .bss           0x00800374        0x0 ../../../src/kernel/source/nrk_driver.o
 .bss           0x00800374        0x0 ../../../src/kernel/source/nrk_reserve.o
 .bss           0x00800374        0x0 ../../../src/kernel/source/nrk_sw_wdt.o
 .bss           0x00800374        0x0 ../../../src/kernel/hal/atmega128/nrk_timer.o
 .bss           0x00800374        0x0 ../../../src/kernel/hal/atmega128/nrk_status.o
 .bss           0x00800374        0x0 ../../../src/kernel/hal/atmega128/nrk_ext_int.o
 .bss           0x00800374        0x0 ../../../src/kernel/hal/atmega128/nrk_watchdog.o
 .bss           0x00800374        0x0 ../../../src/kernel/hal/atmega128/nrk_cpu.o
 .bss           0x00800374        0x0 ../../../src/drivers/platform/micaZ/source/ad5242.o
 .bss           0x00800374        0x0 ../../../src/drivers/platform/micaZ/source/adc_driver.o
 .bss           0x00800374        0x0 ../../../src/drivers/platform/micaZ/source/i2c_driver.o
 .bss           0x00800374        0x1 ../../../src/drivers/platform/micaZ/source/mda100_driver.o
                0x00800374                mda100_initDone
 .bss           0x00800375        0x1 ../../../src/drivers/platform/micaZ/source/mts310cb_driver.o
                0x00800375                mts310cb_initDone
 .bss           0x00800376        0x0 ../../../src/drivers/platform/micaZ/source/DS2401.o
 .bss           0x00800376        0x0 ../../../src/drivers/platform/micaZ/source/DOGM128-6_Graphicdisplay_driver.o
 .bss           0x00800376        0x0 ../../../src/drivers/platform/micaZ/source/eDIP240-7_TouchPanel_driver.o
 .bss           0x00800376        0xd ../../../src/drivers/platform/micaZ/source/TUM_LKN_Sensorboard_driver.o
                0x00800376                m_currentstep
                0x0080037f                m_lastxs
                0x00800380                m_ledstate
                0x00800381                m_prescaler
                0x00800377                i2cData
 .bss           0x00800383        0x0 ../../../src/kernel/hal/atmega128/atmel_hw_specific.o
 .bss           0x00800383        0x0 c:/winavr-20100110/bin/../lib/gcc/avr/4.3.3/../../../../avr/lib/avr51\libprintf_flt.a(vfprintf_flt.o)
 .bss           0x00800383        0x0 c:/winavr-20100110/bin/../lib/gcc/avr/4.3.3/../../../../avr/lib/avr51\libm.a(addsf3.o)
 .bss           0x00800383        0x0 c:/winavr-20100110/bin/../lib/gcc/avr/4.3.3/../../../../avr/lib/avr51\libm.a(addsf3x.o)
 .bss           0x00800383        0x0 c:/winavr-20100110/bin/../lib/gcc/avr/4.3.3/../../../../avr/lib/avr51\libm.a(divsf3.o)
 .bss           0x00800383        0x0 c:/winavr-20100110/bin/../lib/gcc/avr/4.3.3/../../../../avr/lib/avr51\libm.a(divsf3x.o)
 .bss           0x00800383        0x0 c:/winavr-20100110/bin/../lib/gcc/avr/4.3.3/../../../../avr/lib/avr51\libm.a(fixunssfsi.o)
 .bss           0x00800383        0x0 c:/winavr-20100110/bin/../lib/gcc/avr/4.3.3/../../../../avr/lib/avr51\libm.a(floatsisf.o)
 .bss           0x00800383        0x0 c:/winavr-20100110/bin/../lib/gcc/avr/4.3.3/../../../../avr/lib/avr51\libm.a(fp_inf.o)
 .bss           0x00800383        0x0 c:/winavr-20100110/bin/../lib/gcc/avr/4.3.3/../../../../avr/lib/avr51\libm.a(fp_nan.o)
 .bss           0x00800383        0x0 c:/winavr-20100110/bin/../lib/gcc/avr/4.3.3/../../../../avr/lib/avr51\libm.a(fp_pscA.o)
 .bss           0x00800383        0x0 c:/winavr-20100110/bin/../lib/gcc/avr/4.3.3/../../../../avr/lib/avr51\libm.a(fp_pscB.o)
 .bss           0x00800383        0x0 c:/winavr-20100110/bin/../lib/gcc/avr/4.3.3/../../../../avr/lib/avr51\libm.a(fp_round.o)
 .bss           0x00800383        0x0 c:/winavr-20100110/bin/../lib/gcc/avr/4.3.3/../../../../avr/lib/avr51\libm.a(fp_split3.o)
 .bss           0x00800383        0x0 c:/winavr-20100110/bin/../lib/gcc/avr/4.3.3/../../../../avr/lib/avr51\libm.a(fp_zero.o)
 .bss           0x00800383        0x0 c:/winavr-20100110/bin/../lib/gcc/avr/4.3.3/../../../../avr/lib/avr51\libm.a(gesf2.o)
 .bss           0x00800383        0x0 c:/winavr-20100110/bin/../lib/gcc/avr/4.3.3/../../../../avr/lib/avr51\libm.a(log.o)
 .bss           0x00800383        0x0 c:/winavr-20100110/bin/../lib/gcc/avr/4.3.3/../../../../avr/lib/avr51\libm.a(mulsf3.o)
 .bss           0x00800383        0x0 c:/winavr-20100110/bin/../lib/gcc/avr/4.3.3/../../../../avr/lib/avr51\libm.a(mulsf3x.o)
 .bss           0x00800383        0x0 c:/winavr-20100110/bin/../lib/gcc/avr/4.3.3/../../../../avr/lib/avr51\libm.a(pow.o)
 .bss           0x00800383        0x0 c:/winavr-20100110/bin/../lib/gcc/avr/4.3.3/../../../../avr/lib/avr51\libm.a(exp.o)
 .bss           0x00800383        0x0 c:/winavr-20100110/bin/../lib/gcc/avr/4.3.3/../../../../avr/lib/avr51\libm.a(fp_cmp.o)
 .bss           0x00800383        0x0 c:/winavr-20100110/bin/../lib/gcc/avr/4.3.3/../../../../avr/lib/avr51\libm.a(fp_mpack.o)
 .bss           0x00800383        0x0 c:/winavr-20100110/bin/../lib/gcc/avr/4.3.3/../../../../avr/lib/avr51\libm.a(fp_powser.o)
 .bss           0x00800383        0x0 c:/winavr-20100110/bin/../lib/gcc/avr/4.3.3/../../../../avr/lib/avr51\libm.a(inverse.o)
 .bss           0x00800383        0x0 c:/winavr-20100110/bin/../lib/gcc/avr/4.3.3/../../../../avr/lib/avr51\libm.a(ldexp.o)
 .bss           0x00800383        0x0 c:/winavr-20100110/bin/../lib/gcc/avr/4.3.3/../../../../avr/lib/avr51\libm.a(modf.o)
 .bss           0x00800383        0x0 c:/winavr-20100110/bin/../lib/gcc/avr/4.3.3/avr51\libgcc.a(_mulsi3.o)
 .bss           0x00800383        0x0 c:/winavr-20100110/bin/../lib/gcc/avr/4.3.3/avr51\libgcc.a(_udivmodhi4.o)
 .bss           0x00800383        0x0 c:/winavr-20100110/bin/../lib/gcc/avr/4.3.3/avr51\libgcc.a(_udivmodsi4.o)
 .bss           0x00800383        0x0 c:/winavr-20100110/bin/../lib/gcc/avr/4.3.3/avr51\libgcc.a(_exit.o)
 .bss           0x00800383        0x0 c:/winavr-20100110/bin/../lib/gcc/avr/4.3.3/avr51\libgcc.a(_clear_bss.o)
 .bss           0x00800383        0x0 c:/winavr-20100110/bin/../lib/gcc/avr/4.3.3/avr51\libgcc.a(_udivdi3.o)
 .bss           0x00800383        0x0 c:/winavr-20100110/bin/../lib/gcc/avr/4.3.3/avr51\libgcc.a(_prologue.o)
 .bss           0x00800383        0x0 c:/winavr-20100110/bin/../lib/gcc/avr/4.3.3/avr51\libgcc.a(_epilogue.o)
 .bss           0x00800383        0x0 c:/winavr-20100110/bin/../lib/gcc/avr/4.3.3/avr51\libgcc.a(_clz.o)
 .bss           0x00800383        0x0 c:/winavr-20100110/bin/../lib/gcc/avr/4.3.3/../../../../avr/lib/avr51\libc.a(ftoa_engine.o)
 .bss           0x00800383        0x0 c:/winavr-20100110/bin/../lib/gcc/avr/4.3.3/../../../../avr/lib/avr51\libc.a(strnlen_P.o)
 .bss           0x00800383        0x0 c:/winavr-20100110/bin/../lib/gcc/avr/4.3.3/../../../../avr/lib/avr51\libc.a(strnlen.o)
 .bss           0x00800383        0x0 c:/winavr-20100110/bin/../lib/gcc/avr/4.3.3/../../../../avr/lib/avr51\libc.a(fdevopen.o)
 .bss           0x00800383        0x0 c:/winavr-20100110/bin/../lib/gcc/avr/4.3.3/../../../../avr/lib/avr51\libc.a(fgetc.o)
 .bss           0x00800383        0x0 c:/winavr-20100110/bin/../lib/gcc/avr/4.3.3/../../../../avr/lib/avr51\libc.a(fputc.o)
 .bss           0x00800383        0x0 c:/winavr-20100110/bin/../lib/gcc/avr/4.3.3/../../../../avr/lib/avr51\libc.a(iob.o)
 .bss           0x00800383        0x0 c:/winavr-20100110/bin/../lib/gcc/avr/4.3.3/../../../../avr/lib/avr51\libc.a(printf.o)
 .bss           0x00800383        0x0 c:/winavr-20100110/bin/../lib/gcc/avr/4.3.3/../../../../avr/lib/avr51\libc.a(puts.o)
 .bss           0x00800383        0x0 c:/winavr-20100110/bin/../lib/gcc/avr/4.3.3/../../../../avr/lib/avr51\libc.a(sprintf.o)
 .bss           0x00800383        0x0 c:/winavr-20100110/bin/../lib/gcc/avr/4.3.3/../../../../avr/lib/avr51\libc.a(ultoa_invert.o)
 .bss           0x00800383        0x0 c:/winavr-20100110/bin/../lib/gcc/avr/4.3.3/../../../../avr/lib/avr51\libc.a(eerd_byte_atmega128.o)
 .bss           0x00800383        0x0 c:/winavr-20100110/bin/../lib/gcc/avr/4.3.3/../../../../avr/lib/avr51\libc.a(eewr_byte_atmega128.o)
 .bss           0x00800383        0x0 c:/winavr-20100110/bin/../lib/gcc/avr/4.3.3/../../../../avr/lib/avr51\libc.a(calloc.o)
 .bss           0x00800383        0x0 c:/winavr-20100110/bin/../lib/gcc/avr/4.3.3/../../../../avr/lib/avr51\libc.a(malloc.o)
 .bss           0x00800383        0x0 c:/winavr-20100110/bin/../lib/gcc/avr/4.3.3/../../../../avr/lib/avr51\libc.a(memset.o)
 *(.bss*)
 *(COMMON)
 COMMON         0x00800383      0x3b7 main.o
                0x00800383                TaskFour
                0x008003a6                app_timer0_callback
                0x008003a8                Stack3
                0x00800428                error_task
                0x00800429                _nrk_time_trigger
                0x0080042a                TaskOne
                0x0080044d                _nrk_stats_sleep_time
                0x00800455                Stack2
                0x008004d5                _nrk_signal_list
                0x008004d9                TaskThree
                0x008004fc                Stack1
                0x0080057c                nrk_kernel_stk_ptr
                0x0080057e                app_timer0_prescale
                0x0080057f                _nrk_prev_timer_val
                0x00800580                cur_task_stats
                0x00800616                error_num
                0x00800617                nrk_idle_task_stk
                0x00800697                Stack4
                0x00800717                TaskTwo
 COMMON         0x0080073a       0x1b ../../../src/radio/cc2420/source/basic_rf.o
                0x0080073a                rx_ctr
                0x0080073e                radio_sem
                0x00800740                security_enable
                0x00800741                mdmctrl0
                0x00800743                rfSettings
                0x0080074c                tmp_blah
                0x0080074e                auto_ack_enable
                0x0080074f                last_pkt_encrypted
                0x00800750                tx_ctr
                0x00800754                rx_ready
 COMMON         0x00800755      0x117 ../../../src/kernel/source/nrk.o
                0x00800755                _free_node
                0x00800757                nrk_task_TCB
                0x008007fc                next_next_wakeup
                0x008007fe                nrk_sem_list
                0x00800801                nrk_task_init_cnt
                0x00800802                nrk_wakeup_signal
                0x00800803                nrk_high_ready_TCB
                0x00800805                nrk_cur_task_prio
                0x00800806                _nrk_cpu_state
                0x00800807                _head_node
                0x00800809                nrk_system_time
                0x00800811                _nrk_resource_cnt
                0x00800812                nrk_cur_task_TCB
                0x00800814                nrk_high_ready_prio
                0x00800815                sw_wdts
                0x0080084e                _nrk_readyQ
 COMMON         0x0080086c       0x44 ../../../src/kernel/source/nrk_scheduler.o
                0x0080086c                ind
                0x0080086e                cur
                0x00800870                buf
 COMMON         0x008008b0        0x8 ../../../src/kernel/hal/atmega128/nrk_ext_int.o
                0x008008b0                ext_int1_callback
                0x008008b2                ext_int0_callback
                0x008008b4                ext_int2_callback
                0x008008b6                pc_int0_callback
 COMMON         0x008008b8        0x5 ../../../src/drivers/platform/micaZ/source/TUM_LKN_Sensorboard_driver.o
                0x008008b8                i2cDataLen
                0x008008b9                i2cDataDirection
                0x008008ba                m_channel
                0x008008bb                i2cDestination
 COMMON         0x008008bd        0x6 c:/winavr-20100110/bin/../lib/gcc/avr/4.3.3/../../../../avr/lib/avr51\libc.a(iob.o)
                0x008008bd                __iob
 COMMON         0x008008c3        0x4 c:/winavr-20100110/bin/../lib/gcc/avr/4.3.3/../../../../avr/lib/avr51\libc.a(malloc.o)
                0x008008c3                __brkval
                0x008008c5                __flp
                0x008008c7                PROVIDE (__bss_end, .)
                0x00009d98                __data_load_start = LOADADDR (.data)
                0x0000a00a                __data_load_end = (__data_load_start + SIZEOF (.data))

.noinit         0x008008c7        0x0
                0x008008c7                PROVIDE (__noinit_start, .)
 *(.noinit*)
                0x008008c7                PROVIDE (__noinit_end, .)
                0x008008c7                _end = .
                0x008008c7                PROVIDE (__heap_start, .)

.eeprom         0x00810000        0x0
 *(.eeprom*)
                0x00810000                __eeprom_end = .

.fuse
 *(.fuse)
 *(.lfuse)
 *(.hfuse)
 *(.efuse)

.lock
 *(.lock*)

.signature
 *(.signature*)

.stab           0x00000000      0x210
 *(.stab)
 .stab          0x00000000      0x210 ../../../src/kernel/hal/atmega128/atmel_hw_specific.o

.stabstr        0x00000000       0x50
 *(.stabstr)
 .stabstr       0x00000000       0x50 ../../../src/kernel/hal/atmega128/atmel_hw_specific.o

.stab.excl
 *(.stab.excl)

.stab.exclstr
 *(.stab.exclstr)

.stab.index
 *(.stab.index)

.stab.indexstr
 *(.stab.indexstr)

.comment
 *(.comment)

.debug
 *(.debug)

.line
 *(.line)

.debug_srcinfo
 *(.debug_srcinfo)

.debug_sfnames
 *(.debug_sfnames)

.debug_aranges  0x00000000      0x400
 *(.debug_aranges)
 .debug_aranges
                0x00000000       0x20 main.o
 .debug_aranges
                0x00000020       0x20 ../../../src/radio/cc2420/source/hal_rf_set_channel.o
 .debug_aranges
                0x00000040       0x20 ../../../src/radio/cc2420/source/hal_rf_wait_for_crystal_oscillator.o
 .debug_aranges
                0x00000060       0x20 ../../../src/radio/cc2420/source/basic_rf.o
 .debug_aranges
                0x00000080       0x20 ../../../src/platform/micaZ/source/ulib.o
 .debug_aranges
                0x000000a0       0x20 ../../../src/platform/micaZ/source/hal_wait.o
 .debug_aranges
                0x000000c0       0x20 ../../../src/platform/micaZ/source/nrk_eeprom.o
 .debug_aranges
                0x000000e0       0x20 ../../../src/kernel/source/nrk.o
 .debug_aranges
                0x00000100       0x20 ../../../src/kernel/source/nrk_stats.o
 .debug_aranges
                0x00000120       0x20 ../../../src/kernel/source/nrk_error.o
 .debug_aranges
                0x00000140       0x20 ../../../src/kernel/source/nrk_stack_check.o
 .debug_aranges
                0x00000160       0x20 ../../../src/kernel/source/nrk_events.o
 .debug_aranges
                0x00000180       0x20 ../../../src/kernel/source/nrk_task.o
 .debug_aranges
                0x000001a0       0x20 ../../../src/kernel/source/nrk_time.o
 .debug_aranges
                0x000001c0       0x20 ../../../src/kernel/source/nrk_idle_task.o
 .debug_aranges
                0x000001e0       0x20 ../../../src/kernel/source/nrk_scheduler.o
 .debug_aranges
                0x00000200       0x20 ../../../src/kernel/source/nrk_sw_wdt.o
 .debug_aranges
                0x00000220       0x20 ../../../src/kernel/hal/atmega128/nrk_timer.o
 .debug_aranges
                0x00000240       0x20 ../../../src/kernel/hal/atmega128/nrk_status.o
 .debug_aranges
                0x00000260       0x20 ../../../src/kernel/hal/atmega128/nrk_ext_int.o
 .debug_aranges
                0x00000280       0x20 ../../../src/kernel/hal/atmega128/nrk_watchdog.o
 .debug_aranges
                0x000002a0       0x20 ../../../src/kernel/hal/atmega128/nrk_cpu.o
 .debug_aranges
                0x000002c0       0x20 ../../../src/drivers/platform/micaZ/source/ad5242.o
 .debug_aranges
                0x000002e0       0x20 ../../../src/drivers/platform/micaZ/source/adc_driver.o
 .debug_aranges
                0x00000300       0x20 ../../../src/drivers/platform/micaZ/source/i2c_driver.o
 .debug_aranges
                0x00000320       0x20 ../../../src/drivers/platform/micaZ/source/mda100_driver.o
 .debug_aranges
                0x00000340       0x20 ../../../src/drivers/platform/micaZ/source/mts310cb_driver.o
 .debug_aranges
                0x00000360       0x20 ../../../src/drivers/platform/micaZ/source/DS2401.o
 .debug_aranges
                0x00000380       0x20 ../../../src/drivers/platform/micaZ/source/DOGM128-6_Graphicdisplay_driver.o
 .debug_aranges
                0x000003a0       0x20 ../../../src/drivers/platform/micaZ/source/eDIP240-7_TouchPanel_driver.o
 .debug_aranges
                0x000003c0       0x20 ../../../src/drivers/platform/micaZ/source/TUM_LKN_Sensorboard_driver.o
 .debug_aranges
                0x000003e0       0x20 c:/winavr-20100110/bin/../lib/gcc/avr/4.3.3/avr51\libgcc.a(_udivdi3.o)

.debug_pubnames
                0x00000000     0x35da
 *(.debug_pubnames)
 .debug_pubnames
                0x00000000      0x1b2 main.o
 .debug_pubnames
                0x000001b2       0x3b ../../../src/radio/cc2420/source/hal_rf_set_channel.o
 .debug_pubnames
                0x000001ed       0x49 ../../../src/radio/cc2420/source/hal_rf_wait_for_crystal_oscillator.o
 .debug_pubnames
                0x00000236      0x47d ../../../src/radio/cc2420/source/basic_rf.o
 .debug_pubnames
                0x000006b3      0x3d9 ../../../src/platform/micaZ/source/ulib.o
 .debug_pubnames
                0x00000a8c       0x33 ../../../src/platform/micaZ/source/hal_wait.o
 .debug_pubnames
                0x00000abf      0x16a ../../../src/platform/micaZ/source/nrk_eeprom.o
 .debug_pubnames
                0x00000c29      0x256 ../../../src/kernel/source/nrk.o
 .debug_pubnames
                0x00000e7f      0x285 ../../../src/kernel/source/nrk_stats.o
 .debug_pubnames
                0x00001104      0x19a ../../../src/kernel/source/nrk_error.o
 .debug_pubnames
                0x0000129e       0xb1 ../../../src/kernel/source/nrk_stack_check.o
 .debug_pubnames
                0x0000134f      0x2ff ../../../src/kernel/source/nrk_events.o
 .debug_pubnames
                0x0000164e      0x26d ../../../src/kernel/source/nrk_task.o
 .debug_pubnames
                0x000018bb      0x178 ../../../src/kernel/source/nrk_time.o
 .debug_pubnames
                0x00001a33      0x109 ../../../src/kernel/source/nrk_idle_task.o
 .debug_pubnames
                0x00001b3c      0x26d ../../../src/kernel/source/nrk_scheduler.o
 .debug_pubnames
                0x00001da9       0xfb ../../../src/kernel/source/nrk_sw_wdt.o
 .debug_pubnames
                0x00001ea4      0x2f7 ../../../src/kernel/hal/atmega128/nrk_timer.o
 .debug_pubnames
                0x0000219b       0x3e ../../../src/kernel/hal/atmega128/nrk_status.o
 .debug_pubnames
                0x000021d9       0xf3 ../../../src/kernel/hal/atmega128/nrk_ext_int.o
 .debug_pubnames
                0x000022cc       0xd0 ../../../src/kernel/hal/atmega128/nrk_watchdog.o
 .debug_pubnames
                0x0000239c      0x282 ../../../src/kernel/hal/atmega128/nrk_cpu.o
 .debug_pubnames
                0x0000261e       0x31 ../../../src/drivers/platform/micaZ/source/ad5242.o
 .debug_pubnames
                0x0000264f       0x5e ../../../src/drivers/platform/micaZ/source/adc_driver.o
 .debug_pubnames
                0x000026ad       0xb6 ../../../src/drivers/platform/micaZ/source/i2c_driver.o
 .debug_pubnames
                0x00002763      0x128 ../../../src/drivers/platform/micaZ/source/mda100_driver.o
 .debug_pubnames
                0x0000288b      0x2a3 ../../../src/drivers/platform/micaZ/source/mts310cb_driver.o
 .debug_pubnames
                0x00002b2e      0x11d ../../../src/drivers/platform/micaZ/source/DS2401.o
 .debug_pubnames
                0x00002c4b       0xab ../../../src/drivers/platform/micaZ/source/DOGM128-6_Graphicdisplay_driver.o
 .debug_pubnames
                0x00002cf6      0x1e6 ../../../src/drivers/platform/micaZ/source/eDIP240-7_TouchPanel_driver.o
 .debug_pubnames
                0x00002edc      0x6be ../../../src/drivers/platform/micaZ/source/TUM_LKN_Sensorboard_driver.o
 .debug_pubnames
                0x0000359a       0x20 c:/winavr-20100110/bin/../lib/gcc/avr/4.3.3/avr51\libgcc.a(_udivdi3.o)
 .debug_pubnames
                0x000035ba       0x20 c:/winavr-20100110/bin/../lib/gcc/avr/4.3.3/avr51\libgcc.a(_clz.o)

.debug_info     0x00000000     0x9670
 *(.debug_info)
 .debug_info    0x00000000      0x52a main.o
 .debug_info    0x0000052a       0xda ../../../src/radio/cc2420/source/hal_rf_set_channel.o
 .debug_info    0x00000604       0xbd ../../../src/radio/cc2420/source/hal_rf_wait_for_crystal_oscillator.o
 .debug_info    0x000006c1      0xd46 ../../../src/radio/cc2420/source/basic_rf.o
 .debug_info    0x00001407      0x820 ../../../src/platform/micaZ/source/ulib.o
 .debug_info    0x00001c27       0xc2 ../../../src/platform/micaZ/source/hal_wait.o
 .debug_info    0x00001ce9      0x2da ../../../src/platform/micaZ/source/nrk_eeprom.o
 .debug_info    0x00001fc3      0x7c6 ../../../src/kernel/source/nrk.o
 .debug_info    0x00002789      0x829 ../../../src/kernel/source/nrk_stats.o
 .debug_info    0x00002fb2      0x8d2 ../../../src/kernel/source/nrk_error.o
 .debug_info    0x00003884      0x344 ../../../src/kernel/source/nrk_stack_check.o
 .debug_info    0x00003bc8      0x781 ../../../src/kernel/source/nrk_events.o
 .debug_info    0x00004349      0x777 ../../../src/kernel/source/nrk_task.o
 .debug_info    0x00004ac0      0x3e5 ../../../src/kernel/source/nrk_time.o
 .debug_info    0x00004ea5      0x1b0 ../../../src/kernel/source/nrk_idle_task.o
 .debug_info    0x00005055      0x6b9 ../../../src/kernel/source/nrk_scheduler.o
 .debug_info    0x0000570e        0x0 ../../../src/kernel/source/nrk_driver.o
 .debug_info    0x0000570e        0x0 ../../../src/kernel/source/nrk_reserve.o
 .debug_info    0x0000570e      0x307 ../../../src/kernel/source/nrk_sw_wdt.o
 .debug_info    0x00005a15      0x50a ../../../src/kernel/hal/atmega128/nrk_timer.o
 .debug_info    0x00005f1f       0xc2 ../../../src/kernel/hal/atmega128/nrk_status.o
 .debug_info    0x00005fe1      0x1cf ../../../src/kernel/hal/atmega128/nrk_ext_int.o
 .debug_info    0x000061b0      0x18c ../../../src/kernel/hal/atmega128/nrk_watchdog.o
 .debug_info    0x0000633c      0x6be ../../../src/kernel/hal/atmega128/nrk_cpu.o
 .debug_info    0x000069fa       0x91 ../../../src/drivers/platform/micaZ/source/ad5242.o
 .debug_info    0x00006a8b       0xfd ../../../src/drivers/platform/micaZ/source/adc_driver.o
 .debug_info    0x00006b88      0x1e0 ../../../src/drivers/platform/micaZ/source/i2c_driver.o
 .debug_info    0x00006d68      0x1b7 ../../../src/drivers/platform/micaZ/source/mda100_driver.o
 .debug_info    0x00006f1f      0x30c ../../../src/drivers/platform/micaZ/source/mts310cb_driver.o
 .debug_info    0x0000722b      0x5e4 ../../../src/drivers/platform/micaZ/source/DS2401.o
 .debug_info    0x0000780f      0x2d1 ../../../src/drivers/platform/micaZ/source/DOGM128-6_Graphicdisplay_driver.o
 .debug_info    0x00007ae0      0x997 ../../../src/drivers/platform/micaZ/source/eDIP240-7_TouchPanel_driver.o
 .debug_info    0x00008477      0xa32 ../../../src/drivers/platform/micaZ/source/TUM_LKN_Sensorboard_driver.o
 .debug_info    0x00008ea9      0x71e c:/winavr-20100110/bin/../lib/gcc/avr/4.3.3/avr51\libgcc.a(_udivdi3.o)
 .debug_info    0x000095c7       0xa9 c:/winavr-20100110/bin/../lib/gcc/avr/4.3.3/avr51\libgcc.a(_clz.o)
 *(.gnu.linkonce.wi.*)

.debug_abbrev   0x00000000     0x28af
 *(.debug_abbrev)
 .debug_abbrev  0x00000000      0x15b main.o
 .debug_abbrev  0x0000015b       0x86 ../../../src/radio/cc2420/source/hal_rf_set_channel.o
 .debug_abbrev  0x000001e1       0x77 ../../../src/radio/cc2420/source/hal_rf_wait_for_crystal_oscillator.o
 .debug_abbrev  0x00000258      0x2a3 ../../../src/radio/cc2420/source/basic_rf.o
 .debug_abbrev  0x000004fb      0x236 ../../../src/platform/micaZ/source/ulib.o
 .debug_abbrev  0x00000731       0x77 ../../../src/platform/micaZ/source/hal_wait.o
 .debug_abbrev  0x000007a8       0xab ../../../src/platform/micaZ/source/nrk_eeprom.o
 .debug_abbrev  0x00000853      0x1cb ../../../src/kernel/source/nrk.o
 .debug_abbrev  0x00000a1e      0x12c ../../../src/kernel/source/nrk_stats.o
 .debug_abbrev  0x00000b4a      0x239 ../../../src/kernel/source/nrk_error.o
 .debug_abbrev  0x00000d83      0x108 ../../../src/kernel/source/nrk_stack_check.o
 .debug_abbrev  0x00000e8b      0x17d ../../../src/kernel/source/nrk_events.o
 .debug_abbrev  0x00001008      0x211 ../../../src/kernel/source/nrk_task.o
 .debug_abbrev  0x00001219      0x194 ../../../src/kernel/source/nrk_time.o
 .debug_abbrev  0x000013ad       0x9c ../../../src/kernel/source/nrk_idle_task.o
 .debug_abbrev  0x00001449      0x100 ../../../src/kernel/source/nrk_scheduler.o
 .debug_abbrev  0x00001549        0x1 ../../../src/kernel/source/nrk_driver.o
 .debug_abbrev  0x0000154a        0x1 ../../../src/kernel/source/nrk_reserve.o
 .debug_abbrev  0x0000154b      0x11c ../../../src/kernel/source/nrk_sw_wdt.o
 .debug_abbrev  0x00001667      0x216 ../../../src/kernel/hal/atmega128/nrk_timer.o
 .debug_abbrev  0x0000187d       0x77 ../../../src/kernel/hal/atmega128/nrk_status.o
 .debug_abbrev  0x000018f4       0xb4 ../../../src/kernel/hal/atmega128/nrk_ext_int.o
 .debug_abbrev  0x000019a8       0xc1 ../../../src/kernel/hal/atmega128/nrk_watchdog.o
 .debug_abbrev  0x00001a69      0x143 ../../../src/kernel/hal/atmega128/nrk_cpu.o
 .debug_abbrev  0x00001bac       0x65 ../../../src/drivers/platform/micaZ/source/ad5242.o
 .debug_abbrev  0x00001c11       0xb6 ../../../src/drivers/platform/micaZ/source/adc_driver.o
 .debug_abbrev  0x00001cc7       0xe0 ../../../src/drivers/platform/micaZ/source/i2c_driver.o
 .debug_abbrev  0x00001da7       0xf3 ../../../src/drivers/platform/micaZ/source/mda100_driver.o
 .debug_abbrev  0x00001e9a       0xb3 ../../../src/drivers/platform/micaZ/source/mts310cb_driver.o
 .debug_abbrev  0x00001f4d      0x170 ../../../src/drivers/platform/micaZ/source/DS2401.o
 .debug_abbrev  0x000020bd      0x172 ../../../src/drivers/platform/micaZ/source/DOGM128-6_Graphicdisplay_driver.o
 .debug_abbrev  0x0000222f      0x285 ../../../src/drivers/platform/micaZ/source/eDIP240-7_TouchPanel_driver.o
 .debug_abbrev  0x000024b4      0x210 ../../../src/drivers/platform/micaZ/source/TUM_LKN_Sensorboard_driver.o
 .debug_abbrev  0x000026c4      0x181 c:/winavr-20100110/bin/../lib/gcc/avr/4.3.3/avr51\libgcc.a(_udivdi3.o)
 .debug_abbrev  0x00002845       0x6a c:/winavr-20100110/bin/../lib/gcc/avr/4.3.3/avr51\libgcc.a(_clz.o)

.debug_line     0x00000000     0x7484
 *(.debug_line)
 .debug_line    0x00000000      0x4e6 main.o
 .debug_line    0x000004e6      0x11c ../../../src/radio/cc2420/source/hal_rf_set_channel.o
 .debug_line    0x00000602      0x11c ../../../src/radio/cc2420/source/hal_rf_wait_for_crystal_oscillator.o
 .debug_line    0x0000071e      0xca9 ../../../src/radio/cc2420/source/basic_rf.o
 .debug_line    0x000013c7      0x54d ../../../src/platform/micaZ/source/ulib.o
 .debug_line    0x00001914      0x10c ../../../src/platform/micaZ/source/hal_wait.o
 .debug_line    0x00001a20      0x245 ../../../src/platform/micaZ/source/nrk_eeprom.o
 .debug_line    0x00001c65      0x461 ../../../src/kernel/source/nrk.o
 .debug_line    0x000020c6      0x427 ../../../src/kernel/source/nrk_stats.o
 .debug_line    0x000024ed      0x5a4 ../../../src/kernel/source/nrk_error.o
 .debug_line    0x00002a91      0x249 ../../../src/kernel/source/nrk_stack_check.o
 .debug_line    0x00002cda      0x54f ../../../src/kernel/source/nrk_events.o
 .debug_line    0x00003229      0x733 ../../../src/kernel/source/nrk_task.o
 .debug_line    0x0000395c      0x31b ../../../src/kernel/source/nrk_time.o
 .debug_line    0x00003c77      0x1ba ../../../src/kernel/source/nrk_idle_task.o
 .debug_line    0x00003e31      0x545 ../../../src/kernel/source/nrk_scheduler.o
 .debug_line    0x00004376       0x24 ../../../src/kernel/source/nrk_driver.o
 .debug_line    0x0000439a       0x24 ../../../src/kernel/source/nrk_reserve.o
 .debug_line    0x000043be      0x267 ../../../src/kernel/source/nrk_sw_wdt.o
 .debug_line    0x00004625      0x4f8 ../../../src/kernel/hal/atmega128/nrk_timer.o
 .debug_line    0x00004b1d      0x145 ../../../src/kernel/hal/atmega128/nrk_status.o
 .debug_line    0x00004c62      0x15e ../../../src/kernel/hal/atmega128/nrk_ext_int.o
 .debug_line    0x00004dc0      0x1d4 ../../../src/kernel/hal/atmega128/nrk_watchdog.o
 .debug_line    0x00004f94      0x329 ../../../src/kernel/hal/atmega128/nrk_cpu.o
 .debug_line    0x000052bd       0xcf ../../../src/drivers/platform/micaZ/source/ad5242.o
 .debug_line    0x0000538c      0x119 ../../../src/drivers/platform/micaZ/source/adc_driver.o
 .debug_line    0x000054a5      0x1df ../../../src/drivers/platform/micaZ/source/i2c_driver.o
 .debug_line    0x00005684      0x230 ../../../src/drivers/platform/micaZ/source/mda100_driver.o
 .debug_line    0x000058b4      0x3ce ../../../src/drivers/platform/micaZ/source/mts310cb_driver.o
 .debug_line    0x00005c82      0x3a9 ../../../src/drivers/platform/micaZ/source/DS2401.o
 .debug_line    0x0000602b      0x46f ../../../src/drivers/platform/micaZ/source/DOGM128-6_Graphicdisplay_driver.o
 .debug_line    0x0000649a      0x598 ../../../src/drivers/platform/micaZ/source/eDIP240-7_TouchPanel_driver.o
 .debug_line    0x00006a32      0x7fe ../../../src/drivers/platform/micaZ/source/TUM_LKN_Sensorboard_driver.o
 .debug_line    0x00007230      0x1d8 c:/winavr-20100110/bin/../lib/gcc/avr/4.3.3/avr51\libgcc.a(_udivdi3.o)
 .debug_line    0x00007408       0x7c c:/winavr-20100110/bin/../lib/gcc/avr/4.3.3/avr51\libgcc.a(_clz.o)

.debug_frame    0x00000000     0x15e0
 *(.debug_frame)
 .debug_frame   0x00000000       0x80 main.o
 .debug_frame   0x00000080       0x20 ../../../src/radio/cc2420/source/hal_rf_set_channel.o
 .debug_frame   0x000000a0       0x20 ../../../src/radio/cc2420/source/hal_rf_wait_for_crystal_oscillator.o
 .debug_frame   0x000000c0      0x280 ../../../src/radio/cc2420/source/basic_rf.o
 .debug_frame   0x00000340      0x160 ../../../src/platform/micaZ/source/ulib.o
 .debug_frame   0x000004a0       0x20 ../../../src/platform/micaZ/source/hal_wait.o
 .debug_frame   0x000004c0       0xb0 ../../../src/platform/micaZ/source/nrk_eeprom.o
 .debug_frame   0x00000570       0x90 ../../../src/kernel/source/nrk.o
 .debug_frame   0x00000600       0xb0 ../../../src/kernel/source/nrk_stats.o
 .debug_frame   0x000006b0       0xc0 ../../../src/kernel/source/nrk_error.o
 .debug_frame   0x00000770       0x40 ../../../src/kernel/source/nrk_stack_check.o
 .debug_frame   0x000007b0       0xe0 ../../../src/kernel/source/nrk_events.o
 .debug_frame   0x00000890      0x110 ../../../src/kernel/source/nrk_task.o
 .debug_frame   0x000009a0       0x90 ../../../src/kernel/source/nrk_time.o
 .debug_frame   0x00000a30       0x20 ../../../src/kernel/source/nrk_idle_task.o
 .debug_frame   0x00000a50       0x30 ../../../src/kernel/source/nrk_scheduler.o
 .debug_frame   0x00000a80       0x70 ../../../src/kernel/source/nrk_sw_wdt.o
 .debug_frame   0x00000af0      0x180 ../../../src/kernel/hal/atmega128/nrk_timer.o
 .debug_frame   0x00000c70       0x20 ../../../src/kernel/hal/atmega128/nrk_status.o
 .debug_frame   0x00000c90       0x50 ../../../src/kernel/hal/atmega128/nrk_ext_int.o
 .debug_frame   0x00000ce0       0x50 ../../../src/kernel/hal/atmega128/nrk_watchdog.o
 .debug_frame   0x00000d30       0xa0 ../../../src/kernel/hal/atmega128/nrk_cpu.o
 .debug_frame   0x00000dd0       0x30 ../../../src/drivers/platform/micaZ/source/ad5242.o
 .debug_frame   0x00000e00       0x50 ../../../src/drivers/platform/micaZ/source/adc_driver.o
 .debug_frame   0x00000e50       0xa0 ../../../src/drivers/platform/micaZ/source/i2c_driver.o
 .debug_frame   0x00000ef0       0x90 ../../../src/drivers/platform/micaZ/source/mda100_driver.o
 .debug_frame   0x00000f80      0x140 ../../../src/drivers/platform/micaZ/source/mts310cb_driver.o
 .debug_frame   0x000010c0       0x90 ../../../src/drivers/platform/micaZ/source/DS2401.o
 .debug_frame   0x00001150       0x60 ../../../src/drivers/platform/micaZ/source/DOGM128-6_Graphicdisplay_driver.o
 .debug_frame   0x000011b0       0xd0 ../../../src/drivers/platform/micaZ/source/eDIP240-7_TouchPanel_driver.o
 .debug_frame   0x00001280      0x340 ../../../src/drivers/platform/micaZ/source/TUM_LKN_Sensorboard_driver.o
 .debug_frame   0x000015c0       0x20 c:/winavr-20100110/bin/../lib/gcc/avr/4.3.3/avr51\libgcc.a(_udivdi3.o)

.debug_str      0x00000000     0x2cae
 *(.debug_str)
 .debug_str     0x00000000      0x2f2 main.o
                                0x371 (size before relaxing)
 .debug_str     0x000002f2       0x46 ../../../src/radio/cc2420/source/hal_rf_set_channel.o
                                0x133 (size before relaxing)
 .debug_str     0x00000338       0x72 ../../../src/radio/cc2420/source/hal_rf_wait_for_crystal_oscillator.o
                                0x14e (size before relaxing)
 .debug_str     0x000003aa      0x434 ../../../src/radio/cc2420/source/basic_rf.o
                                0x62e (size before relaxing)
 .debug_str     0x000007de      0x316 ../../../src/platform/micaZ/source/ulib.o