Archive member included because of file (symbol)

c:/winavr-20100110/bin/../lib/gcc/avr/4.3.3/../../../../avr/lib/avr51\libprintf_flt.a(vfprintf_flt.o)
                              (vfprintf)
c:/winavr-20100110/bin/../lib/gcc/avr/4.3.3/../../../../avr/lib/avr51\libm.a(addsf3.o)
                              ../../../src/drivers/platform/micaZ/source/mda100_driver.o (__subsf3)
c:/winavr-20100110/bin/../lib/gcc/avr/4.3.3/../../../../avr/lib/avr51\libm.a(addsf3x.o)
                              c:/winavr-20100110/bin/../lib/gcc/avr/4.3.3/../../../../avr/lib/avr51\libm.a(addsf3.o) (__addsf3x)
c:/winavr-20100110/bin/../lib/gcc/avr/4.3.3/../../../../avr/lib/avr51\libm.a(divsf3.o)
                              ../../../src/drivers/platform/micaZ/source/adc_driver.o (__divsf3)
c:/winavr-20100110/bin/../lib/gcc/avr/4.3.3/../../../../avr/lib/avr51\libm.a(divsf3x.o)
                              c:/winavr-20100110/bin/../lib/gcc/avr/4.3.3/../../../../avr/lib/avr51\libm.a(divsf3.o) (__divsf3x)
c:/winavr-20100110/bin/../lib/gcc/avr/4.3.3/../../../../avr/lib/avr51\libm.a(fixunssfsi.o)
                              ../../../src/drivers/platform/micaZ/source/TUM_LKN_Sensorboard_driver.o (__fixunssfsi)
c:/winavr-20100110/bin/../lib/gcc/avr/4.3.3/../../../../avr/lib/avr51\libm.a(floatsisf.o)
                              ../../../src/drivers/platform/micaZ/source/adc_driver.o (__floatunsisf)
c:/winavr-20100110/bin/../lib/gcc/avr/4.3.3/../../../../avr/lib/avr51\libm.a(fp_inf.o)
                              c:/winavr-20100110/bin/../lib/gcc/avr/4.3.3/../../../../avr/lib/avr51\libm.a(addsf3x.o) (__fp_inf)
c:/winavr-20100110/bin/../lib/gcc/avr/4.3.3/../../../../avr/lib/avr51\libm.a(fp_nan.o)
                              c:/winavr-20100110/bin/../lib/gcc/avr/4.3.3/../../../../avr/lib/avr51\libm.a(addsf3x.o) (__fp_nan)
c:/winavr-20100110/bin/../lib/gcc/avr/4.3.3/../../../../avr/lib/avr51\libm.a(fp_pscA.o)
                              c:/winavr-20100110/bin/../lib/gcc/avr/4.3.3/../../../../avr/lib/avr51\libm.a(addsf3x.o) (__fp_pscA)
c:/winavr-20100110/bin/../lib/gcc/avr/4.3.3/../../../../avr/lib/avr51\libm.a(fp_pscB.o)
                              c:/winavr-20100110/bin/../lib/gcc/avr/4.3.3/../../../../avr/lib/avr51\libm.a(addsf3x.o) (__fp_pscB)
c:/winavr-20100110/bin/../lib/gcc/avr/4.3.3/../../../../avr/lib/avr51\libm.a(fp_round.o)
                              c:/winavr-20100110/bin/../lib/gcc/avr/4.3.3/../../../../avr/lib/avr51\libm.a(addsf3.o) (__fp_round)
c:/winavr-20100110/bin/../lib/gcc/avr/4.3.3/../../../../avr/lib/avr51\libm.a(fp_split3.o)
                              c:/winavr-20100110/bin/../lib/gcc/avr/4.3.3/../../../../avr/lib/avr51\libm.a(addsf3x.o) (__fp_split3)
c:/winavr-20100110/bin/../lib/gcc/avr/4.3.3/../../../../avr/lib/avr51\libm.a(fp_zero.o)
                              c:/winavr-20100110/bin/../lib/gcc/avr/4.3.3/../../../../avr/lib/avr51\libm.a(addsf3x.o) (__fp_zero)
c:/winavr-20100110/bin/../lib/gcc/avr/4.3.3/../../../../avr/lib/avr51\libm.a(gesf2.o)
                              ../../../src/drivers/platform/micaZ/source/TUM_LKN_Sensorboard_driver.o (__gesf2)
c:/winavr-20100110/bin/../lib/gcc/avr/4.3.3/../../../../avr/lib/avr51\libm.a(log.o)
                              ../../../src/drivers/platform/micaZ/source/mda100_driver.o (log)
c:/winavr-20100110/bin/../lib/gcc/avr/4.3.3/../../../../avr/lib/avr51\libm.a(mulsf3.o)
                              ../../../src/drivers/platform/micaZ/source/mda100_driver.o (__mulsf3)
c:/winavr-20100110/bin/../lib/gcc/avr/4.3.3/../../../../avr/lib/avr51\libm.a(mulsf3x.o)
                              c:/winavr-20100110/bin/../lib/gcc/avr/4.3.3/../../../../avr/lib/avr51\libm.a(log.o) (__mulsf3x)
c:/winavr-20100110/bin/../lib/gcc/avr/4.3.3/../../../../avr/lib/avr51\libm.a(pow.o)
                              ../../../src/drivers/platform/micaZ/source/mda100_driver.o (pow)
c:/winavr-20100110/bin/../lib/gcc/avr/4.3.3/../../../../avr/lib/avr51\libm.a(exp.o)
                              c:/winavr-20100110/bin/../lib/gcc/avr/4.3.3/../../../../avr/lib/avr51\libm.a(pow.o) (exp)
c:/winavr-20100110/bin/../lib/gcc/avr/4.3.3/../../../../avr/lib/avr51\libm.a(fp_cmp.o)
                              c:/winavr-20100110/bin/../lib/gcc/avr/4.3.3/../../../../avr/lib/avr51\libm.a(gesf2.o) (__fp_cmp)
c:/winavr-20100110/bin/../lib/gcc/avr/4.3.3/../../../../avr/lib/avr51\libm.a(fp_mpack.o)
                              c:/winavr-20100110/bin/../lib/gcc/avr/4.3.3/../../../../avr/lib/avr51\libm.a(log.o) (__fp_mpack)
c:/winavr-20100110/bin/../lib/gcc/avr/4.3.3/../../../../avr/lib/avr51\libm.a(fp_powser.o)
                              c:/winavr-20100110/bin/../lib/gcc/avr/4.3.3/../../../../avr/lib/avr51\libm.a(log.o) (__fp_powser)
c:/winavr-20100110/bin/../lib/gcc/avr/4.3.3/../../../../avr/lib/avr51\libm.a(inverse.o)
                              c:/winavr-20100110/bin/../lib/gcc/avr/4.3.3/../../../../avr/lib/avr51\libm.a(exp.o) (inverse)
[...]
Memory Configuration

Name             Origin             Length             Attributes
text             0x00000000         0x00020000         xr
data             0x00800060         0x0000ffa0         rw !x
eeprom           0x00810000         0x00010000         rw !x
fuse             0x00820000         0x00000400         rw !x
lock             0x00830000         0x00000400         rw !x
signature        0x00840000         0x00000400         rw !x
*default*        0x00000000         0xffffffff

Linker script and memory map

Address of section .data set to 0x800100
LOAD c:/winavr-20100110/bin/../lib/gcc/avr/4.3.3/../../../../avr/lib/avr51/crtm128.o
LOAD main.o
LOAD ../../../src/radio/cc2420/source/hal_rf_set_channel.o
LOAD ../../../src/radio/cc2420/source/hal_rf_wait_for_crystal_oscillator.o
LOAD ../../../src/radio/cc2420/source/basic_rf.o
LOAD ../../../src/platform/micaZ/source/ulib.o
LOAD ../../../src/platform/micaZ/source/hal_wait.o
LOAD ../../../src/platform/micaZ/source/nrk_eeprom.o
LOAD ../../../src/kernel/source/nrk.o
LOAD ../../../src/kernel/source/nrk_stats.o
LOAD ../../../src/kernel/source/nrk_error.o
LOAD ../../../src/kernel/source/nrk_stack_check.o
LOAD ../../../src/kernel/source/nrk_events.o
LOAD ../../../src/kernel/source/nrk_task.o
LOAD ../../../src/kernel/source/nrk_time.o
LOAD ../../../src/kernel/source/nrk_idle_task.o
LOAD ../../../src/kernel/source/nrk_scheduler.o
LOAD ../../../src/kernel/source/nrk_driver.o
LOAD ../../../src/kernel/source/nrk_reserve.o
LOAD ../../../src/kernel/source/nrk_sw_wdt.o
LOAD ../../../src/kernel/hal/atmega128/nrk_timer.o
LOAD ../../../src/kernel/hal/atmega128/nrk_status.o
LOAD ../../../src/kernel/hal/atmega128/nrk_ext_int.o
LOAD ../../../src/kernel/hal/atmega128/nrk_watchdog.o
LOAD ../../../src/kernel/hal/atmega128/nrk_cpu.o
LOAD ../../../src/drivers/platform/micaZ/source/ad5242.o
LOAD ../../../src/drivers/platform/micaZ/source/adc_driver.o
LOAD ../../../src/drivers/platform/micaZ/source/i2c_driver.o
LOAD ../../../src/drivers/platform/micaZ/source/mda100_driver.o
LOAD ../../../src/drivers/platform/micaZ/source/mts310cb_driver.o
LOAD ../../../src/drivers/platform/micaZ/source/DS2401.o
LOAD ../../../src/drivers/platform/micaZ/source/DOGM128-6_Graphicdisplay_driver.o
LOAD ../../../src/drivers/platform/micaZ/source/eDIP240-7_TouchPanel_driver.o
LOAD ../../../src/drivers/platform/micaZ/source/TUM_LKN_Sensorboard_driver.o
LOAD ../../../src/kernel/hal/atmega128/atmel_hw_specific.o
LOAD c:/winavr-20100110/bin/../lib/gcc/avr/4.3.3/../../../../avr/lib/avr51\libprintf_flt.a
LOAD c:/winavr-20100110/bin/../lib/gcc/avr/4.3.3/../../../../avr/lib/avr51\libm.a
LOAD c:/winavr-20100110/bin/../lib/gcc/avr/4.3.3/avr51\libgcc.a
LOAD c:/winavr-20100110/bin/../lib/gcc/avr/4.3.3/../../../../avr/lib/avr51\libc.a
LOAD c:/winavr-20100110/bin/../lib/gcc/avr/4.3.3/avr51\libgcc.a

.hash
 *(.hash)

.dynsym
 *(.dynsym)

.dynstr
 *(.dynstr)

.gnu.version
 *(.gnu.version)

.gnu.version_d
 *(.gnu.version_d)

.gnu.version_r
 *(.gnu.version_r)

.rel.init
 *(.rel.init)

.rela.init
 *(.rela.init)

.rel.text
 *(.rel.text)
 *(.rel.text.*)
 *(.rel.gnu.linkonce.t*)

.rela.text
 *(.rela.text)
 *(.rela.text.*)
 *(.rela.gnu.linkonce.t*)

.rel.fini
 *(.rel.fini)

.rela.fini
 *(.rela.fini)

.rel.rodata
 *(.rel.rodata)
 *(.rel.rodata.*)
 *(.rel.gnu.linkonce.r*)

.rela.rodata
 *(.rela.rodata)
 *(.rela.rodata.*)
 *(.rela.gnu.linkonce.r*)

.rel.data
 *(.rel.data)
 *(.rel.data.*)
 *(.rel.gnu.linkonce.d*)

.rela.data
 *(.rela.data)
 *(.rela.data.*)
 *(.rela.gnu.linkonce.d*)

.rel.ctors
 *(.rel.ctors)

.rela.ctors
 *(.rela.ctors)

.rel.dtors
 *(.rel.dtors)

.rela.dtors
 *(.rela.dtors)

.rel.got
 *(.rel.got)

.rela.got
 *(.rela.got)

.rel.bss
 *(.rel.bss)

.rela.bss
 *(.rela.bss)

.rel.plt
 *(.rel.plt)

.rela.plt
 *(.rela.plt)

.text           0x00000000     0x8ae8
 *(.vectors)
 .vectors       0x00000000       0x8c c:/winavr-20100110/bin/../lib/gcc/avr/4.3.3/../../../../avr/lib/avr51/crtm128.o
                0x00000000                __vectors
 *(.vectors)
 *(.progmem.gcc*)
 .progmem.gcc_sw_table
                0x0000008c       0x2c ../../../src/kernel/source/nrk_error.o
 .progmem.gcc_fplib
                0x000000b8       0x5a c:/winavr-20100110/bin/../lib/gcc/avr/4.3.3/../../../../avr/lib/avr51\libm.a(log.o)
 .progmem.gcc_fplib
                0x00000112       0x28 c:/winavr-20100110/bin/../lib/gcc/avr/4.3.3/../../../../avr/lib/avr51\libm.a(exp.o)
 *(.progmem*)
 .progmem.data  0x0000013a       0xab main.o
 .progmem.data  0x000001e5      0x238 ../../../src/kernel/source/nrk_error.o
 .progmem.data  0x0000041d        0xf ../../../src/kernel/source/nrk_stack_check.o
 .progmem.data  0x0000042c      0x500 ../../../src/drivers/platform/micaZ/source/DOGM128-6_Graphicdisplay_driver.o
                0x0000042c                font5x7
 .progmem.data  0x0000092c        0x8 c:/winavr-20100110/bin/../lib/gcc/avr/4.3.3/../../../../avr/lib/avr51\libprintf_flt.a(vfprintf_flt.o)
 .progmem.data  0x00000934       0xfa c:/winavr-20100110/bin/../lib/gcc/avr/4.3.3/../../../../avr/lib/avr51\libc.a(ftoa_engine.o)
                0x00000a2e                . = ALIGN (0x2)
                0x00000a2e                __trampolines_start = .
 *(.trampolines)
 .trampolines   0x00000a2e        0x0 linker stubs
 *(.trampolines*)
                0x00000a2e                __trampolines_end = .
 *(.jumptables)
 *(.jumptables*)
 *(.lowtext)
 *(.lowtext*)
                0x00000a2e                __ctors_start = .
 *(.ctors)
                0x00000a2e                __ctors_end = .
                0x00000a2e                __dtors_start = .
 *(.dtors)
                0x00000a2e                __dtors_end = .
 SORT(*)(.ctors)
 SORT(*)(.dtors)
 *(.init0)
 .init0         0x00000a2e        0x0 c:/winavr-20100110/bin/../lib/gcc/avr/4.3.3/../../../../avr/lib/avr51/crtm128.o
                0x00000a2e                __init
 *(.init0)
 *(.init1)
 *(.init1)
 *(.init2)
 .init2         0x00000a2e        0xc c:/winavr-20100110/bin/../lib/gcc/avr/4.3.3/../../../../avr/lib/avr51/crtm128.o
 *(.init2)
 *(.init3)
 *(.init3)
 *(.init4)
 .init4         0x00000a3a       0x1a c:/winavr-20100110/bin/../lib/gcc/avr/4.3.3/../../../../avr/lib/avr51/crtm128.o
                0x00000a3a                __do_copy_data
 .init4         0x00000a54       0x10 c:/winavr-20100110/bin/../lib/gcc/avr/4.3.3/avr51\libgcc.a(_clear_bss.o)
                0x00000a54                __do_clear_bss
 *(.init4)
 *(.init5)
 *(.init5)
 *(.init6)
 *(.init6)
 *(.init7)
 *(.init7)
 *(.init8)
 *(.init8)
 *(.init9)
 .init9         0x00000a64        0x8 c:/winavr-20100110/bin/../lib/gcc/avr/4.3.3/../../../../avr/lib/avr51/crtm128.o
 *(.init9)
 *(.text)
 .text          0x00000a6c        0x4 c:/winavr-20100110/bin/../lib/gcc/avr/4.3.3/../../../../avr/lib/avr51/crtm128.o
                0x00000a6c                __vector_22
                0x00000a6c                __vector_28
                0x00000a6c                __vector_32
                0x00000a6c                __vector_34
                0x00000a6c                __vector_24
                0x00000a6c                __vector_12
                0x00000a6c                __bad_interrupt
                0x00000a6c                __vector_6
                0x00000a6c                __vector_31
                0x00000a6c                __vector_3
                0x00000a6c                __vector_23
                0x00000a6c                __vector_30
                0x00000a6c                __vector_25
                0x00000a6c                __vector_11
                0x00000a6c                __vector_13
                0x00000a6c                __vector_17
                0x00000a6c                __vector_19
                0x00000a6c                __vector_7
                0x00000a6c                __vector_27
                0x00000a6c                __vector_5
                0x00000a6c                __vector_33
                0x00000a6c                __vector_4
                0x00000a6c                __vector_2
                0x00000a6c                __vector_21
                0x00000a6c                __vector_29
                0x00000a6c                __vector_8
                0x00000a6c                __vector_26
                0x00000a6c                __vector_14
                0x00000a6c                __vector_10
                0x00000a6c                __vector_18
                0x00000a6c                __vector_20
 .text          0x00000a70      0x33a main.o
                0x00000c10                Task1
                0x00000b28                my_error
                0x00000a70                nrk_create_taskset
                0x00000d58                main
                0x00000b32                Task2
 .text          0x00000daa       0x34 ../../../src/radio/cc2420/source/hal_rf_set_channel.o
                0x00000daa                halRfSetChannel
 .text          0x00000dde       0x16 ../../../src/radio/cc2420/source/hal_rf_wait_for_crystal_oscillator.o
                0x00000dde                halRfWaitForCrystalOscillator
 .text          0x00000df4     0x11a0 ../../../src/radio/cc2420/source/basic_rf.o
                0x00001dfc                rf_set_channel
                0x00000fde                rf_rx_on
                0x00000f7c                rf_auto_ack_enable
                0x00000efe                rf_tx_power
                0x00001dca                rf_set_rx
                0x00000f50                rf_addr_decode_disable
                0x000014d4                rf_data_mode
                0x0000104e                rf_rx_check_fifop
                0x000015fc                rf_tx_packet
                0x00001568                rf_set_preamble_length
                0x00001060                rf_rx_check_sfd
                0x00000e92                rf_security_enable
                0x00001f82                cc259x_rx
                0x0000143a                rf_rx_packet
                0x000015ee                rf_carrier_off
                0x0000103c                rf_busy
                0x000015a0                rf_set_cca_mode
                0x00001546                rf_tx_set_serial
                0x00001002                rf_polling_rx_on
                0x00001072                rf_polling_rx_packet
                0x000015e0                rf_carrier_on
                0x00001f70                cc259x_tx
                0x00001db0                rf_power_up
                0x00000ef4                rf_get_sem
                0x00000df4                rf_power_down
                0x00001026                rf_rx_off
                0x0000144c                rf_flush_rx_fifo
                0x00001e02                rf_init
                0x00000f24                rf_addr_decode_enable
                0x00001c00                rf_security_set_key
                0x000018ee                rf_tx_tdma_packet
                0x00000e18                rf_security_set_ctr_counter
                0x00001466                rf_set_cca_thresh
                0x00001ba2                rf_addr_decode_set_my_mac
                0x00000ed2                rf_security_disable
                0x00000fae                rf_auto_ack_disable
                0x00001518                rf_rx_set_serial
                0x0000148c                rf_test_mode
                0x00000e12                rf_security_last_pkt_status
 .text          0x00001f94      0x526 ../../../src/platform/micaZ/source/ulib.o
                0x00001fc4                nrk_gpio_set
                0x0000230a                nrk_get_button
                0x00002494                nrk_kprintf
                0x00001f98                nrk_uart_data_ready
                0x000021ee                nrk_gpio_direction
                0x00001fba                getc0
                0x000023aa                nrk_led_set
                0x0000243a                getc1
                0x0000215e                nrk_gpio_toggle
                0x00002054                nrk_gpio_clr
                0x000023d4                putc0
                0x00002452                nrk_setup_uart
                0x0000214a                nrk_gpio_pullups
                0x00002410                setup_uart1
                0x00002362                nrk_setup_ports
                0x000023de                putc1
                0x00002338                nrk_led_clr
                0x000020e6                nrk_gpio_get
                0x000023f8                setup_uart0
                0x0000230e                nrk_led_toggle
                0x00001f94                nrk_uart_rx_signal_get
 .text          0x000024ba        0xe ../../../src/platform/micaZ/source/hal_wait.o
                0x000024ba                halWait
 .text          0x000024c8      0x13a ../../../src/platform/micaZ/source/nrk_eeprom.o
                0x00002566                read_eeprom_load_img_pages
                0x000025fc                nrk_eeprom_read_byte
                0x000024c8                write_eeprom_current_image_checksum
                0x00002506                write_eeprom_load_img_pages
                0x0000259a                read_eeprom_mac_address
                0x00002516                nrk_eeprom_write_byte
                0x000024d8                write_eeprom_aes_key
                0x00002580                read_eeprom_channel
                0x00002538                read_eeprom_aes_key
                0x0000251e                read_eeprom_current_image_checksum
 .text          0x00002602      0x444 ../../../src/kernel/source/nrk.o
                0x0000260e                nrk_version
                0x00002914                nrk_init
                0x0000261a                nrk_TCB_init
                0x0000260a                nrk_halt
                0x00002614                _nrk_timer_tick
                0x00002606                nrk_int_enable
                0x0000285a                nrk_start
                0x00002602                nrk_int_disable
 .text          0x00002a46        0x0 ../../../src/kernel/source/nrk_stats.o
 .text          0x00002a46      0x3de ../../../src/kernel/source/nrk_error.o
                0x00002e0c                nrk_error_add
                0x00002a76                pause
                0x00002dfe                nrk_kernel_error_add
                0x00002aa0                blink_dot
                0x00002adc                blink_morse_code_error
                0x00002aba                blink_dash
                0x00002a5e                nrk_error_get
                0x00002a52                nrk_errno_get
                0x00002a46                _nrk_errno_set
                0x00002c3e                nrk_error_print
 .text          0x00002e24      0x23e ../../../src/kernel/source/nrk_stack_check.o
                0x00002e68                dump_stack_info
                0x00002e24                nrk_stack_check_pid
                0x0000301c                nrk_stack_check
 .text          0x00003062      0x5b6 ../../../src/kernel/source/nrk_events.o
                0x000033de                nrk_signal_delete
                0x00003304                nrk_event_signal
                0x00003260                nrk_sem_post
                0x000031d6                nrk_sem_create
                0x0000359e                nrk_event_wait
                0x0000322e                nrk_sem_query
                0x00003062                nrk_signal_create
                0x00003168                nrk_signal_register
                0x000034f6                nrk_sem_pend
                0x000031ea                nrk_sem_delete
                0x000030d4                nrk_signal_get_registered_mask
                0x000031dc                nrk_get_resource_index
                0x000030e6                nrk_signal_unregister
 .text          0x00003618      0x6b4 ../../../src/kernel/source/nrk_task.o
                0x00003868                _nrk_wait_for_scheduler
                0x0000385c                nrk_get_pid
                0x00003bac                nrk_wait_until_next_period
                0x00003adc                nrk_wait_ticks
                0x00003928                nrk_wait_until
                0x00003a1c                nrk_set_next_wakeup
                0x0000363a                nrk_add_to_readyQ
                0x000039d0                nrk_wait_until_nw
                0x00003624                nrk_print_readyQ
                0x00003c24                nrk_activate_task
                0x00003a88                nrk_wait_until_ticks
                0x0000387c                nrk_wait
                0x00003c02                nrk_terminate_task
                0x00003618                nrk_get_high_ready_task_ID
                0x00003b48                nrk_wait_until_next_n_periods
                0x0000379e                nrk_rem_from_readyQ
 .text          0x00003ccc      0x5f2 ../../../src/kernel/source/nrk_time.o
                0x00003f1a                nrk_time_set
                0x00004200                nrk_time_get
                0x00003f3c                _nrk_time_to_ticks
                0x000040e0                _nrk_time_to_ticks_long
                0x00003ed6                nrk_time_compact_nanos
                0x00003de4                nrk_time_add
                0x00003ccc                nrk_time_sub
                0x0000406c                _nrk_ticks_to_time
 .text          0x000042be       0x4c ../../../src/kernel/source/nrk_idle_task.o
                0x000042be                nrk_idle_task
 .text          0x0000430a      0x40c ../../../src/kernel/source/nrk_scheduler.o
                0x0000430a                _nrk_scheduler
 .text          0x00004716        0x0 ../../../src/kernel/source/nrk_driver.o
 .text          0x00004716      0x2c2 ../../../src/kernel/source/nrk_reserve.o
                0x00004782                nrk_reserve_set
                0x00004716                _nrk_reserve_init
                0x00004876                _nrk_reserve_update
                0x00004986                nrk_reserve_get
                0x0000491c                nrk_reserve_consume
                0x0000472e                nrk_reserve_create
                0x0000476c                nrk_reserve_delete
 .text          0x000049d8        0x0 ../../../src/kernel/source/nrk_sw_wdt.o
 .text          0x000049d8      0x2fc ../../../src/kernel/hal/atmega128/nrk_timer.o
                0x00004a3c                nrk_high_speed_timer_wait
                0x00004b86                nrk_timer_int_reset
                0x00004af0                _nrk_os_timer_reset
                0x00004b0e                _nrk_os_timer_get
                0x00004b78                nrk_timer_int_stop
                0x000049d8                nrk_spin_wait_us
                0x00004a30                _nrk_high_speed_timer_reset
                0x000049e6                _nrk_setup_timer
                0x00004c80                __vector_default
                0x00004b08                _nrk_set_next_wakeup
                0x00004b94                nrk_timer_int_read
                0x00004a26                _nrk_high_speed_timer_stop
                0x00004a2a                _nrk_high_speed_timer_start
                0x00004c1c                __vector_9
                0x00004ba8                nrk_timer_int_start
                0x00004b12                __vector_15
                0x00004bba                nrk_timer_int_configure
                0x00004ad0                _nrk_os_timer_set
                0x00004aae                _nrk_high_speed_timer_get
                0x00004ad4                _nrk_os_timer_stop
                0x00004b12                __vector_16
                0x00004ae4                _nrk_os_timer_start
                0x00004b02                _nrk_get_next_wakeup
 .text          0x00004cd4       0x48 ../../../src/kernel/hal/atmega128/nrk_status.o
                0x00004cd4                _nrk_startup_error
 .text          0x00004d1c       0x60 ../../../src/kernel/hal/atmega128/nrk_ext_int.o
                0x00004d1c                nrk_ext_int_enable
                0x00004d28                __vector_1
                0x00004d24                nrk_ext_int_configure
                0x00004d20                nrk_ext_int_disable
 .text          0x00004d7c       0x48 ../../../src/kernel/hal/atmega128/nrk_watchdog.o
                0x00004daa                nrk_watchdog_disable
                0x00004d8e                nrk_watchdog_enable
                0x00004d7c                nrk_watchdog_check
                0x00004d8a                nrk_watchdog_reset
 .text          0x00004dc4      0x100 ../../../src/kernel/hal/atmega128/nrk_cpu.o
                0x00004e60                nrk_stack_pointer_init
                0x00004e88                nrk_task_set_stk
                0x00004de6                nrk_idle
                0x00004dc4                nrk_battery_save
                0x00004dc6                nrk_task_set_entry_function
                0x00004e7e                nrk_target_start
                0x00004e52                nrk_stack_pointer_restore
                0x00004dfc                nrk_task_stk_init
                0x00004dce                nrk_sleep
 .text          0x00004ec4       0x34 ../../../src/drivers/platform/micaZ/source/ad5242.o
                0x00004ef2                ad5242_init
                0x00004ec4                ad5242_set
 .text          0x00004ef8       0x6c ../../../src/drivers/platform/micaZ/source/adc_driver.o
                0x00004f28                adc_GetChannel
                0x00004f40                adc_GetBatteryVoltage
                0x00004f24                adc_Powersave
                0x00004ef8                adc_init
 .text          0x00004f64      0x100 ../../../src/drivers/platform/micaZ/source/i2c_driver.o
                0x0000500c                i2c_receive
                0x00004f84                i2c_actionStart
                0x00004f90                i2c_start
                0x0000503a                i2c_controlByte_RX
                0x00004fb8                i2c_stop
                0x00005050                i2c_controlByte_TX
                0x00004f64                i2c_init
                0x00004f7a                i2c_waitForInterruptFlag
                0x00004fd6                i2c_send
 .text          0x00005064      0x16e ../../../src/drivers/platform/micaZ/source/mda100_driver.o
                0x000050b0                mda100_TemperatureSensor_GetKelvin
                0x000051a6                mda100_LightSensor_GetCounts
                0x00005064                mda100_init
                0x00005096                mda100_TemperatureSensor_GetCounts
                0x0000516e                mda100_TemperatureSensor_GetDegreeCelsius
                0x00005180                mda100_LightSensor_Power
                0x00005070                mda100_TemperatureSensor_Power
                0x000051c0                mda100_Powersave
 .text          0x000051d2      0x1fe ../../../src/drivers/platform/micaZ/source/mts310cb_driver.o
                0x00005232                mts310cb_Microphone_GetCounts
                0x000052a4                mts310cb_Magnetometer_x_SetOffset
                0x00005268                mts310cb_Microphone_SetGain
                0x000052fe                mts310cb_TemperatureSensor_Power
                0x00005368                mts310cb_TemperatureSensor_GetCounts
                0x000051f6                mts310cb_Magnetometer_x_GetCounts
                0x000052e0                mts310cb_Sounder_Power
                0x00005286                mts310cb_Magnetometer_y_SetOffset
                0x000053be                mts310cb_Powersave
                0x00005246                mts310cb_Microphone_SetMode
                0x00005326                mts310cb_LightSensor_Power
                0x000051d2                mts310cb_init
                0x0000521e                mts310cb_Accelerometer_x_GetCounts
                0x0000534e                mts310cb_LightSensor_GetCounts
                0x000051e2                mts310cb_Magnetometer_y_GetCounts
                0x00005382                mts310cb_Magnetometer_Power
                0x000053a0                mts310cb_Accelerometer_Power
                0x000052c2                mts310cb_Microphone_Power
                0x0000520a                mts310cb_Accelerometer_y_GetCounts
 .text          0x000053d0      0x1be ../../../src/drivers/platform/micaZ/source/DS2401.o
                0x000054e0                DS2401_init
                0x000054d8                Maxim_1Wire_CommandReadRom
                0x0000546a                Maxim_1Wire_WriteByte
                0x000053d0                Maxim_1Wire_ResetPulse
                0x000054f2                DS2401_getSerialNumber
                0x00005410                Maxim_1Wire_WriteBit
                0x0000543c                Maxim_1Wire_ReadBit
                0x000054a6                Maxim_1Wire_ReadByte
 .text          0x0000558e      0x20a ../../../src/drivers/platform/micaZ/source/DOGM128-6_Graphicdisplay_driver.o
                0x00005668                DOGM128_6_display_init
                0x0000570e                DOGM128_6_display_backlight
                0x0000571a                DOGM128_6_LCD_print
                0x0000558e                DOGM128_6_usart1_sendByte
                0x00005606                DOGM128_6_clear_display
 .text          0x00005798      0x828 ../../../src/drivers/platform/micaZ/source/eDIP240-7_TouchPanel_driver.o
                0x00005f98                eDIP240_7_Display_send_string_with_NULL
                0x00005a5c                eDIP240_7_Display_get_protocoll_info
                0x0000595c                eDIP240_7_Display_repeat_last_packet
                0x00005c68                eDIP240_7_Display_request_buffer_info
                0x00005d94                eDIP240_7_Display_get_buffer
                0x00005798                USART0_getchar
                0x00005894                eDIP240_7_Display_select
                0x000057bc                USART0_putchar
                0x000057cc                eDIP240_7_Display_deselect
                0x00005faa                eDIP240_7_Display_send_string
                0x00005ebc                eDIP240_7_Display_send_packet
                0x00005b98                eDIP240_7_Display_set_protocol
 .text          0x00005fc0      0x772 ../../../src/drivers/platform/micaZ/source/TUM_LKN_Sensorboard_driver.o
                0x000064a4                TUM_LKN_Sensorboard_yellowOff
                0x000064c0                TUM_LKN_Sensorboard_redBlink
                0x00006462                TUM_LKN_Sensorboard_greenOn
                0x000064f6                TUM_LKN_Sensorboard_redOn
                0x000062c6                TWI_write
                0x00006138                TUM_LKN_Sensorboard_getCurrentStep
                0x00006540                TUM_LKN_Sensorboard_laserOn
                0x000065c0                writeDAC
                0x0000601a                S2V
                0x000061a4                TUM_LKN_Sensorboard_setControl1
                0x00005fee                getLedMode
                0x00005fc0                setLedMode
                0x00006074                setBits
                0x000066a8                TUM_LKN_Sensorboard_stepCCW
                0x00006724                TUM_LKN_Sensorboard_init
                0x00006470                TUM_LKN_Sensorboard_yellowBlink
                0x00006430                TUM_LKN_Sensorboard_greenToggle
                0x0000632a                TWI_read
                0x0000613e                TUM_LKN_Sensorboard_setControl0
                0x0000641e                TUM_LKN_Sensorboard_greenBlink
                0x000066d0                TUM_LKN_Sensorboard_StepperIdle
                0x0000607c                prescalerSec2Hex
                0x0000604a                V2S
                0x000064d2                TUM_LKN_Sensorboard_redToggle
                0x000065f0                readIOs
                0x0000654e                readADC
                0x000064e8                TUM_LKN_Sensorboard_redOff
                0x00006630                TUM_LKN_Sensorboard_halfStepCW
                0x000060e0                pwmFrac2Hex
                0x000066f4                TUM_LKN_Sensorboard_writeIO
                0x00006504                TUM_LKN_Sensorboard_laserBlink
                0x000065a0                TUM_LKN_Sensorboard_readChannel3
                0x000065b8                TUM_LKN_Sensorboard_readPhotoVoltage
                0x00006454                TUM_LKN_Sensorboard_greenOff
                0x000065b0                TUM_LKN_Sensorboard_readChannel1
                0x00006532                TUM_LKN_Sensorboard_laserOff
                0x000065e6                TUM_LKN_Sensorboard_writeValue
                0x000066dc                TUM_LKN_Sensorboard_setBeeper
                0x00006658                TUM_LKN_Sensorboard_halfStepCCW
                0x000064b2                TUM_LKN_Sensorboard_yellowOn
                0x0000671e                TUM_LKN_Sensorboard_writeIOs
                0x0000620a                TUM_LKN_Sensorboard_setBrightness0
                0x00006516                TUM_LKN_Sensorboard_laserToggle
                0x00006680                TUM_LKN_Sensorboard_stepCW
                0x0000659a                TUM_LKN_Sensorboard_readChannel
                0x0000660c                writeIOs
                0x00006268                TUM_LKN_Sensorboard_setBrightness1
                0x000065a8                TUM_LKN_Sensorboard_readChannel2
                0x000063d4                setLeds
                0x000063a8                i2cAction
                0x00006482                TUM_LKN_Sensorboard_yellowToggle
 .text          0x00006732       0x56 ../../../src/kernel/hal/atmega128/atmel_hw_specific.o
                0x00006732                nrk_start_high_ready_task
 .text          0x00006788        0x0 c:/winavr-20100110/bin/../lib/gcc/avr/4.3.3/../../../../avr/lib/avr51\libprintf_flt.a(vfprintf_flt.o)
 .text          0x00006788        0x0 c:/winavr-20100110/bin/../lib/gcc/avr/4.3.3/../../../../avr/lib/avr51\libm.a(addsf3.o)
 .text          0x00006788        0x0 c:/winavr-20100110/bin/../lib/gcc/avr/4.3.3/../../../../avr/lib/avr51\libm.a(addsf3x.o)
 .text          0x00006788        0x0 c:/winavr-20100110/bin/../lib/gcc/avr/4.3.3/../../../../avr/lib/avr51\libm.a(divsf3.o)
 .text          0x00006788        0x0 c:/winavr-20100110/bin/../lib/gcc/avr/4.3.3/../../../../avr/lib/avr51\libm.a(divsf3x.o)
 .text          0x00006788        0x0 c:/winavr-20100110/bin/../lib/gcc/avr/4.3.3/../../../../avr/lib/avr51\libm.a(fixunssfsi.o)
 .text          0x00006788        0x0 c:/winavr-20100110/bin/../lib/gcc/avr/4.3.3/../../../../avr/lib/avr51\libm.a(floatsisf.o)
 .text          0x00006788        0x0 c:/winavr-20100110/bin/../lib/gcc/avr/4.3.3/../../../../avr/lib/avr51\libm.a(fp_inf.o)
 .text          0x00006788        0x0 c:/winavr-20100110/bin/../lib/gcc/avr/4.3.3/../../../../avr/lib/avr51\libm.a(fp_nan.o)
 .text          0x00006788        0x0 c:/winavr-20100110/bin/../lib/gcc/avr/4.3.3/../../../../avr/lib/avr51\libm.a(fp_pscA.o)
 .text          0x00006788        0x0 c:/winavr-20100110/bin/../lib/gcc/avr/4.3.3/../../../../avr/lib/avr51\libm.a(fp_pscB.o)
 .text          0x00006788        0x0 c:/winavr-20100110/bin/../lib/gcc/avr/4.3.3/../../../../avr/lib/avr51\libm.a(fp_round.o)
 .text          0x00006788        0x0 c:/winavr-20100110/bin/../lib/gcc/avr/4.3.3/../../../../avr/lib/avr51\libm.a(fp_split3.o)
 .text          0x00006788        0x0 c:/winavr-20100110/bin/../lib/gcc/avr/4.3.3/../../../../avr/lib/avr51\libm.a(fp_zero.o)
 .text          0x00006788        0x0 c:/winavr-20100110/bin/../lib/gcc/avr/4.3.3/../../../../avr/lib/avr51\libm.a(gesf2.o)
 .text          0x00006788        0x0 c:/winavr-20100110/bin/../lib/gcc/avr/4.3.3/../../../../avr/lib/avr51\libm.a(log.o)
 .text          0x00006788        0x0 c:/winavr-20100110/bin/../lib/gcc/avr/4.3.3/../../../../avr/lib/avr51\libm.a(mulsf3.o)
 .text          0x00006788        0x0 c:/winavr-20100110/bin/../lib/gcc/avr/4.3.3/../../../../avr/lib/avr51\libm.a(mulsf3x.o)
 .text          0x00006788        0x0 c:/winavr-20100110/bin/../lib/gcc/avr/4.3.3/../../../../avr/lib/avr51\libm.a(pow.o)
 .text          0x00006788        0x0 c:/winavr-20100110/bin/../lib/gcc/avr/4.3.3/../../../../avr/lib/avr51\libm.a(exp.o)
 .text          0x00006788        0x0 c:/winavr-20100110/bin/../lib/gcc/avr/4.3.3/../../../../avr/lib/avr51\libm.a(fp_cmp.o)
 .text          0x00006788        0x0 c:/winavr-20100110/bin/../lib/gcc/avr/4.3.3/../../../../avr/lib/avr51\libm.a(fp_mpack.o)
 .text          0x00006788        0x0 c:/winavr-20100110/bin/../lib/gcc/avr/4.3.3/../../../../avr/lib/avr51\libm.a(fp_powser.o)
 .text          0x00006788        0x0 c:/winavr-20100110/bin/../lib/gcc/avr/4.3.3/../../../../avr/lib/avr51\libm.a(inverse.o)
 .text          0x00006788        0x0 c:/winavr-20100110/bin/../lib/gcc/avr/4.3.3/../../../../avr/lib/avr51\libm.a(ldexp.o)
 .text          0x00006788        0x0 c:/winavr-20100110/bin/../lib/gcc/avr/4.3.3/../../../../avr/lib/avr51\libm.a(modf.o)
 .text          0x00006788        0x0 c:/winavr-20100110/bin/../lib/gcc/avr/4.3.3/avr51\libgcc.a(_mulsi3.o)
 .text          0x00006788        0x0 c:/winavr-20100110/bin/../lib/gcc/avr/4.3.3/avr51\libgcc.a(_udivmodhi4.o)
 .text          0x00006788        0x0 c:/winavr-20100110/bin/../lib/gcc/avr/4.3.3/avr51\libgcc.a(_udivmodsi4.o)
 .text          0x00006788        0x0 c:/winavr-20100110/bin/../lib/gcc/avr/4.3.3/avr51\libgcc.a(_exit.o)
 .text          0x00006788        0x0 c:/winavr-20100110/bin/../lib/gcc/avr/4.3.3/avr51\libgcc.a(_clear_bss.o)
 .text          0x00006788      0xcea c:/winavr-20100110/bin/../lib/gcc/avr/4.3.3/avr51\libgcc.a(_udivdi3.o)
                0x00006788                __udivdi3
 .text          0x00007472        0x0 c:/winavr-20100110/bin/../lib/gcc/avr/4.3.3/avr51\libgcc.a(_prologue.o)
 .text          0x00007472        0x0 c:/winavr-20100110/bin/../lib/gcc/avr/4.3.3/avr51\libgcc.a(_epilogue.o)
 .text          0x00007472        0x0 c:/winavr-20100110/bin/../lib/gcc/avr/4.3.3/avr51\libgcc.a(_clz.o)
 .text          0x00007472        0x0 c:/winavr-20100110/bin/../lib/gcc/avr/4.3.3/../../../../avr/lib/avr51\libc.a(ftoa_engine.o)
 .text          0x00007472        0x0 c:/winavr-20100110/bin/../lib/gcc/avr/4.3.3/../../../../avr/lib/avr51\libc.a(strnlen_P.o)
 .text          0x00007472        0x0 c:/winavr-20100110/bin/../lib/gcc/avr/4.3.3/../../../../avr/lib/avr51\libc.a(strnlen.o)
 .text          0x00007472        0x0 c:/winavr-20100110/bin/../lib/gcc/avr/4.3.3/../../../../avr/lib/avr51\libc.a(fdevopen.o)
 .text          0x00007472        0x0 c:/winavr-20100110/bin/../lib/gcc/avr/4.3.3/../../../../avr/lib/avr51\libc.a(fgetc.o)
 .text          0x00007472        0x0 c:/winavr-20100110/bin/../lib/gcc/avr/4.3.3/../../../../avr/lib/avr51\libc.a(fputc.o)
 .text          0x00007472        0x0 c:/winavr-20100110/bin/../lib/gcc/avr/4.3.3/../../../../avr/lib/avr51\libc.a(iob.o)
 .text          0x00007472        0x0 c:/winavr-20100110/bin/../lib/gcc/avr/4.3.3/../../../../avr/lib/avr51\libc.a(printf.o)
 .text          0x00007472        0x0 c:/winavr-20100110/bin/../lib/gcc/avr/4.3.3/../../../../avr/lib/avr51\libc.a(sprintf.o)
 .text          0x00007472        0x0 c:/winavr-20100110/bin/../lib/gcc/avr/4.3.3/../../../../avr/lib/avr51\libc.a(ultoa_invert.o)
 .text          0x00007472        0x0 c:/winavr-20100110/bin/../lib/gcc/avr/4.3.3/../../../../avr/lib/avr51\libc.a(eerd_byte_atmega128.o)
 .text          0x00007472        0x0 c:/winavr-20100110/bin/../lib/gcc/avr/4.3.3/../../../../avr/lib/avr51\libc.a(eewr_byte_atmega128.o)
 .text          0x00007472        0x0 c:/winavr-20100110/bin/../lib/gcc/avr/4.3.3/../../../../avr/lib/avr51\libc.a(calloc.o)
 .text          0x00007472        0x0 c:/winavr-20100110/bin/../lib/gcc/avr/4.3.3/../../../../avr/lib/avr51\libc.a(malloc.o)
 .text          0x00007472        0x0 c:/winavr-20100110/bin/../lib/gcc/avr/4.3.3/../../../../avr/lib/avr51\libc.a(memset.o)
                0x00007472                . = ALIGN (0x2)
 *(.text.*)
 .text.avr-libc
                0x00007472      0x760 c:/winavr-20100110/bin/../lib/gcc/avr/4.3.3/../../../../avr/lib/avr51\libprintf_flt.a(vfprintf_flt.o)
                0x00007472                vfprintf
 .text.avr-libc.fplib
                0x00007bd2        0xa c:/winavr-20100110/bin/../lib/gcc/avr/4.3.3/../../../../avr/lib/avr51\libm.a(addsf3.o)
                0x00007bd2                __subsf3
                0x00007bd4                __addsf3
 .text.avr-libc.fplib
                0x00007bdc       0xc0 c:/winavr-20100110/bin/../lib/gcc/avr/4.3.3/../../../../avr/lib/avr51\libm.a(addsf3x.o)
                0x00007bf6                __addsf3x
 .text.avr-libc.fplib
                0x00007c9c        0x4 c:/winavr-20100110/bin/../lib/gcc/avr/4.3.3/../../../../avr/lib/avr51\libm.a(divsf3.o)
                0x00007c9c                __divsf3
 .text.avr-libc.fplib
                0x00007ca0       0xcc c:/winavr-20100110/bin/../lib/gcc/avr/4.3.3/../../../../avr/lib/avr51\libm.a(divsf3x.o)
                0x00007cb6                __divsf3x
                0x00007cba                __divsf3_pse
 .text.avr-libc.fplib
                0x00007d6c       0x58 c:/winavr-20100110/bin/../lib/gcc/avr/4.3.3/../../../../avr/lib/avr51\libm.a(fixunssfsi.o)
                0x00007d6c                __fixunssfsi
 .text.avr-libc.fplib
                0x00007dc4       0x7a c:/winavr-20100110/bin/../lib/gcc/avr/4.3.3/../../../../avr/lib/avr51\libm.a(floatsisf.o)
                0x00007dc8                __floatsisf
                0x00007dc4                __floatunsisf
 .text.avr-libc.fplib
                0x00007e3e        0xc c:/winavr-20100110/bin/../lib/gcc/avr/4.3.3/../../../../avr/lib/avr51\libm.a(fp_inf.o)
                0x00007e3e                __fp_inf
 .text.avr-libc.fplib
                0x00007e4a        0x6 c:/winavr-20100110/bin/../lib/gcc/avr/4.3.3/../../../../avr/lib/avr51\libm.a(fp_nan.o)
                0x00007e4a                __fp_nan
 .text.avr-libc.fplib
                0x00007e50        0xe c:/winavr-20100110/bin/../lib/gcc/avr/4.3.3/../../../../avr/lib/avr51\libm.a(fp_pscA.o)
                0x00007e50                __fp_pscA
 .text.avr-libc.fplib
                0x00007e5e        0xe c:/winavr-20100110/bin/../lib/gcc/avr/4.3.3/../../../../avr/lib/avr51\libm.a(fp_pscB.o)
                0x00007e5e                __fp_pscB
 .text.avr-libc.fplib
                0x00007e6c       0x22 c:/winavr-20100110/bin/../lib/gcc/avr/4.3.3/../../../../avr/lib/avr51\libm.a(fp_round.o)
                0x00007e6c                __fp_round
 .text.avr-libc.fplib
                0x00007e8e       0x44 c:/winavr-20100110/bin/../lib/gcc/avr/4.3.3/../../../../avr/lib/avr51\libm.a(fp_split3.o)
                0x00007e8e                __fp_split3
                0x00007e9e                __fp_splitA
 .text.avr-libc.fplib
                0x00007ed2        0xe c:/winavr-20100110/bin/../lib/gcc/avr/4.3.3/../../../../avr/lib/avr51\libm.a(fp_zero.o)
                0x00007ed2                __fp_zero
                0x00007ed4                __fp_szero
 .text.avr-libc.fplib
                0x00007ee0        0x8 c:/winavr-20100110/bin/../lib/gcc/avr/4.3.3/../../../../avr/lib/avr51\libm.a(gesf2.o)
                0x00007ee0                __gtsf2
                0x00007ee0                __gesf2
 .text.avr-libc.fplib
                0x00007ee8       0x8a c:/winavr-20100110/bin/../lib/gcc/avr/4.3.3/../../../../avr/lib/avr51\libm.a(log.o)
                0x00007ef2                log
 .text.avr-libc.fplib
                0x00007f72        0x4 c:/winavr-20100110/bin/../lib/gcc/avr/4.3.3/../../../../avr/lib/avr51\libm.a(mulsf3.o)
                0x00007f72                __mulsf3
 .text.avr-libc.fplib
                0x00007f76       0xc2 c:/winavr-20100110/bin/../lib/gcc/avr/4.3.3/../../../../avr/lib/avr51\libm.a(mulsf3x.o)
                0x00007f8e                __mulsf3_pse
                0x00007f8a                __mulsf3x
 .text.avr-libc.fplib
                0x00008038       0x98 c:/winavr-20100110/bin/../lib/gcc/avr/4.3.3/../../../../avr/lib/avr51\libm.a(pow.o)
                0x00008038                pow
 .text.avr-libc.fplib
                0x000080d0       0x62 c:/winavr-20100110/bin/../lib/gcc/avr/4.3.3/../../../../avr/lib/avr51\libm.a(exp.o)
                0x000080da                exp
 .text.avr-libc.fplib
                0x00008132       0x48 c:/winavr-20100110/bin/../lib/gcc/avr/4.3.3/../../../../avr/lib/avr51\libm.a(fp_cmp.o)
                0x00008132                __fp_cmp
 .text.avr-libc.fplib
                0x0000817a       0x1c c:/winavr-20100110/bin/../lib/gcc/avr/4.3.3/../../../../avr/lib/avr51\libm.a(fp_mpack.o)
                0x0000817e                __fp_mpack_finite
                0x0000817a                __fp_mpack
 .text.avr-libc.fplib
                0x00008196       0x4a c:/winavr-20100110/bin/../lib/gcc/avr/4.3.3/../../../../avr/lib/avr51\libm.a(fp_powser.o)
                0x00008196                __fp_powser
 .text.avr-libc.fplib
                0x000081e0        0xe c:/winavr-20100110/bin/../lib/gcc/avr/4.3.3/../../../../avr/lib/avr51\libm.a(inverse.o)
                0x000081e0                inverse
 .text.avr-libc.fplib
                0x000081ee       0x6c c:/winavr-20100110/bin/../lib/gcc/avr/4.3.3/../../../../avr/lib/avr51\libm.a(ldexp.o)
                0x000081f2                ldexp
 .text.avr-libc.fplib
                0x0000825a       0x66 c:/winavr-20100110/bin/../lib/gcc/avr/4.3.3/../../../../avr/lib/avr51\libm.a(modf.o)
                0x0000825a                modff
                0x0000825a                modf
 .text.libgcc   0x000082c0       0x3e c:/winavr-20100110/bin/../lib/gcc/avr/4.3.3/avr51\libgcc.a(_mulsi3.o)
                0x000082c0                __mulsi3
 .text.libgcc   0x000082fe       0x28 c:/winavr-20100110/bin/../lib/gcc/avr/4.3.3/avr51\libgcc.a(_udivmodhi4.o)
                0x000082fe                __udivmodhi4
 .text.libgcc   0x00008326       0x44 c:/winavr-20100110/bin/../lib/gcc/avr/4.3.3/avr51\libgcc.a(_udivmodsi4.o)
                0x00008326                __udivmodsi4
 .text.libgcc   0x0000836a        0x0 c:/winavr-20100110/bin/../lib/gcc/avr/4.3.3/avr51\libgcc.a(_exit.o)
 .text.libgcc   0x0000836a        0x0 c:/winavr-20100110/bin/../lib/gcc/avr/4.3.3/avr51\libgcc.a(_clear_bss.o)
 .text.libgcc   0x0000836a       0x38 c:/winavr-20100110/bin/../lib/gcc/avr/4.3.3/avr51\libgcc.a(_prologue.o)
                0x0000836a                __prologue_saves__
 .text.libgcc   0x000083a2       0x36 c:/winavr-20100110/bin/../lib/gcc/avr/4.3.3/avr51\libgcc.a(_epilogue.o)
                0x000083a2                __epilogue_restores__
 .text.avr-libc
                0x000083d8      0x1b0 c:/winavr-20100110/bin/../lib/gcc/avr/4.3.3/../../../../avr/lib/avr51\libc.a(ftoa_engine.o)
                0x000083d8                __ftoa_engine
 .text.avr-libc
                0x00008588       0x16 c:/winavr-20100110/bin/../lib/gcc/avr/4.3.3/../../../../avr/lib/avr51\libc.a(strnlen_P.o)
                0x00008588                strnlen_P
 .text.avr-libc
                0x0000859e       0x16 c:/winavr-20100110/bin/../lib/gcc/avr/4.3.3/../../../../avr/lib/avr51\libc.a(strnlen.o)
                0x0000859e                strnlen
 .text.avr-libc
                0x000085b4       0x98 c:/winavr-20100110/bin/../lib/gcc/avr/4.3.3/../../../../avr/lib/avr51\libc.a(fdevopen.o)
                0x000085b4                fdevopen
 .text.avr-libc
                0x0000864c       0x84 c:/winavr-20100110/bin/../lib/gcc/avr/4.3.3/../../../../avr/lib/avr51\libc.a(fgetc.o)
                0x0000864c                fgetc
 .text.avr-libc
                0x000086d0       0x58 c:/winavr-20100110/bin/../lib/gcc/avr/4.3.3/../../../../avr/lib/avr51\libc.a(fputc.o)
                0x000086d0                fputc
 .text.avr-libc
                0x00008728       0x24 c:/winavr-20100110/bin/../lib/gcc/avr/4.3.3/../../../../avr/lib/avr51\libc.a(printf.o)
                0x00008728                printf
 .text.avr-libc
                0x0000874c       0x62 c:/winavr-20100110/bin/../lib/gcc/avr/4.3.3/../../../../avr/lib/avr51\libc.a(sprintf.o)
                0x0000874c                sprintf
 .text.avr-libc
                0x000087ae       0xbc c:/winavr-20100110/bin/../lib/gcc/avr/4.3.3/../../../../avr/lib/avr51\libc.a(ultoa_invert.o)
                0x000087ae                __ultoa_invert
 .text.avr-libc
                0x0000886a       0x10 c:/winavr-20100110/bin/../lib/gcc/avr/4.3.3/../../../../avr/lib/avr51\libc.a(eerd_byte_atmega128.o)
                0x0000886a                __eerd_byte_m128
 .text.avr-libc
                0x0000887a       0x1a c:/winavr-20100110/bin/../lib/gcc/avr/4.3.3/../../../../avr/lib/avr51\libc.a(eewr_byte_atmega128.o)
                0x0000887c                __eewr_r18_m128
                0x0000887a                __eewr_byte_m128
 .text.avr-libc
                0x00008894       0x38 c:/winavr-20100110/bin/../lib/gcc/avr/4.3.3/../../../../avr/lib/avr51\libc.a(calloc.o)
                0x00008894                calloc
 .text.avr-libc
                0x000088cc      0x20a c:/winavr-20100110/bin/../lib/gcc/avr/4.3.3/../../../../avr/lib/avr51\libc.a(malloc.o)
                0x000088cc                malloc
                0x00008a26                free
 .text.avr-libc
                0x00008ad6        0xe c:/winavr-20100110/bin/../lib/gcc/avr/4.3.3/../../../../avr/lib/avr51\libc.a(memset.o)
                0x00008ad6                memset
                0x00008ae4                . = ALIGN (0x2)
 *(.fini9)
 .fini9         0x00008ae4        0x0 c:/winavr-20100110/bin/../lib/gcc/avr/4.3.3/avr51\libgcc.a(_exit.o)
                0x00008ae4                exit
                0x00008ae4                _exit
 *(.fini9)
 *(.fini8)
 *(.fini8)
 *(.fini7)
 *(.fini7)
 *(.fini6)
 *(.fini6)
 *(.fini5)
 *(.fini5)
 *(.fini4)
 *(.fini4)
 *(.fini3)
 *(.fini3)
 *(.fini2)
 *(.fini2)
 *(.fini1)
 *(.fini1)
 *(.fini0)
 .fini0         0x00008ae4        0x4 c:/winavr-20100110/bin/../lib/gcc/avr/4.3.3/avr51\libgcc.a(_exit.o)
 *(.fini0)
                0x00008ae8                _etext = .

.data           0x00800100      0x1f4 load address 0x00008ae8
                0x00800100                PROVIDE (__data_start, .)
 *(.data)
 .data          0x00800100        0x0 c:/winavr-20100110/bin/../lib/gcc/avr/4.3.3/../../../../avr/lib/avr51/crtm128.o
 .data          0x00800100       0x6a main.o
 .data          0x0080016a        0x0 ../../../src/radio/cc2420/source/hal_rf_set_channel.o
 .data          0x0080016a        0x0 ../../../src/radio/cc2420/source/hal_rf_wait_for_crystal_oscillator.o
 .data          0x0080016a        0x0 ../../../src/radio/cc2420/source/basic_rf.o
 .data          0x0080016a       0x23 ../../../src/platform/micaZ/source/ulib.o
                0x0080016a                NRK_LED_0
                0x0080017c                NRK_FIFOP
                0x00800176                NRK_SFD
                0x00800186                NRK_DEBUG_3
                0x0080016b                NRK_LED_1
                0x00800173                NRK_FIFO
                0x0080017e                NRK_ADC_INPUT_1
                0x0080017b                NRK_UART0_TXD
                0x0080016c                NRK_LED_2
                0x0080017d                NRK_ADC_INPUT_0
                0x00800184                NRK_DEBUG_1
                0x0080018c                NRK_GPIO34
                0x0080016d                NRK_VREG_EN
                0x00800178                NRK_CCA
                0x00800181                NRK_ADC_INPUT_6
                0x00800177                NRK_UART1_RTS
                0x00800183                NRK_DEBUG_0
                0x00800180                NRK_ADC_INPUT_3
                0x0080018a                NRK_GPIO26
                0x00800172                NRK_MISO
                0x0080018b                NRK_GPIO28
                0x00800171                NRK_MOSI
                0x00800175                NRK_UART1_TXD
                0x0080017a                NRK_UART0_RXD
                0x00800182                NRK_ADC_INPUT_7
                0x0080016f                NRK_CSN
                0x00800179                NRK_UART1_CTS
                0x00800185                NRK_DEBUG_2
                0x00800187                NRK_LED_3
                0x0080016e                NRK_RESET_N
                0x00800189                NRK_SPI_SS
                0x00800174                NRK_UART1_RXD
                0x0080017f                NRK_ADC_INPUT_2
                0x00800170                NRK_SCK
                0x00800188                NRK_BLED
 .data          0x0080018d        0x0 ../../../src/platform/micaZ/source/hal_wait.o
 .data          0x0080018d        0x0 ../../../src/platform/micaZ/source/nrk_eeprom.o
 .data          0x0080018d        0x0 ../../../src/kernel/source/nrk.o
 .data          0x0080018d        0x0 ../../../src/kernel/source/nrk_stats.o
 .data          0x0080018d        0x3 ../../../src/kernel/source/nrk_error.o
 .data          0x00800190       0x4e ../../../src/kernel/source/nrk_stack_check.o
 .data          0x008001de        0x0 ../../../src/kernel/source/nrk_events.o
 .data          0x008001de        0x0 ../../../src/kernel/source/nrk_task.o
 .data          0x008001de        0x0 ../../../src/kernel/source/nrk_time.o
 .data          0x008001de        0x0 ../../../src/kernel/source/nrk_idle_task.o
 .data          0x008001de        0x0 ../../../src/kernel/source/nrk_scheduler.o
 .data          0x008001de        0x0 ../../../src/kernel/source/nrk_driver.o
 .data          0x008001de        0x0 ../../../src/kernel/source/nrk_reserve.o
 .data          0x008001de        0x0 ../../../src/kernel/source/nrk_sw_wdt.o
 .data          0x008001de        0x0 ../../../src/kernel/hal/atmega128/nrk_timer.o
 .data          0x008001de        0x0 ../../../src/kernel/hal/atmega128/nrk_status.o
 .data          0x008001de        0x0 ../../../src/kernel/hal/atmega128/nrk_ext_int.o
 .data          0x008001de        0x0 ../../../src/kernel/hal/atmega128/nrk_watchdog.o
 .data          0x008001de        0x0 ../../../src/kernel/hal/atmega128/nrk_cpu.o
 .data          0x008001de        0x0 ../../../src/drivers/platform/micaZ/source/ad5242.o
 .data          0x008001de        0x0 ../../../src/drivers/platform/micaZ/source/adc_driver.o
 .data          0x008001de        0x0 ../../../src/drivers/platform/micaZ/source/i2c_driver.o
 .data          0x008001de        0x0 ../../../src/drivers/platform/micaZ/source/mda100_driver.o
 .data          0x008001de        0x0 ../../../src/drivers/platform/micaZ/source/mts310cb_driver.o
 .data          0x008001de        0x0 ../../../src/drivers/platform/micaZ/source/DS2401.o
 .data          0x008001de        0x0 ../../../src/drivers/platform/micaZ/source/DOGM128-6_Graphicdisplay_driver.o
 .data          0x008001de        0x0 ../../../src/drivers/platform/micaZ/source/eDIP240-7_TouchPanel_driver.o
 .data          0x008001de       0x10 ../../../src/drivers/platform/micaZ/source/TUM_LKN_Sensorboard_driver.o
                0x008001ec                m_pwm
                0x008001e0                steps
                0x008001e8                m_vbatt
                0x008001de                steppertimeout
 .data          0x008001ee        0x0 ../../../src/kernel/hal/atmega128/atmel_hw_specific.o
 .data          0x008001ee        0x0 c:/winavr-20100110/bin/../lib/gcc/avr/4.3.3/../../../../avr/lib/avr51\libprintf_flt.a(vfprintf_flt.o)
 .data          0x008001ee        0x0 c:/winavr-20100110/bin/../lib/gcc/avr/4.3.3/../../../../avr/lib/avr51\libm.a(addsf3.o)
 .data          0x008001ee        0x0 c:/winavr-20100110/bin/../lib/gcc/avr/4.3.3/../../../../avr/lib/avr51\libm.a(addsf3x.o)
 .data          0x008001ee        0x0 c:/winavr-20100110/bin/../lib/gcc/avr/4.3.3/../../../../avr/lib/avr51\libm.a(divsf3.o)
 .data          0x008001ee        0x0 c:/winavr-20100110/bin/../lib/gcc/avr/4.3.3/../../../../avr/lib/avr51\libm.a(divsf3x.o)
 .data          0x008001ee        0x0 c:/winavr-20100110/bin/../lib/gcc/avr/4.3.3/../../../../avr/lib/avr51\libm.a(fixunssfsi.o)
 .data          0x008001ee        0x0 c:/winavr-20100110/bin/../lib/gcc/avr/4.3.3/../../../../avr/lib/avr51\libm.a(floatsisf.o)
 .data          0x008001ee        0x0 c:/winavr-20100110/bin/../lib/gcc/avr/4.3.3/../../../../avr/lib/avr51\libm.a(fp_inf.o)
 .data          0x008001ee        0x0 c:/winavr-20100110/bin/../lib/gcc/avr/4.3.3/../../../../avr/lib/avr51\libm.a(fp_nan.o)
 .data          0x008001ee        0x0 c:/winavr-20100110/bin/../lib/gcc/avr/4.3.3/../../../../avr/lib/avr51\libm.a(fp_pscA.o)
 .data          0x008001ee        0x0 c:/winavr-20100110/bin/../lib/gcc/avr/4.3.3/../../../../avr/lib/avr51\libm.a(fp_pscB.o)
 .data          0x008001ee        0x0 c:/winavr-20100110/bin/../lib/gcc/avr/4.3.3/../../../../avr/lib/avr51\libm.a(fp_round.o)
 .data          0x008001ee        0x0 c:/winavr-20100110/bin/../lib/gcc/avr/4.3.3/../../../../avr/lib/avr51\libm.a(fp_split3.o)
 .data          0x008001ee        0x0 c:/winavr-20100110/bin/../lib/gcc/avr/4.3.3/../../../../avr/lib/avr51\libm.a(fp_zero.o)
 .data          0x008001ee        0x0 c:/winavr-20100110/bin/../lib/gcc/avr/4.3.3/../../../../avr/lib/avr51\libm.a(gesf2.o)
 .data          0x008001ee        0x0 c:/winavr-20100110/bin/../lib/gcc/avr/4.3.3/../../../../avr/lib/avr51\libm.a(log.o)
 .data          0x008001ee        0x0 c:/winavr-20100110/bin/../lib/gcc/avr/4.3.3/../../../../avr/lib/avr51\libm.a(mulsf3.o)
 .data          0x008001ee        0x0 c:/winavr-20100110/bin/../lib/gcc/avr/4.3.3/../../../../avr/lib/avr51\libm.a(mulsf3x.o)
 .data          0x008001ee        0x0 c:/winavr-20100110/bin/../lib/gcc/avr/4.3.3/../../../../avr/lib/avr51\libm.a(pow.o)
 .data          0x008001ee        0x0 c:/winavr-20100110/bin/../lib/gcc/avr/4.3.3/../../../../avr/lib/avr51\libm.a(exp.o)
 .data          0x008001ee        0x0 c:/winavr-20100110/bin/../lib/gcc/avr/4.3.3/../../../../avr/lib/avr51\libm.a(fp_cmp.o)
 .data          0x008001ee        0x0 c:/winavr-20100110/bin/../lib/gcc/avr/4.3.3/../../../../avr/lib/avr51\libm.a(fp_mpack.o)
 .data          0x008001ee        0x0 c:/winavr-20100110/bin/../lib/gcc/avr/4.3.3/../../../../avr/lib/avr51\libm.a(fp_powser.o)
 .data          0x008001ee        0x0 c:/winavr-20100110/bin/../lib/gcc/avr/4.3.3/../../../../avr/lib/avr51\libm.a(inverse.o)
 .data          0x008001ee        0x0 c:/winavr-20100110/bin/../lib/gcc/avr/4.3.3/../../../../avr/lib/avr51\libm.a(ldexp.o)
 .data          0x008001ee        0x0 c:/winavr-20100110/bin/../lib/gcc/avr/4.3.3/../../../../avr/lib/avr51\libm.a(modf.o)
 .data          0x008001ee        0x0 c:/winavr-20100110/bin/../lib/gcc/avr/4.3.3/avr51\libgcc.a(_mulsi3.o)
 .data          0x008001ee        0x0 c:/winavr-20100110/bin/../lib/gcc/avr/4.3.3/avr51\libgcc.a(_udivmodhi4.o)
 .data          0x008001ee        0x0 c:/winavr-20100110/bin/../lib/gcc/avr/4.3.3/avr51\libgcc.a(_udivmodsi4.o)
 .data          0x008001ee        0x0 c:/winavr-20100110/bin/../lib/gcc/avr/4.3.3/avr51\libgcc.a(_exit.o)
 .data          0x008001ee        0x0 c:/winavr-20100110/bin/../lib/gcc/avr/4.3.3/avr51\libgcc.a(_clear_bss.o)
 .data          0x008001ee        0x0 c:/winavr-20100110/bin/../lib/gcc/avr/4.3.3/avr51\libgcc.a(_udivdi3.o)
 .data          0x008001ee        0x0 c:/winavr-20100110/bin/../lib/gcc/avr/4.3.3/avr51\libgcc.a(_prologue.o)
 .data          0x008001ee        0x0 c:/winavr-20100110/bin/../lib/gcc/avr/4.3.3/avr51\libgcc.a(_epilogue.o)
 .data          0x008001ee      0x100 c:/winavr-20100110/bin/../lib/gcc/avr/4.3.3/avr51\libgcc.a(_clz.o)
                0x008001ee                __clz_tab
 .data          0x008002ee        0x0 c:/winavr-20100110/bin/../lib/gcc/avr/4.3.3/../../../../avr/lib/avr51\libc.a(ftoa_engine.o)
 .data          0x008002ee        0x0 c:/winavr-20100110/bin/../lib/gcc/avr/4.3.3/../../../../avr/lib/avr51\libc.a(strnlen_P.o)
 .data          0x008002ee        0x0 c:/winavr-20100110/bin/../lib/gcc/avr/4.3.3/../../../../avr/lib/avr51\libc.a(strnlen.o)
 .data          0x008002ee        0x0 c:/winavr-20100110/bin/../lib/gcc/avr/4.3.3/../../../../avr/lib/avr51\libc.a(fdevopen.o)
 .data          0x008002ee        0x0 c:/winavr-20100110/bin/../lib/gcc/avr/4.3.3/../../../../avr/lib/avr51\libc.a(fgetc.o)
 .data          0x008002ee        0x0 c:/winavr-20100110/bin/../lib/gcc/avr/4.3.3/../../../../avr/lib/avr51\libc.a(fputc.o)
 .data          0x008002ee        0x0 c:/winavr-20100110/bin/../lib/gcc/avr/4.3.3/../../../../avr/lib/avr51\libc.a(iob.o)
 .data          0x008002ee        0x0 c:/winavr-20100110/bin/../lib/gcc/avr/4.3.3/../../../../avr/lib/avr51\libc.a(printf.o)
 .data          0x008002ee        0x0 c:/winavr-20100110/bin/../lib/gcc/avr/4.3.3/../../../../avr/lib/avr51\libc.a(sprintf.o)
 .data          0x008002ee        0x0 c:/winavr-20100110/bin/../lib/gcc/avr/4.3.3/../../../../avr/lib/avr51\libc.a(ultoa_invert.o)
 .data          0x008002ee        0x0 c:/winavr-20100110/bin/../lib/gcc/avr/4.3.3/../../../../avr/lib/avr51\libc.a(eerd_byte_atmega128.o)
 .data          0x008002ee        0x0 c:/winavr-20100110/bin/../lib/gcc/avr/4.3.3/../../../../avr/lib/avr51\libc.a(eewr_byte_atmega128.o)
 .data          0x008002ee        0x0 c:/winavr-20100110/bin/../lib/gcc/avr/4.3.3/../../../../avr/lib/avr51\libc.a(calloc.o)
 .data          0x008002ee        0x6 c:/winavr-20100110/bin/../lib/gcc/avr/4.3.3/../../../../avr/lib/avr51\libc.a(malloc.o)
                0x008002f0                __malloc_heap_start
                0x008002f2                __malloc_heap_end
                0x008002ee                __malloc_margin
 .data          0x008002f4        0x0 c:/winavr-20100110/bin/../lib/gcc/avr/4.3.3/../../../../avr/lib/avr51\libc.a(memset.o)
 *(.data*)
 *(.rodata)
 *(.rodata*)
 *(.gnu.linkonce.d*)
                0x008002f4                . = ALIGN (0x2)
                0x008002f4                _edata = .
                0x008002f4                PROVIDE (__data_end, .)

.bss            0x008002f4      0x352
                0x008002f4                PROVIDE (__bss_start, .)
 *(.bss)
 .bss           0x008002f4        0x0 c:/winavr-20100110/bin/../lib/gcc/avr/4.3.3/../../../../avr/lib/avr51/crtm128.o
 .bss           0x008002f4        0x0 main.o
 .bss           0x008002f4        0x0 ../../../src/radio/cc2420/source/hal_rf_set_channel.o
 .bss           0x008002f4        0x0 ../../../src/radio/cc2420/source/hal_rf_wait_for_crystal_oscillator.o
 .bss           0x008002f4        0x0 ../../../src/radio/cc2420/source/basic_rf.o
 .bss           0x008002f4        0x0 ../../../src/platform/micaZ/source/ulib.o
 .bss           0x008002f4        0x0 ../../../src/platform/micaZ/source/hal_wait.o
 .bss           0x008002f4        0x0 ../../../src/platform/micaZ/source/nrk_eeprom.o
 .bss           0x008002f4        0x0 ../../../src/kernel/source/nrk.o
 .bss           0x008002f4        0x0 ../../../src/kernel/source/nrk_stats.o
 .bss           0x008002f4        0x0 ../../../src/kernel/source/nrk_error.o
 .bss           0x008002f4        0x0 ../../../src/kernel/source/nrk_stack_check.o
 .bss           0x008002f4        0x0 ../../../src/kernel/source/nrk_events.o
 .bss           0x008002f4        0x0 ../../../src/kernel/source/nrk_task.o
 .bss           0x008002f4        0x0 ../../../src/kernel/source/nrk_time.o
 .bss           0x008002f4        0x0 ../../../src/kernel/source/nrk_idle_task.o
 .bss           0x008002f4        0x0 ../../../src/kernel/source/nrk_scheduler.o
 .bss           0x008002f4        0x0 ../../../src/kernel/source/nrk_driver.o
 .bss           0x008002f4        0x0 ../../../src/kernel/source/nrk_reserve.o
 .bss           0x008002f4        0x0 ../../../src/kernel/source/nrk_sw_wdt.o
 .bss           0x008002f4        0x0 ../../../src/kernel/hal/atmega128/nrk_timer.o
 .bss           0x008002f4        0x0 ../../../src/kernel/hal/atmega128/nrk_status.o
 .bss           0x008002f4        0x0 ../../../src/kernel/hal/atmega128/nrk_ext_int.o
 .bss           0x008002f4        0x0 ../../../src/kernel/hal/atmega128/nrk_watchdog.o
 .bss           0x008002f4        0x0 ../../../src/kernel/hal/atmega128/nrk_cpu.o
 .bss           0x008002f4        0x0 ../../../src/drivers/platform/micaZ/source/ad5242.o
 .bss           0x008002f4        0x0 ../../../src/drivers/platform/micaZ/source/adc_driver.o
 .bss           0x008002f4        0x0 ../../../src/drivers/platform/micaZ/source/i2c_driver.o
 .bss           0x008002f4        0x1 ../../../src/drivers/platform/micaZ/source/mda100_driver.o
                0x008002f4                mda100_initDone
 .bss           0x008002f5        0x1 ../../../src/drivers/platform/micaZ/source/mts310cb_driver.o
                0x008002f5                mts310cb_initDone
 .bss           0x008002f6        0x0 ../../../src/drivers/platform/micaZ/source/DS2401.o
 .bss           0x008002f6        0x0 ../../../src/drivers/platform/micaZ/source/DOGM128-6_Graphicdisplay_driver.o
 .bss           0x008002f6        0x0 ../../../src/drivers/platform/micaZ/source/eDIP240-7_TouchPanel_driver.o
 .bss           0x008002f6        0xd ../../../src/drivers/platform/micaZ/source/TUM_LKN_Sensorboard_driver.o
                0x008002f6                m_currentstep
                0x008002ff                m_lastxs
                0x00800300                m_ledstate
                0x00800301                m_prescaler
                0x008002f7                i2cData
 .bss           0x00800303        0x0 ../../../src/kernel/hal/atmega128/atmel_hw_specific.o
 .bss           0x00800303        0x0 c:/winavr-20100110/bin/../lib/gcc/avr/4.3.3/../../../../avr/lib/avr51\libprintf_flt.a(vfprintf_flt.o)
 .bss           0x00800303        0x0 c:/winavr-20100110/bin/../lib/gcc/avr/4.3.3/../../../../avr/lib/avr51\libm.a(addsf3.o)
 .bss           0x00800303        0x0 c:/winavr-20100110/bin/../lib/gcc/avr/4.3.3/../../../../avr/lib/avr51\libm.a(addsf3x.o)
 .bss           0x00800303        0x0 c:/winavr-20100110/bin/../lib/gcc/avr/4.3.3/../../../../avr/lib/avr51\libm.a(divsf3.o)
 .bss           0x00800303        0x0 c:/winavr-20100110/bin/../lib/gcc/avr/4.3.3/../../../../avr/lib/avr51\libm.a(divsf3x.o)
 .bss           0x00800303        0x0 c:/winavr-20100110/bin/../lib/gcc/avr/4.3.3/../../../../avr/lib/avr51\libm.a(fixunssfsi.o)
 .bss           0x00800303        0x0 c:/winavr-20100110/bin/../lib/gcc/avr/4.3.3/../../../../avr/lib/avr51\libm.a(floatsisf.o)
 .bss           0x00800303        0x0 c:/winavr-20100110/bin/../lib/gcc/avr/4.3.3/../../../../avr/lib/avr51\libm.a(fp_inf.o)
 .bss           0x00800303        0x0 c:/winavr-20100110/bin/../lib/gcc/avr/4.3.3/../../../../avr/lib/avr51\libm.a(fp_nan.o)
 .bss           0x00800303        0x0 c:/winavr-20100110/bin/../lib/gcc/avr/4.3.3/../../../../avr/lib/avr51\libm.a(fp_pscA.o)
 .bss           0x00800303        0x0 c:/winavr-20100110/bin/../lib/gcc/avr/4.3.3/../../../../avr/lib/avr51\libm.a(fp_pscB.o)
 .bss           0x00800303        0x0 c:/winavr-20100110/bin/../lib/gcc/avr/4.3.3/../../../../avr/lib/avr51\libm.a(fp_round.o)
 .bss           0x00800303        0x0 c:/winavr-20100110/bin/../lib/gcc/avr/4.3.3/../../../../avr/lib/avr51\libm.a(fp_split3.o)
 .bss           0x00800303        0x0 c:/winavr-20100110/bin/../lib/gcc/avr/4.3.3/../../../../avr/lib/avr51\libm.a(fp_zero.o)
 .bss           0x00800303        0x0 c:/winavr-20100110/bin/../lib/gcc/avr/4.3.3/../../../../avr/lib/avr51\libm.a(gesf2.o)
 .bss           0x00800303        0x0 c:/winavr-20100110/bin/../lib/gcc/avr/4.3.3/../../../../avr/lib/avr51\libm.a(log.o)
 .bss           0x00800303        0x0 c:/winavr-20100110/bin/../lib/gcc/avr/4.3.3/../../../../avr/lib/avr51\libm.a(mulsf3.o)
 .bss           0x00800303        0x0 c:/winavr-20100110/bin/../lib/gcc/avr/4.3.3/../../../../avr/lib/avr51\libm.a(mulsf3x.o)
 .bss           0x00800303        0x0 c:/winavr-20100110/bin/../lib/gcc/avr/4.3.3/../../../../avr/lib/avr51\libm.a(pow.o)
 .bss           0x00800303        0x0 c:/winavr-20100110/bin/../lib/gcc/avr/4.3.3/../../../../avr/lib/avr51\libm.a(exp.o)
 .bss           0x00800303        0x0 c:/winavr-20100110/bin/../lib/gcc/avr/4.3.3/../../../../avr/lib/avr51\libm.a(fp_cmp.o)
 .bss           0x00800303        0x0 c:/winavr-20100110/bin/../lib/gcc/avr/4.3.3/../../../../avr/lib/avr51\libm.a(fp_mpack.o)
 .bss           0x00800303        0x0 c:/winavr-20100110/bin/../lib/gcc/avr/4.3.3/../../../../avr/lib/avr51\libm.a(fp_powser.o)
 .bss           0x00800303        0x0 c:/winavr-20100110/bin/../lib/gcc/avr/4.3.3/../../../../avr/lib/avr51\libm.a(inverse.o)
 .bss           0x00800303        0x0 c:/winavr-20100110/bin/../lib/gcc/avr/4.3.3/../../../../avr/lib/avr51\libm.a(ldexp.o)
 .bss           0x00800303        0x0 c:/winavr-20100110/bin/../lib/gcc/avr/4.3.3/../../../../avr/lib/avr51\libm.a(modf.o)
 .bss           0x00800303        0x0 c:/winavr-20100110/bin/../lib/gcc/avr/4.3.3/avr51\libgcc.a(_mulsi3.o)
 .bss           0x00800303        0x0 c:/winavr-20100110/bin/../lib/gcc/avr/4.3.3/avr51\libgcc.a(_udivmodhi4.o)
 .bss           0x00800303        0x0 c:/winavr-20100110/bin/../lib/gcc/avr/4.3.3/avr51\libgcc.a(_udivmodsi4.o)
 .bss           0x00800303        0x0 c:/winavr-20100110/bin/../lib/gcc/avr/4.3.3/avr51\libgcc.a(_exit.o)
 .bss           0x00800303        0x0 c:/winavr-20100110/bin/../lib/gcc/avr/4.3.3/avr51\libgcc.a(_clear_bss.o)
 .bss           0x00800303        0x0 c:/winavr-20100110/bin/../lib/gcc/avr/4.3.3/avr51\libgcc.a(_udivdi3.o)
 .bss           0x00800303        0x0 c:/winavr-20100110/bin/../lib/gcc/avr/4.3.3/avr51\libgcc.a(_prologue.o)
 .bss           0x00800303        0x0 c:/winavr-20100110/bin/../lib/gcc/avr/4.3.3/avr51\libgcc.a(_epilogue.o)
 .bss           0x00800303        0x0 c:/winavr-20100110/bin/../lib/gcc/avr/4.3.3/avr51\libgcc.a(_clz.o)
 .bss           0x00800303        0x0 c:/winavr-20100110/bin/../lib/gcc/avr/4.3.3/../../../../avr/lib/avr51\libc.a(ftoa_engine.o)
 .bss           0x00800303        0x0 c:/winavr-20100110/bin/../lib/gcc/avr/4.3.3/../../../../avr/lib/avr51\libc.a(strnlen_P.o)
 .bss           0x00800303        0x0 c:/winavr-20100110/bin/../lib/gcc/avr/4.3.3/../../../../avr/lib/avr51\libc.a(strnlen.o)
 .bss           0x00800303        0x0 c:/winavr-20100110/bin/../lib/gcc/avr/4.3.3/../../../../avr/lib/avr51\libc.a(fdevopen.o)
 .bss           0x00800303        0x0 c:/winavr-20100110/bin/../lib/gcc/avr/4.3.3/../../../../avr/lib/avr51\libc.a(fgetc.o)
 .bss           0x00800303        0x0 c:/winavr-20100110/bin/../lib/gcc/avr/4.3.3/../../../../avr/lib/avr51\libc.a(fputc.o)
 .bss           0x00800303        0x0 c:/winavr-20100110/bin/../lib/gcc/avr/4.3.3/../../../../avr/lib/avr51\libc.a(iob.o)
 .bss           0x00800303        0x0 c:/winavr-20100110/bin/../lib/gcc/avr/4.3.3/../../../../avr/lib/avr51\libc.a(printf.o)
 .bss           0x00800303        0x0 c:/winavr-20100110/bin/../lib/gcc/avr/4.3.3/../../../../avr/lib/avr51\libc.a(sprintf.o)
 .bss           0x00800303        0x0 c:/winavr-20100110/bin/../lib/gcc/avr/4.3.3/../../../../avr/lib/avr51\libc.a(ultoa_invert.o)
 .bss           0x00800303        0x0 c:/winavr-20100110/bin/../lib/gcc/avr/4.3.3/../../../../avr/lib/avr51\libc.a(eerd_byte_atmega128.o)
 .bss           0x00800303        0x0 c:/winavr-20100110/bin/../lib/gcc/avr/4.3.3/../../../../avr/lib/avr51\libc.a(eewr_byte_atmega128.o)
 .bss           0x00800303        0x0 c:/winavr-20100110/bin/../lib/gcc/avr/4.3.3/../../../../avr/lib/avr51\libc.a(calloc.o)
 .bss           0x00800303        0x0 c:/winavr-20100110/bin/../lib/gcc/avr/4.3.3/../../../../avr/lib/avr51\libc.a(malloc.o)
 .bss           0x00800303        0x0 c:/winavr-20100110/bin/../lib/gcc/avr/4.3.3/../../../../avr/lib/avr51\libc.a(memset.o)
 *(.bss*)
 *(COMMON)
 COMMON         0x00800303      0x1d3 main.o
                0x00800303                app_timer0_callback
                0x00800305                error_task
                0x00800306                _nrk_time_trigger
                0x00800307                TaskOne
                0x0080032a                Stack2
                0x008003aa                _nrk_signal_list
                0x008003ae                Stack1
                0x0080042e                nrk_kernel_stk_ptr
                0x00800430                app_timer0_prescale
                0x00800431                _nrk_prev_timer_val
                0x00800432                error_num
                0x00800433                nrk_idle_task_stk
                0x008004b3                TaskTwo
 COMMON         0x008004d6       0x1b ../../../src/radio/cc2420/source/basic_rf.o
                0x008004d6                rx_ctr
                0x008004da                radio_sem
                0x008004dc                security_enable
                0x008004dd                mdmctrl0
                0x008004df                rfSettings
                0x008004e8                tmp_blah
                0x008004ea                auto_ack_enable
                0x008004eb                last_pkt_encrypted
                0x008004ec                tx_ctr
                0x008004f0                rx_ready
 COMMON         0x008004f1       0xde ../../../src/kernel/source/nrk.o
                0x008004f1                _free_node
                0x008004f3                nrk_task_TCB
                0x00800598                next_next_wakeup
                0x0080059a                nrk_sem_list
                0x0080059d                nrk_task_init_cnt
                0x0080059e                nrk_wakeup_signal
                0x0080059f                nrk_high_ready_TCB
                0x008005a1                nrk_cur_task_prio
                0x008005a2                _nrk_cpu_state
                0x008005a3                _head_node
                0x008005a5                nrk_system_time
                0x008005ad                _nrk_resource_cnt
                0x008005ae                nrk_cur_task_TCB
                0x008005b0                nrk_high_ready_prio
                0x008005b1                _nrk_readyQ
 COMMON         0x008005cf        0x1 ../../../src/kernel/source/nrk_scheduler.o
                0x008005cf                t
 COMMON         0x008005d0       0x5f ../../../src/kernel/source/nrk_reserve.o
                0x008005d0                _nrk_reserve
 COMMON         0x0080062f        0x8 ../../../src/kernel/hal/atmega128/nrk_ext_int.o
                0x0080062f                ext_int1_callback
                0x00800631                ext_int0_callback
                0x00800633                ext_int2_callback
                0x00800635                pc_int0_callback
 COMMON         0x00800637        0x5 ../../../src/drivers/platform/micaZ/source/TUM_LKN_Sensorboard_driver.o
                0x00800637                i2cDataLen
                0x00800638                i2cDataDirection
                0x00800639                m_channel
                0x0080063a                i2cDestination
 COMMON         0x0080063c        0x6 c:/winavr-20100110/bin/../lib/gcc/avr/4.3.3/../../../../avr/lib/avr51\libc.a(iob.o)
                0x0080063c                __iob
 COMMON         0x00800642        0x4 c:/winavr-20100110/bin/../lib/gcc/avr/4.3.3/../../../../avr/lib/avr51\libc.a(malloc.o)
                0x00800642                __brkval
                0x00800644                __flp
                0x00800646                PROVIDE (__bss_end, .)
                0x00008ae8                __data_load_start = LOADADDR (.data)
                0x00008cdc                __data_load_end = (__data_load_start + SIZEOF (.data))

.noinit         0x00800646        0x0
                0x00800646                PROVIDE (__noinit_start, .)
 *(.noinit*)
                0x00800646                PROVIDE (__noinit_end, .)
                0x00800646                _end = .
                0x00800646                PROVIDE (__heap_start, .)

.eeprom         0x00810000        0x0
 *(.eeprom*)
                0x00810000                __eeprom_end = .

.fuse
 *(.fuse)
 *(.lfuse)
 *(.hfuse)
 *(.efuse)

.lock
 *(.lock*)

.signature
 *(.signature*)

.stab           0x00000000      0x210
 *(.stab)
 .stab          0x00000000      0x210 ../../../src/kernel/hal/atmega128/atmel_hw_specific.o

.stabstr        0x00000000       0x50
 *(.stabstr)
 .stabstr       0x00000000       0x50 ../../../src/kernel/hal/atmega128/atmel_hw_specific.o

.stab.excl
 *(.stab.excl)

.stab.exclstr
 *(.stab.exclstr)

.stab.index
 *(.stab.index)

.stab.indexstr
 *(.stab.indexstr)

.comment
 *(.comment)

.debug
 *(.debug)

.line
 *(.line)

.debug_srcinfo
 *(.debug_srcinfo)

.debug_sfnames
 *(.debug_sfnames)

.debug_aranges  0x00000000      0x3e0
 *(.debug_aranges)
 .debug_aranges
                0x00000000       0x20 main.o
 .debug_aranges
                0x00000020       0x20 ../../../src/radio/cc2420/source/hal_rf_set_channel.o
 .debug_aranges
                0x00000040       0x20 ../../../src/radio/cc2420/source/hal_rf_wait_for_crystal_oscillator.o
 .debug_aranges
                0x00000060       0x20 ../../../src/radio/cc2420/source/basic_rf.o
 .debug_aranges
                0x00000080       0x20 ../../../src/platform/micaZ/source/ulib.o
 .debug_aranges
                0x000000a0       0x20 ../../../src/platform/micaZ/source/hal_wait.o
 .debug_aranges
                0x000000c0       0x20 ../../../src/platform/micaZ/source/nrk_eeprom.o
 .debug_aranges
                0x000000e0       0x20 ../../../src/kernel/source/nrk.o
 .debug_aranges
                0x00000100       0x20 ../../../src/kernel/source/nrk_error.o
 .debug_aranges
                0x00000120       0x20 ../../../src/kernel/source/nrk_stack_check.o
 .debug_aranges
                0x00000140       0x20 ../../../src/kernel/source/nrk_events.o
 .debug_aranges
                0x00000160       0x20 ../../../src/kernel/source/nrk_task.o
 .debug_aranges
                0x00000180       0x20 ../../../src/kernel/source/nrk_time.o
 .debug_aranges
                0x000001a0       0x20 ../../../src/kernel/source/nrk_idle_task.o
 .debug_aranges
                0x000001c0       0x20 ../../../src/kernel/source/nrk_scheduler.o
 .debug_aranges
                0x000001e0       0x20 ../../../src/kernel/source/nrk_reserve.o
 .debug_aranges
                0x00000200       0x20 ../../../src/kernel/hal/atmega128/nrk_timer.o
 .debug_aranges
                0x00000220       0x20 ../../../src/kernel/hal/atmega128/nrk_status.o
 .debug_aranges
                0x00000240       0x20 ../../../src/kernel/hal/atmega128/nrk_ext_int.o
 .debug_aranges
                0x00000260       0x20 ../../../src/kernel/hal/atmega128/nrk_watchdog.o
 .debug_aranges
                0x00000280       0x20 ../../../src/kernel/hal/atmega128/nrk_cpu.o
 .debug_aranges
                0x000002a0       0x20 ../../../src/drivers/platform/micaZ/source/ad5242.o
 .debug_aranges
                0x000002c0       0x20 ../../../src/drivers/platform/micaZ/source/adc_driver.o
 .debug_aranges
                0x000002e0       0x20 ../../../src/drivers/platform/micaZ/source/i2c_driver.o
 .debug_aranges
                0x00000300       0x20 ../../../src/drivers/platform/micaZ/source/mda100_driver.o
 .debug_aranges
                0x00000320       0x20 ../../../src/drivers/platform/micaZ/source/mts310cb_driver.o
 .debug_aranges
                0x00000340       0x20 ../../../src/drivers/platform/micaZ/source/DS2401.o
 .debug_aranges
                0x00000360       0x20 ../../../src/drivers/platform/micaZ/source/DOGM128-6_Graphicdisplay_driver.o
 .debug_aranges
                0x00000380       0x20 ../../../src/drivers/platform/micaZ/source/eDIP240-7_TouchPanel_driver.o
 .debug_aranges
                0x000003a0       0x20 ../../../src/drivers/platform/micaZ/source/TUM_LKN_Sensorboard_driver.o
 .debug_aranges
                0x000003c0       0x20 c:/winavr-20100110/bin/../lib/gcc/avr/4.3.3/avr51\libgcc.a(_udivdi3.o)

.debug_pubnames
                0x00000000     0x3411
 *(.debug_pubnames)
 .debug_pubnames
                0x00000000      0x13e main.o
 .debug_pubnames
                0x0000013e       0x3b ../../../src/radio/cc2420/source/hal_rf_set_channel.o
 .debug_pubnames
                0x00000179       0x49 ../../../src/radio/cc2420/source/hal_rf_wait_for_crystal_oscillator.o
 .debug_pubnames
                0x000001c2      0x47d ../../../src/radio/cc2420/source/basic_rf.o
 .debug_pubnames
                0x0000063f      0x3d9 ../../../src/platform/micaZ/source/ulib.o
 .debug_pubnames
                0x00000a18       0x33 ../../../src/platform/micaZ/source/hal_wait.o
 .debug_pubnames
                0x00000a4b      0x16a ../../../src/platform/micaZ/source/nrk_eeprom.o
 .debug_pubnames
                0x00000bb5      0x21d ../../../src/kernel/source/nrk.o
 .debug_pubnames
                0x00000dd2      0x15b ../../../src/kernel/source/nrk_stats.o
 .debug_pubnames
                0x00000f2d      0x187 ../../../src/kernel/source/nrk_error.o
 .debug_pubnames
                0x000010b4       0xb1 ../../../src/kernel/source/nrk_stack_check.o
 .debug_pubnames
                0x00001165      0x2ff ../../../src/kernel/source/nrk_events.o
 .debug_pubnames
                0x00001464      0x26d ../../../src/kernel/source/nrk_task.o
 .debug_pubnames
                0x000016d1      0x178 ../../../src/kernel/source/nrk_time.o
 .debug_pubnames
                0x00001849      0x109 ../../../src/kernel/source/nrk_idle_task.o
 .debug_pubnames
                0x00001952      0x1fa ../../../src/kernel/source/nrk_scheduler.o
 .debug_pubnames
                0x00001b4c      0x11e ../../../src/kernel/source/nrk_reserve.o
 .debug_pubnames
                0x00001c6a       0x71 ../../../src/kernel/source/nrk_sw_wdt.o
 .debug_pubnames
                0x00001cdb      0x2f7 ../../../src/kernel/hal/atmega128/nrk_timer.o
 .debug_pubnames
                0x00001fd2       0x3e ../../../src/kernel/hal/atmega128/nrk_status.o
 .debug_pubnames
                0x00002010       0xf3 ../../../src/kernel/hal/atmega128/nrk_ext_int.o
 .debug_pubnames
                0x00002103       0xd0 ../../../src/kernel/hal/atmega128/nrk_watchdog.o
 .debug_pubnames
                0x000021d3      0x282 ../../../src/kernel/hal/atmega128/nrk_cpu.o
 .debug_pubnames
                0x00002455       0x31 ../../../src/drivers/platform/micaZ/source/ad5242.o
 .debug_pubnames
                0x00002486       0x5e ../../../src/drivers/platform/micaZ/source/adc_driver.o
 .debug_pubnames
                0x000024e4       0xb6 ../../../src/drivers/platform/micaZ/source/i2c_driver.o
 .debug_pubnames
                0x0000259a      0x128 ../../../src/drivers/platform/micaZ/source/mda100_driver.o
 .debug_pubnames
                0x000026c2      0x2a3 ../../../src/drivers/platform/micaZ/source/mts310cb_driver.o
 .debug_pubnames
                0x00002965      0x11d ../../../src/drivers/platform/micaZ/source/DS2401.o
 .debug_pubnames
                0x00002a82       0xab ../../../src/drivers/platform/micaZ/source/DOGM128-6_Graphicdisplay_driver.o
 .debug_pubnames
                0x00002b2d      0x1e6 ../../../src/drivers/platform/micaZ/source/eDIP240-7_TouchPanel_driver.o
 .debug_pubnames
                0x00002d13      0x6be ../../../src/drivers/platform/micaZ/source/TUM_LKN_Sensorboard_driver.o
 .debug_pubnames
                0x000033d1       0x20 c:/winavr-20100110/bin/../lib/gcc/avr/4.3.3/avr51\libgcc.a(_udivdi3.o)
 .debug_pubnames
                0x000033f1       0x20 c:/winavr-20100110/bin/../lib/gcc/avr/4.3.3/avr51\libgcc.a(_clz.o)

.debug_info     0x00000000     0x8f43
 *(.debug_info)
 .debug_info    0x00000000      0x44d main.o
 .debug_info    0x0000044d       0xda ../../../src/radio/cc2420/source/hal_rf_set_channel.o
 .debug_info    0x00000527       0xbd ../../../src/radio/cc2420/source/hal_rf_wait_for_crystal_oscillator.o
 .debug_info    0x000005e4      0xd46 ../../../src/radio/cc2420/source/basic_rf.o
 .debug_info    0x0000132a      0x820 ../../../src/platform/micaZ/source/ulib.o
 .debug_info    0x00001b4a       0xc2 ../../../src/platform/micaZ/source/hal_wait.o
 .debug_info    0x00001c0c      0x2da ../../../src/platform/micaZ/source/nrk_eeprom.o
 .debug_info    0x00001ee6      0x682 ../../../src/kernel/source/nrk.o
 .debug_info    0x00002568      0x414 ../../../src/kernel/source/nrk_stats.o
 .debug_info    0x0000297c      0x851 ../../../src/kernel/source/nrk_error.o
 .debug_info    0x000031cd      0x344 ../../../src/kernel/source/nrk_stack_check.o
 .debug_info    0x00003511      0x781 ../../../src/kernel/source/nrk_events.o
 .debug_info    0x00003c92      0x777 ../../../src/kernel/source/nrk_task.o
 .debug_info    0x00004409      0x3e5 ../../../src/kernel/source/nrk_time.o
 .debug_info    0x000047ee      0x1b0 ../../../src/kernel/source/nrk_idle_task.o
 .debug_info    0x0000499e      0x4de ../../../src/kernel/source/nrk_scheduler.o
 .debug_info    0x00004e7c        0x0 ../../../src/kernel/source/nrk_driver.o
 .debug_info    0x00004e7c      0x369 ../../../src/kernel/source/nrk_reserve.o
 .debug_info    0x000051e5      0x103 ../../../src/kernel/source/nrk_sw_wdt.o
 .debug_info    0x000052e8      0x50a ../../../src/kernel/hal/atmega128/nrk_timer.o
 .debug_info    0x000057f2       0xc2 ../../../src/kernel/hal/atmega128/nrk_status.o
 .debug_info    0x000058b4      0x1cf ../../../src/kernel/hal/atmega128/nrk_ext_int.o
 .debug_info    0x00005a83      0x18c ../../../src/kernel/hal/atmega128/nrk_watchdog.o
 .debug_info    0x00005c0f      0x6be ../../../src/kernel/hal/atmega128/nrk_cpu.o
 .debug_info    0x000062cd       0x91 ../../../src/drivers/platform/micaZ/source/ad5242.o
 .debug_info    0x0000635e       0xfd ../../../src/drivers/platform/micaZ/source/adc_driver.o
 .debug_info    0x0000645b      0x1e0 ../../../src/drivers/platform/micaZ/source/i2c_driver.o
 .debug_info    0x0000663b      0x1b7 ../../../src/drivers/platform/micaZ/source/mda100_driver.o
 .debug_info    0x000067f2      0x30c ../../../src/drivers/platform/micaZ/source/mts310cb_driver.o
 .debug_info    0x00006afe      0x5e4 ../../../src/drivers/platform/micaZ/source/DS2401.o
 .debug_info    0x000070e2      0x2d1 ../../../src/drivers/platform/micaZ/source/DOGM128-6_Graphicdisplay_driver.o
 .debug_info    0x000073b3      0x997 ../../../src/drivers/platform/micaZ/source/eDIP240-7_TouchPanel_driver.o
 .debug_info    0x00007d4a      0xa32 ../../../src/drivers/platform/micaZ/source/TUM_LKN_Sensorboard_driver.o
 .debug_info    0x0000877c      0x71e c:/winavr-20100110/bin/../lib/gcc/avr/4.3.3/avr51\libgcc.a(_udivdi3.o)
 .debug_info    0x00008e9a       0xa9 c:/winavr-20100110/bin/../lib/gcc/avr/4.3.3/avr51\libgcc.a(_clz.o)
 *(.gnu.linkonce.wi.*)

.debug_abbrev   0x00000000     0x284a
 *(.debug_abbrev)
 .debug_abbrev  0x00000000      0x148 main.o
 .debug_abbrev  0x00000148       0x86 ../../../src/radio/cc2420/source/hal_rf_set_channel.o
 .debug_abbrev  0x000001ce       0x77 ../../../src/radio/cc2420/source/hal_rf_wait_for_crystal_oscillator.o
 .debug_abbrev  0x00000245      0x2a3 ../../../src/radio/cc2420/source/basic_rf.o
 .debug_abbrev  0x000004e8      0x236 ../../../src/platform/micaZ/source/ulib.o
 .debug_abbrev  0x0000071e       0x77 ../../../src/platform/micaZ/source/hal_wait.o
 .debug_abbrev  0x00000795       0xab ../../../src/platform/micaZ/source/nrk_eeprom.o
 .debug_abbrev  0x00000840      0x1c4 ../../../src/kernel/source/nrk.o
 .debug_abbrev  0x00000a04       0x97 ../../../src/kernel/source/nrk_stats.o
 .debug_abbrev  0x00000a9b      0x210 ../../../src/kernel/source/nrk_error.o
 .debug_abbrev  0x00000cab      0x108 ../../../src/kernel/source/nrk_stack_check.o
 .debug_abbrev  0x00000db3      0x17d ../../../src/kernel/source/nrk_events.o
 .debug_abbrev  0x00000f30      0x211 ../../../src/kernel/source/nrk_task.o
 .debug_abbrev  0x00001141      0x194 ../../../src/kernel/source/nrk_time.o
 .debug_abbrev  0x000012d5       0x9c ../../../src/kernel/source/nrk_idle_task.o
 .debug_abbrev  0x00001371       0xd5 ../../../src/kernel/source/nrk_scheduler.o
 .debug_abbrev  0x00001446        0x1 ../../../src/kernel/source/nrk_driver.o
 .debug_abbrev  0x00001447      0x14f ../../../src/kernel/source/nrk_reserve.o
 .debug_abbrev  0x00001596       0x6c ../../../src/kernel/source/nrk_sw_wdt.o
 .debug_abbrev  0x00001602      0x216 ../../../src/kernel/hal/atmega128/nrk_timer.o
 .debug_abbrev  0x00001818       0x77 ../../../src/kernel/hal/atmega128/nrk_status.o
 .debug_abbrev  0x0000188f       0xb4 ../../../src/kernel/hal/atmega128/nrk_ext_int.o
 .debug_abbrev  0x00001943       0xc1 ../../../src/kernel/hal/atmega128/nrk_watchdog.o
 .debug_abbrev  0x00001a04      0x143 ../../../src/kernel/hal/atmega128/nrk_cpu.o
 .debug_abbrev  0x00001b47       0x65 ../../../src/drivers/platform/micaZ/source/ad5242.o
 .debug_abbrev  0x00001bac       0xb6 ../../../src/drivers/platform/micaZ/source/adc_driver.o
 .debug_abbrev  0x00001c62       0xe0 ../../../src/drivers/platform/micaZ/source/i2c_driver.o
 .debug_abbrev  0x00001d42       0xf3 ../../../src/drivers/platform/micaZ/source/mda100_driver.o
 .debug_abbrev  0x00001e35       0xb3 ../../../src/drivers/platform/micaZ/source/mts310cb_driver.o
 .debug_abbrev  0x00001ee8      0x170 ../../../src/drivers/platform/micaZ/source/DS2401.o
 .debug_abbrev  0x00002058      0x172 ../../../src/drivers/platform/micaZ/source/DOGM128-6_Graphicdisplay_driver.o
 .debug_abbrev  0x000021ca      0x285 ../../../src/drivers/platform/micaZ/source/eDIP240-7_TouchPanel_driver.o
 .debug_abbrev  0x0000244f      0x210 ../../../src/drivers/platform/micaZ/source/TUM_LKN_Sensorboard_driver.o
 .debug_abbrev  0x0000265f      0x181 c:/winavr-20100110/bin/../lib/gcc/avr/4.3.3/avr51\libgcc.a(_udivdi3.o)
 .debug_abbrev  0x000027e0       0x6a c:/winavr-20100110/bin/../lib/gcc/avr/4.3.3/avr51\libgcc.a(_clz.o)

.debug_line     0x00000000     0x6ff6
 *(.debug_line)
 .debug_line    0x00000000      0x36c main.o
 .debug_line    0x0000036c      0x11c ../../../src/radio/cc2420/source/hal_rf_set_channel.o
 .debug_line    0x00000488      0x11c ../../../src/radio/cc2420/source/hal_rf_wait_for_crystal_oscillator.o
 .debug_line    0x000005a4      0xca9 ../../../src/radio/cc2420/source/basic_rf.o
 .debug_line    0x0000124d      0x54d ../../../src/platform/micaZ/source/ulib.o
 .debug_line    0x0000179a      0x10c ../../../src/platform/micaZ/source/hal_wait.o
 .debug_line    0x000018a6      0x245 ../../../src/platform/micaZ/source/nrk_eeprom.o
 .debug_line    0x00001aeb      0x422 ../../../src/kernel/source/nrk.o
 .debug_line    0x00001f0d      0x109 ../../../src/kernel/source/nrk_stats.o
 .debug_line    0x00002016      0x59c ../../../src/kernel/source/nrk_error.o
 .debug_line    0x000025b2      0x249 ../../../src/kernel/source/nrk_stack_check.o
 .debug_line    0x000027fb      0x54f ../../../src/kernel/source/nrk_events.o
 .debug_line    0x00002d4a      0x72b ../../../src/kernel/source/nrk_task.o
 .debug_line    0x00003475      0x31b ../../../src/kernel/source/nrk_time.o
 .debug_line    0x00003790      0x1ba ../../../src/kernel/source/nrk_idle_task.o
 .debug_line    0x0000394a      0x428 ../../../src/kernel/source/nrk_scheduler.o
 .debug_line    0x00003d72       0x24 ../../../src/kernel/source/nrk_driver.o
 .debug_line    0x00003d96      0x319 ../../../src/kernel/source/nrk_reserve.o
 .debug_line    0x000040af       0xe8 ../../../src/kernel/source/nrk_sw_wdt.o
 .debug_line    0x00004197      0x4f8 ../../../src/kernel/hal/atmega128/nrk_timer.o
 .debug_line    0x0000468f      0x145 ../../../src/kernel/hal/atmega128/nrk_status.o
 .debug_line    0x000047d4      0x15e ../../../src/kernel/hal/atmega128/nrk_ext_int.o
 .debug_line    0x00004932      0x1d4 ../../../src/kernel/hal/atmega128/nrk_watchdog.o
 .debug_line    0x00004b06      0x329 ../../../src/kernel/hal/atmega128/nrk_cpu.o
 .debug_line    0x00004e2f       0xcf ../../../src/drivers/platform/micaZ/source/ad5242.o
 .debug_line    0x00004efe      0x119 ../../../src/drivers/platform/micaZ/source/adc_driver.o
 .debug_line    0x00005017      0x1df ../../../src/drivers/platform/micaZ/source/i2c_driver.o
 .debug_line    0x000051f6      0x230 ../../../src/drivers/platform/micaZ/source/mda100_driver.o
 .debug_line    0x00005426      0x3ce ../../../src/drivers/platform/micaZ/source/mts310cb_driver.o
 .debug_line    0x000057f4      0x3a9 ../../../src/drivers/platform/micaZ/source/DS2401.o
 .debug_line    0x00005b9d      0x46f ../../../src/drivers/platform/micaZ/source/DOGM128-6_Graphicdisplay_driver.o
 .debug_line    0x0000600c      0x598 ../../../src/drivers/platform/micaZ/source/eDIP240-7_TouchPanel_driver.o
 .debug_line    0x000065a4      0x7fe ../../../src/drivers/platform/micaZ/source/TUM_LKN_Sensorboard_driver.o
 .debug_line    0x00006da2      0x1d8 c:/winavr-20100110/bin/../lib/gcc/avr/4.3.3/avr51\libgcc.a(_udivdi3.o)
 .debug_line    0x00006f7a       0x7c c:/winavr-20100110/bin/../lib/gcc/avr/4.3.3/avr51\libgcc.a(_clz.o)

.debug_frame    0x00000000     0x1500
 *(.debug_frame)
 .debug_frame   0x00000000       0x60 main.o
 .debug_frame   0x00000060       0x20 ../../../src/radio/cc2420/source/hal_rf_set_channel.o
 .debug_frame   0x00000080       0x20 ../../../src/radio/cc2420/source/hal_rf_wait_for_crystal_oscillator.o
 .debug_frame   0x000000a0      0x280 ../../../src/radio/cc2420/source/basic_rf.o
 .debug_frame   0x00000320      0x160 ../../../src/platform/micaZ/source/ulib.o
 .debug_frame   0x00000480       0x20 ../../../src/platform/micaZ/source/hal_wait.o
 .debug_frame   0x000004a0       0xb0 ../../../src/platform/micaZ/source/nrk_eeprom.o
 .debug_frame   0x00000550       0x90 ../../../src/kernel/source/nrk.o
 .debug_frame   0x000005e0       0xb0 ../../../src/kernel/source/nrk_error.o
 .debug_frame   0x00000690       0x40 ../../../src/kernel/source/nrk_stack_check.o
 .debug_frame   0x000006d0       0xe0 ../../../src/kernel/source/nrk_events.o
 .debug_frame   0x000007b0      0x110 ../../../src/kernel/source/nrk_task.o
 .debug_frame   0x000008c0       0x90 ../../../src/kernel/source/nrk_time.o
 .debug_frame   0x00000950       0x20 ../../../src/kernel/source/nrk_idle_task.o
 .debug_frame   0x00000970       0x20 ../../../src/kernel/source/nrk_scheduler.o
 .debug_frame   0x00000990       0x80 ../../../src/kernel/source/nrk_reserve.o
 .debug_frame   0x00000a10      0x180 ../../../src/kernel/hal/atmega128/nrk_timer.o
 .debug_frame   0x00000b90       0x20 ../../../src/kernel/hal/atmega128/nrk_status.o
 .debug_frame   0x00000bb0       0x50 ../../../src/kernel/hal/atmega128/nrk_ext_int.o
 .debug_frame   0x00000c00       0x50 ../../../src/kernel/hal/atmega128/nrk_watchdog.o
 .debug_frame   0x00000c50       0xa0 ../../../src/kernel/hal/atmega128/nrk_cpu.o
 .debug_frame   0x00000cf0       0x30 ../../../src/drivers/platform/micaZ/source/ad5242.o
 .debug_frame   0x00000d20       0x50 ../../../src/drivers/platform/micaZ/source/adc_driver.o
 .debug_frame   0x00000d70       0xa0 ../../../src/drivers/platform/micaZ/source/i2c_driver.o
 .debug_frame   0x00000e10       0x90 ../../../src/drivers/platform/micaZ/source/mda100_driver.o
 .debug_frame   0x00000ea0      0x140 ../../../src/drivers/platform/micaZ/source/mts310cb_driver.o
 .debug_frame   0x00000fe0       0x90 ../../../src/drivers/platform/micaZ/source/DS2401.o
 .debug_frame   0x00001070       0x60 ../../../src/drivers/platform/micaZ/source/DOGM128-6_Graphicdisplay_driver.o
 .debug_frame   0x000010d0       0xd0 ../../../src/drivers/platform/micaZ/source/eDIP240-7_TouchPanel_driver.o
 .debug_frame   0x000011a0      0x340 ../../../src/drivers/platform/micaZ/source/TUM_LKN_Sensorboard_driver.o
 .debug_frame   0x000014e0       0x20 c:/winavr-20100110/bin/../lib/gcc/avr/4.3.3/avr51\libgcc.a(_udivdi3.o)

.debug_str      0x00000000     0x2b72
 *(.debug_str)
 .debug_str     0x00000000      0x1ff main.o
                                0x26c (size before relaxing)
 .debug_str     0x000001ff       0x46 ../../../src/radio/cc2420/source/hal_rf_set_channel.o
                                0x138 (size before relaxing)
 .debug_str     0x00000245       0x72 ../../../src/radio/cc2420/source/hal_rf_wait_for_crystal_oscillator.o
                                0x153 (size before relaxing)
 .debug_str     0x000002b7      0x44c ../../../src/radio/cc2420/source/basic_rf.o
                                0x633 (size before relaxing)
 .debug_str     0x00000703      0x32e ../../../src/platform/micaZ/source/ulib.o
                                0x45d (size before relaxing)
 .debug_str     0x00000a31       0x36 ../../../src/platform/micaZ/source/hal_wait.o
                                0x120 (size before relaxing)
 .debug_str     0x00000a67      0x142 ../../../src/platform/micaZ/source/nrk_eeprom.o
                                0x27b (size before relaxing)
 .debug_str     0x00000ba9      0x275 ../../../src/kernel/source/nrk.o
                                0x48f (size before relaxing)
 .debug_str     0x00000e1e       0x27 ../../../src/kernel/source/nrk_stats.o
                                0x389 (size before relaxing)
 .debug_str     0x00000e45       0xd4 ../../../src/kernel/source/nrk_error.o
                                0x39d (size before relaxing)
 .debug_str     0x00000f19       0x66 ../../../src/kernel/source/nrk_stack_check.o
                                0x2b9 (size before relaxing)
 .debug_str     0x00000f7f      0x153 ../../../src/kernel/source/nrk_events.o
                                0x523 (size before relaxing)
 .debug_str     0x000010d2      0x17a ../../../src/kernel/source/nrk_task.o
                                0x4f9 (size before relaxing)
 .debug_str     0x0000124c       0xbd ../../../src/kernel/source/nrk_time.o
                                0x275 (size before relaxing)
 .debug_str     0x00001309       0x39 ../../../src/kernel/source/nrk_idle_task.o
                                0x1d8 (size before relaxing)
 .debug_str     0x00001342       0x55 ../../../src/kernel/source/nrk_scheduler.o
                                0x425 (size before relaxing)
 .debug_str     0x00001397      0x11e ../../../src/kernel/source/nrk_reserve.o
                                0x283 (size before relaxing)
 .debug_str     0x000014b5       0x28 ../../../src/kernel/source/nrk_sw_wdt.o
                                0x14b (size before relaxing)